Component: ARM Compiler 5.05 update 2 (build 169) Tool: armlink [4d0f33]

==============================================================================

Section Cross References

    main.o(i.AppObjCreate) refers to queue.o(i.xQueueCreateMutex) for xQueueCreateMutex
    main.o(i.AppObjCreate) refers to printfa.o(i.__0printf) for __2printf
    main.o(i.AppObjCreate) refers to main.o(.data) for xMutex
    main.o(i.AppTaskCreate) refers to tasks.o(i.xTaskGenericCreate) for xTaskGenericCreate
    main.o(i.AppTaskCreate) refers to task_app.o(.data) for xHandleTask_App
    main.o(i.AppTaskCreate) refers to task_app.o(i.Task_App) for Task_App
    main.o(i.AppTaskCreate) refers to task_upper_computer.o(.data) for xHandleTask_Upper_Computer
    main.o(i.AppTaskCreate) refers to task_upper_computer.o(i.Task_Upper_Computer) for Task_Upper_Computer
    main.o(i.AppTaskCreate) refers to task_hardware_monitor.o(.data) for xHandleTask_Hardware_Monitor
    main.o(i.AppTaskCreate) refers to task_hardware_monitor.o(i.Task_Hardware_Monitor) for Task_Hardware_Monitor
    main.o(i.AppTaskCreate) refers to task_mt2000.o(.data) for xHandleTask_MT2000
    main.o(i.AppTaskCreate) refers to task_mt2000.o(i.Task_MT2000) for Task_MT2000
    main.o(i.AppTaskCreate) refers to task_th.o(.data) for xHandleTask_TH
    main.o(i.AppTaskCreate) refers to task_th.o(i.Task_TH) for Task_TH
    main.o(i.AppTaskCreate) refers to task_alarm.o(.data) for xHandleTask_Alarm
    main.o(i.AppTaskCreate) refers to task_alarm.o(i.Task_Alarm) for Task_Alarm
    main.o(i.System_Status_Clean) refers to memseta.o(.text) for __aeabi_memset
    main.o(i.System_Status_Clean) refers to main.o(.bss) for System
    main.o(i.System_Status_Display) refers to bsp.o(i.App_printf) for App_printf
    main.o(i.System_Status_Display) refers to f2d.o(.text) for __aeabi_f2d
    main.o(i.System_Status_Display) refers to firmware_update.o(i.Get_Application_Address) for Get_Application_Address
    main.o(i.System_Status_Display) refers to stm32f10x_rtc.o(i.RTC_GetCounter) for RTC_GetCounter
    main.o(i.System_Status_Display) refers to bsp_rtc.o(i.Time_Printf) for Time_Printf
    main.o(i.System_Status_Display) refers to main.o(.bss) for System
    main.o(i.System_Status_Display) refers to main.o(.data) for g_stamp_distance
    main.o(i.System_Status_Init) refers to main.o(i.System_Status_Clean) for System_Status_Clean
    main.o(i.System_Status_Init) refers to main.o(.bss) for System
    main.o(i.System_Status_Update) refers to my_protocol.o(i.update_system_power_level) for update_system_power_level
    main.o(i.System_Status_Update) refers to my_protocol.o(i.old2new_power_level) for old2new_power_level
    main.o(i.System_Status_Update) refers to memseta.o(.text) for __aeabi_memset
    main.o(i.System_Status_Update) refers to strlen.o(.text) for strlen
    main.o(i.System_Status_Update) refers to memcpya.o(.text) for __aeabi_memcpy
    main.o(i.System_Status_Update) refers to dflti.o(.text) for __aeabi_i2d
    main.o(i.System_Status_Update) refers to ddiv.o(.text) for __aeabi_ddiv
    main.o(i.System_Status_Update) refers to d2f.o(.text) for __aeabi_d2f
    main.o(i.System_Status_Update) refers to stand_wave_rate.o(i.get_Standing_wave_ratio) for get_Standing_wave_ratio
    main.o(i.System_Status_Update) refers to fflti.o(.text) for __aeabi_i2f
    main.o(i.System_Status_Update) refers to f2d.o(.text) for __aeabi_f2d
    main.o(i.System_Status_Update) refers to mt2000_protocol.o(.bss) for MT2000_Rx
    main.o(i.System_Status_Update) refers to main.o(.bss) for System
    main.o(i.main) refers to firmware_update.o(i.Set_Vector_Table) for Set_Vector_Table
    main.o(i.main) refers to bsp.o(i.bsp_Init) for bsp_Init
    main.o(i.main) refers to main.o(i.AppObjCreate) for AppObjCreate
    main.o(i.main) refers to main.o(i.System_Status_Init) for System_Status_Init
    main.o(i.main) refers to alarm.o(i.clean_all_alarm_flags) for clean_all_alarm_flags
    main.o(i.main) refers to mt2000_protocol.o(i.MT2000_Init) for MT2000_Init
    main.o(i.main) refers to firmware_update.o(i.APP_Version_Read) for APP_Version_Read
    main.o(i.main) refers to bsp.o(i.App_printf) for App_printf
    main.o(i.main) refers to firmware_update.o(i.Get_APP_Version) for Get_APP_Version
    main.o(i.main) refers to firmware_update.o(i.Get_Application_Address) for Get_Application_Address
    main.o(i.main) refers to bsp_rtc.o(i.RTC_CheckAndConfig) for RTC_CheckAndConfig
    main.o(i.main) refers to stm32f10x_rtc.o(i.RTC_GetCounter) for RTC_GetCounter
    main.o(i.main) refers to bsp_rtc.o(i.update_RTCtime) for update_RTCtime
    main.o(i.main) refers to bsp_internal_flash.o(i.Flash_to_AcceptAPP) for Flash_to_AcceptAPP
    main.o(i.main) refers to bsp_internal_flash.o(i.Flash2_to_AcceptAPP) for Flash2_to_AcceptAPP
    main.o(i.main) refers to bsp_internal_flash.o(i.Flash3_to_AcceptAPP) for Flash3_to_AcceptAPP
    main.o(i.main) refers to can.o(i.CAN_Mode_Init) for CAN_Mode_Init
[...]
    PendSV_Handler                           0x08002191   Thumb Code    64  port.o(.emb_text)
    ulPortSetInterruptMask                   0x080021d5   Thumb Code    14  port.o(.emb_text)
    vPortClearInterruptMask                  0x080021e3   Thumb Code     6  port.o(.emb_text)
    vPortGetIPSR                             0x080021e9   Thumb Code     6  port.o(.emb_text)
    Reset_Handler                            0x080021f1   Thumb Code     8  startup_stm32f10x_hd.o(.text)
    ADC1_2_IRQHandler                        0x0800220b   Thumb Code     0  startup_stm32f10x_hd.o(.text)
    ADC3_IRQHandler                          0x0800220b   Thumb Code     0  startup_stm32f10x_hd.o(.text)
    CAN1_RX1_IRQHandler                      0x0800220b   Thumb Code     0  startup_stm32f10x_hd.o(.text)
    CAN1_SCE_IRQHandler                      0x0800220b   Thumb Code     0  startup_stm32f10x_hd.o(.text)
    DMA1_Channel1_IRQHandler                 0x0800220b   Thumb Code     0  startup_stm32f10x_hd.o(.text)
    DMA1_Channel2_IRQHandler                 0x0800220b   Thumb Code     0  startup_stm32f10x_hd.o(.text)
    DMA1_Channel3_IRQHandler                 0x0800220b   Thumb Code     0  startup_stm32f10x_hd.o(.text)
    DMA1_Channel4_IRQHandler                 0x0800220b   Thumb Code     0  startup_stm32f10x_hd.o(.text)
    DMA1_Channel5_IRQHandler                 0x0800220b   Thumb Code     0  startup_stm32f10x_hd.o(.text)
    DMA1_Channel6_IRQHandler                 0x0800220b   Thumb Code     0  startup_stm32f10x_hd.o(.text)
    DMA1_Channel7_IRQHandler                 0x0800220b   Thumb Code     0  startup_stm32f10x_hd.o(.text)
    DMA2_Channel1_IRQHandler                 0x0800220b   Thumb Code     0  startup_stm32f10x_hd.o(.text)
    DMA2_Channel2_IRQHandler                 0x0800220b   Thumb Code     0  startup_stm32f10x_hd.o(.text)
    DMA2_Channel3_IRQHandler                 0x0800220b   Thumb Code     0  startup_stm32f10x_hd.o(.text)
    DMA2_Channel4_5_IRQHandler               0x0800220b   Thumb Code     0  startup_stm32f10x_hd.o(.text)
    EXTI0_IRQHandler                         0x0800220b   Thumb Code     0  startup_stm32f10x_hd.o(.text)
    EXTI15_10_IRQHandler                     0x0800220b   Thumb Code     0  startup_stm32f10x_hd.o(.text)
    EXTI1_IRQHandler                         0x0800220b   Thumb Code     0  startup_stm32f10x_hd.o(.text)
    EXTI2_IRQHandler                         0x0800220b   Thumb Code     0  startup_stm32f10x_hd.o(.text)
    EXTI3_IRQHandler                         0x0800220b   Thumb Code     0  startup_stm32f10x_hd.o(.text)
    EXTI4_IRQHandler                         0x0800220b   Thumb Code     0  startup_stm32f10x_hd.o(.text)
    EXTI9_5_IRQHandler                       0x0800220b   Thumb Code     0  startup_stm32f10x_hd.o(.text)
    FLASH_IRQHandler                         0x0800220b   Thumb Code     0  startup_stm32f10x_hd.o(.text)
    FSMC_IRQHandler                          0x0800220b   Thumb Code     0  startup_stm32f10x_hd.o(.text)
    I2C1_ER_IRQHandler                       0x0800220b   Thumb Code     0  startup_stm32f10x_hd.o(.text)
    I2C1_EV_IRQHandler                       0x0800220b   Thumb Code     0  startup_stm32f10x_hd.o(.text)
    I2C2_ER_IRQHandler                       0x0800220b   Thumb Code     0  startup_stm32f10x_hd.o(.text)
    I2C2_EV_IRQHandler                       0x0800220b   Thumb Code     0  startup_stm32f10x_hd.o(.text)
    PVD_IRQHandler                           0x0800220b   Thumb Code     0  startup_stm32f10x_hd.o(.text)
    RCC_IRQHandler                           0x0800220b   Thumb Code     0  startup_stm32f10x_hd.o(.text)
    RTCAlarm_IRQHandler                      0x0800220b   Thumb Code     0  startup_stm32f10x_hd.o(.text)
    SDIO_IRQHandler                          0x0800220b   Thumb Code     0  startup_stm32f10x_hd.o(.text)
    SPI1_IRQHandler                          0x0800220b   Thumb Code     0  startup_stm32f10x_hd.o(.text)
    SPI2_IRQHandler                          0x0800220b   Thumb Code     0  startup_stm32f10x_hd.o(.text)
    SPI3_IRQHandler                          0x0800220b   Thumb Code     0  startup_stm32f10x_hd.o(.text)
    TAMPER_IRQHandler                        0x0800220b   Thumb Code     0  startup_stm32f10x_hd.o(.text)
    TIM1_BRK_IRQHandler                      0x0800220b   Thumb Code     0  startup_stm32f10x_hd.o(.text)
    TIM1_CC_IRQHandler                       0x0800220b   Thumb Code     0  startup_stm32f10x_hd.o(.text)
    TIM1_TRG_COM_IRQHandler                  0x0800220b   Thumb Code     0  startup_stm32f10x_hd.o(.text)
    TIM1_UP_IRQHandler                       0x0800220b   Thumb Code     0  startup_stm32f10x_hd.o(.text)
    TIM2_IRQHandler                          0x0800220b   Thumb Code     0  startup_stm32f10x_hd.o(.text)
    TIM3_IRQHandler                          0x0800220b   Thumb Code     0  startup_stm32f10x_hd.o(.text)
    TIM4_IRQHandler                          0x0800220b   Thumb Code     0  startup_stm32f10x_hd.o(.text)
    TIM5_IRQHandler                          0x0800220b   Thumb Code     0  startup_stm32f10x_hd.o(.text)
    TIM6_IRQHandler                          0x0800220b   Thumb Code     0  startup_stm32f10x_hd.o(.text)
    TIM7_IRQHandler                          0x0800220b   Thumb Code     0  startup_stm32f10x_hd.o(.text)
    TIM8_BRK_IRQHandler                      0x0800220b   Thumb Code     0  startup_stm32f10x_hd.o(.text)
    TIM8_CC_IRQHandler                       0x0800220b   Thumb Code     0  startup_stm32f10x_hd.o(.text)
    TIM8_TRG_COM_IRQHandler                  0x0800220b   Thumb Code     0  startup_stm32f10x_hd.o(.text)
    TIM8_UP_IRQHandler                       0x0800220b   Thumb Code     0  startup_stm32f10x_hd.o(.text)
    USART3_IRQHandler                        0x0800220b   Thumb Code     0  startup_stm32f10x_hd.o(.text)
    USBWakeUp_IRQHandler                     0x0800220b   Thumb Code     0  startup_stm32f10x_hd.o(.text)
    USB_HP_CAN1_TX_IRQHandler                0x0800220b   Thumb Code     0  startup_stm32f10x_hd.o(.text)
    WWDG_IRQHandler                          0x0800220b   Thumb Code     0  startup_stm32f10x_hd.o(.text)
    __aeabi_memcpy                           0x08002215   Thumb Code    36  memcpya.o(.text)
    __aeabi_memcpy4                          0x08002215   Thumb Code     0  memcpya.o(.text)
    __aeabi_memcpy8                          0x08002215   Thumb Code     0  memcpya.o(.text)
    __aeabi_memset                           0x08002239   Thumb Code    14  memseta.o(.text)
    __aeabi_memset4                          0x08002239   Thumb Code     0  memseta.o(.text)
    __aeabi_memset8                          0x08002239   Thumb Code     0  memseta.o(.text)
    __aeabi_memclr                           0x08002247   Thumb Code     4  memseta.o(.text)
    __aeabi_memclr4                          0x08002247   Thumb Code     0  memseta.o(.text)
    __aeabi_memclr8                          0x08002247   Thumb Code     0  memseta.o(.text)
    _memset$wrapper                          0x0800224b   Thumb Code    18  memseta.o(.text)
    strlen                                   0x0800225d   Thumb Code    14  strlen.o(.text)
    strcmp                                   0x0800226b   Thumb Code    28  strcmp.o(.text)
    memcmp                                   0x08002287   Thumb Code    26  memcmp.o(.text)
    strncmp                                  0x080022a1   Thumb Code    30  strncmp.o(.text)
    __0sscanf                                0x080022c1   Thumb Code    48  __0sscanf.o(.text)
    _scanf_string                            0x080022f9   Thumb Code   224  _scanf_str.o(.text)
    __aeabi_fadd                             0x080023d9   Thumb Code   164  fadd.o(.text)
    __aeabi_fsub                             0x0800247d   Thumb Code     6  fadd.o(.text)
    __aeabi_frsub                            0x08002483   Thumb Code     6  fadd.o(.text)
    __aeabi_fmul                             0x08002489   Thumb Code   100  fmul.o(.text)
    __aeabi_fdiv                             0x080024ed   Thumb Code   124  fdiv.o(.text)
    __aeabi_dadd                             0x08002569   Thumb Code   322  dadd.o(.text)
    __aeabi_dsub                             0x080026ab   Thumb Code     6  dadd.o(.text)
    __aeabi_drsub                            0x080026b1   Thumb Code     6  dadd.o(.text)
    __aeabi_dmul                             0x080026b7   Thumb Code   228  dmul.o(.text)
    __aeabi_ddiv                             0x0800279b   Thumb Code   222  ddiv.o(.text)
    __aeabi_i2f                              0x08002879   Thumb Code    18  fflti.o(.text)
    __aeabi_i2d                              0x0800288b   Thumb Code    34  dflti.o(.text)
    __aeabi_ui2d                             0x080028ad   Thumb Code    26  dfltui.o(.text)
    __aeabi_f2iz                             0x080028c7   Thumb Code    50  ffixi.o(.text)
    __aeabi_d2iz                             0x080028f9   Thumb Code    62  dfixi.o(.text)
    __aeabi_f2d                              0x08002937   Thumb Code    38  f2d.o(.text)
    __aeabi_cdcmpeq                          0x0800295d   Thumb Code     0  cdcmple.o(.text)
    __aeabi_cdcmple                          0x0800295d   Thumb Code    48  cdcmple.o(.text)
    __aeabi_cdrcmple                         0x0800298d   Thumb Code    48  cdrcmple.o(.text)
    __aeabi_d2f                              0x080029bd   Thumb Code    56  d2f.o(.text)
    __aeabi_cfcmpeq                          0x080029f5   Thumb Code     0  cfcmple.o(.text)
    __aeabi_cfcmple                          0x080029f5   Thumb Code    20  cfcmple.o(.text)
    __aeabi_cfrcmple                         0x08002a09   Thumb Code    20  cfrcmple.o(.text)
    __aeabi_uidiv                            0x08002a1d   Thumb Code     0  uidiv.o(.text)
    __aeabi_uidivmod                         0x08002a1d   Thumb Code    44  uidiv.o(.text)
    __aeabi_uldivmod                         0x08002a49   Thumb Code    98  uldiv.o(.text)
    __aeabi_llsl                             0x08002aab   Thumb Code    30  llshl.o(.text)
    _ll_shift_l                              0x08002aab   Thumb Code     0  llshl.o(.text)
    __aeabi_llsr                             0x08002ac9   Thumb Code    32  llushr.o(.text)
    _ll_ushift_r                             0x08002ac9   Thumb Code     0  llushr.o(.text)
    __aeabi_lasr                             0x08002ae9   Thumb Code    36  llsshr.o(.text)
    _ll_sshift_r                             0x08002ae9   Thumb Code     0  llsshr.o(.text)
    __vfscanf_char                           0x08002b19   Thumb Code    20  scanf_char.o(.text)
    _sgetc                                   0x08002b35   Thumb Code    30  _sgetc.o(.text)
    _sbackspace                              0x08002b53   Thumb Code    34  _sgetc.o(.text)
    __I$use$fp                               0x08002b75   Thumb Code     0  iusefp.o(.text)
    _float_round                             0x08002b75   Thumb Code    18  fepilogue.o(.text)
    _float_epilogue                          0x08002b87   Thumb Code    92  fepilogue.o(.text)
    _double_round                            0x08002be3   Thumb Code    30  depilogue.o(.text)
    _double_epilogue                         0x08002c01   Thumb Code   156  depilogue.o(.text)
    _dsqrt                                   0x08002c9d   Thumb Code   162  dsqrt.o(.text)
    __aeabi_d2ulz                            0x08002d3f   Thumb Code    48  dfixul.o(.text)
    __scatterload                            0x08002d71   Thumb Code    28  init.o(.text)
    __scatterload_rt2                        0x08002d71   Thumb Code     0  init.o(.text)
    isspace                                  0x08002d95   Thumb Code    10  isspace_c.o(.text)
    __vfscanf                                0x08002da1   Thumb Code   808  _scanf.o(.text)
    __ctype_lookup                           0x080030cd   Thumb Code    34  ctype_c.o(.text)
    __decompress                             0x080030f5   Thumb Code     0  __dczerorl2.o(.text)
    __decompress1                            0x080030f5   Thumb Code    86  __dczerorl2.o(.text)
    APP_Version_Read                         0x0800314b   Thumb Code    32  firmware_update.o(i.APP_Version_Read)
    APP_Version_Write                        0x0800316b   Thumb Code    28  firmware_update.o(i.APP_Version_Write)
    App_printf                               0x08003305   Thumb Code    68  bsp.o(i.App_printf)
    BCC_Check_Sum                            0x08003351   Thumb Code    30  mt2000_protocol.o(i.BCC_Check_Sum)
    BKP_DeInit                               0x0800336f   Thumb Code    16  stm32f10x_bkp.o(i.BKP_DeInit)
    BKP_ReadBackupRegister                   0x08003381   Thumb Code    24  stm32f10x_bkp.o(i.BKP_ReadBackupRegister)
    BKP_WriteBackupRegister                  0x0800339d   Thumb Code    22  stm32f10x_bkp.o(i.BKP_WriteBackupRegister)
    Band_scan                                0x080033b9   Thumb Code  1866  my_protocol.o(i.Band_scan)
    BootLoad_Jump                            0x08003c71   Thumb Code    36  firmware_update.o(i.BootLoad_Jump)
    BusFault_Handler                         0x08003c99   Thumb Code     4  stm32f10x_it.o(i.BusFault_Handler)
    CAN_FilterInit                           0x08003c9d   Thumb Code   258  stm32f10x_can.o(i.CAN_FilterInit)
    CAN_ITConfig                             0x08003da5   Thumb Code    18  stm32f10x_can.o(i.CAN_ITConfig)
    CAN_Init                                 0x08003db7   Thumb Code   276  stm32f10x_can.o(i.CAN_Init)
    CAN_Mode_Init                            0x08003ecd   Thumb Code   272  can.o(i.CAN_Mode_Init)
    CAN_Receive                              0x08003fed   Thumb Code   240  stm32f10x_can.o(i.CAN_Receive)
    CAN_Transmit                             0x080040dd   Thumb Code   294  stm32f10x_can.o(i.CAN_Transmit)
    CAN_TransmitStatus                       0x08004205   Thumb Code   138  stm32f10x_can.o(i.CAN_TransmitStatus)
    CAN_data_analyze                         0x080042a5   Thumb Code   154  my_protocol.o(i.CAN_data_analyze)
    CRC16_XMODEM                             0x080043d5   Thumb Code    36  crc16.o(i.CRC16_XMODEM)
    Can_Send_Msg                             0x080043f9   Thumb Code   154  can.o(i.Can_Send_Msg)
    ComToUart                                0x08004661   Thumb Code    44  bsp_uart_fifo.o(i.ComToUart)
    Data_Assemble                            0x08004719   Thumb Code   240  my_protocol.o(i.Data_Assemble)
    Data_Storage                             0x0800481d   Thumb Code  1284  my_protocol.o(i.Data_Storage)
    DebugMon_Handler                         0x08004d21   Thumb Code     2  stm32f10x_it.o(i.DebugMon_Handler)
    FLASH_ClearFlag                          0x08004d25   Thumb Code     6  stm32f10x_flash.o(i.FLASH_ClearFlag)
    FLASH_ErasePage                          0x08004d31   Thumb Code    72  stm32f10x_flash.o(i.FLASH_ErasePage)
    FLASH_GetBank1Status                     0x08004d7d   Thumb Code    48  stm32f10x_flash.o(i.FLASH_GetBank1Status)
    FLASH_Lock                               0x08004db1   Thumb Code    14  stm32f10x_flash.o(i.FLASH_Lock)
    FLASH_ProgramHalfWord                    0x08004dc5   Thumb Code    60  stm32f10x_flash.o(i.FLASH_ProgramHalfWord)
    FLASH_ProgramWord                        0x08004e05   Thumb Code   102  stm32f10x_flash.o(i.FLASH_ProgramWord)
    FLASH_Read                               0x08004e71   Thumb Code    32  firmware_update.o(i.FLASH_Read)
    FLASH_ReadHalfWord                       0x08004e91   Thumb Code     8  firmware_update.o(i.FLASH_ReadHalfWord)
    FLASH_Unlock                             0x08004e99   Thumb Code    12  stm32f10x_flash.o(i.FLASH_Unlock)
    FLASH_WaitForLastOperation               0x08004eb1   Thumb Code    38  stm32f10x_flash.o(i.FLASH_WaitForLastOperation)
    Flash2_to_AcceptAPP                      0x08004ed9   Thumb Code   426  bsp_internal_flash.o(i.Flash2_to_AcceptAPP)
    Flash3_to_AcceptAPP                      0x080050e1   Thumb Code    22  bsp_internal_flash.o(i.Flash3_to_AcceptAPP)
    Flash_Read_Run_Diagram                   0x08005105   Thumb Code   142  bsp_internal_flash.o(i.Flash_Read_Run_Diagram)
    Flash_Save_Run_Diagram                   0x080051d5   Thumb Code   364  bsp_internal_flash.o(i.Flash_Save_Run_Diagram)
    Flash_Write                              0x08005349   Thumb Code   158  firmware_update.o(i.Flash_Write)
    Flash_to_AcceptAPP                       0x080053e9   Thumb Code   106  bsp_internal_flash.o(i.Flash_to_AcceptAPP)
    GPIO_Init                                0x0800546d   Thumb Code   278  stm32f10x_gpio.o(i.GPIO_Init)
    GPIO_PinRemapConfig                      0x08005585   Thumb Code   138  stm32f10x_gpio.o(i.GPIO_PinRemapConfig)
    GPIO_ResetBits                           0x08005615   Thumb Code     4  stm32f10x_gpio.o(i.GPIO_ResetBits)
    GPIO_SetBits                             0x08005619   Thumb Code     4  stm32f10x_gpio.o(i.GPIO_SetBits)
    Get_APP_Version                          0x0800561d   Thumb Code   100  firmware_update.o(i.Get_APP_Version)
    Get_Application_Address                  0x0800568d   Thumb Code    18  firmware_update.o(i.Get_Application_Address)
    Get_CAN_Data                             0x080056a9   Thumb Code   152  my_protocol.o(i.Get_CAN_Data)
    Get_Old_Application_Address              0x08005751   Thumb Code    18  firmware_update.o(i.Get_Old_Application_Address)
    GregorianDay                             0x0800576d   Thumb Code   146  bsp_date.o(i.GregorianDay)
    HardFault_Handler                        0x08005805   Thumb Code    46  stm32f10x_it.o(i.HardFault_Handler)
    InternalFlash_SaveData_1                 0x08005a99   Thumb Code   224  bsp_internal_flash.o(i.InternalFlash_SaveData_1)
    InternalFlash_SaveData_2                 0x08005b89   Thumb Code   270  bsp_internal_flash.o(i.InternalFlash_SaveData_2)
    InternalFlash_SaveData_3                 0x08005cb5   Thumb Code   118  bsp_internal_flash.o(i.InternalFlash_SaveData_3)
    LED_GPIO_Config                          0x08005d31   Thumb Code    86  bsp_led.o(i.LED_GPIO_Config)
    MT2000_Ack_OK                            0x08005d8d   Thumb Code    36  mt2000_protocol.o(i.MT2000_Ack_OK)
    MT2000_Alarm_Stop                        0x08005db5   Thumb Code   112  mt2000_protocol.o(i.MT2000_Alarm_Stop)
    MT2000_Buffer_Clean                      0x08005e91   Thumb Code    10  mt2000_protocol.o(i.MT2000_Buffer_Clean)
    MT2000_Close                             0x08005e9d   Thumb Code    80  mt2000_protocol.o(i.MT2000_Close)
    MT2000_Cmd_Analyze                       0x08005f35   Thumb Code   618  mt2000_protocol.o(i.MT2000_Cmd_Analyze)
    MT2000_Cmd_Channel                       0x08006289   Thumb Code   620  mt2000_protocol.o(i.MT2000_Cmd_Channel)
    MT2000_Cmd_Emit                          0x08006511   Thumb Code    36  mt2000_protocol.o(i.MT2000_Cmd_Emit)
    MT2000_Cmd_Inquire                       0x08006539   Thumb Code    36  mt2000_protocol.o(i.MT2000_Cmd_Inquire)
    MT2000_Cmd_Power_Add                     0x08006561   Thumb Code    36  mt2000_protocol.o(i.MT2000_Cmd_Power_Add)
    MT2000_Cmd_Power_OFF                     0x08006589   Thumb Code    42  mt2000_protocol.o(i.MT2000_Cmd_Power_OFF)
    MT2000_Cmd_Power_ON                      0x080065bd   Thumb Code    36  mt2000_protocol.o(i.MT2000_Cmd_Power_ON)
    MT2000_Cmd_Power_Sub                     0x080065e5   Thumb Code    36  mt2000_protocol.o(i.MT2000_Cmd_Power_Sub)
    MT2000_Cmd_Stop                          0x0800660d   Thumb Code    42  mt2000_protocol.o(i.MT2000_Cmd_Stop)
    MT2000_Cmd_Tune                          0x08006641   Thumb Code    36  mt2000_protocol.o(i.MT2000_Cmd_Tune)
    MT2000_Emit                              0x08006669   Thumb Code   628  mt2000_protocol.o(i.MT2000_Emit)
    MT2000_Init                              0x08006a0d   Thumb Code   356  mt2000_protocol.o(i.MT2000_Init)
    MT2000_Open                              0x08006b79   Thumb Code   354  mt2000_protocol.o(i.MT2000_Open)
    MT2000_Stop                              0x08006d8d   Thumb Code   240  mt2000_protocol.o(i.MT2000_Stop)
    MT2000_Wait_Ack                          0x08006f31   Thumb Code   636  mt2000_protocol.o(i.MT2000_Wait_Ack)
    MemManage_Handler                        0x080071dd   Thumb Code     4  stm32f10x_it.o(i.MemManage_Handler)
    NMI_Handler                              0x080071e1   Thumb Code     2  stm32f10x_it.o(i.NMI_Handler)
    NVIC_Init                                0x080071e5   Thumb Code   100  misc.o(i.NVIC_Init)
    NVIC_PriorityGroupConfig                 0x08007255   Thumb Code    10  misc.o(i.NVIC_PriorityGroupConfig)
    NVIC_SetVectorTable                      0x08007269   Thumb Code    12  misc.o(i.NVIC_SetVectorTable)
    PWR_BackupAccessCmd                      0x0800727d   Thumb Code     6  stm32f10x_pwr.o(i.PWR_BackupAccessCmd)
    RCC_APB1PeriphClockCmd                   0x08007289   Thumb Code    26  stm32f10x_rcc.o(i.RCC_APB1PeriphClockCmd)
    RCC_APB2PeriphClockCmd                   0x080072a9   Thumb Code    26  stm32f10x_rcc.o(i.RCC_APB2PeriphClockCmd)
    RCC_BackupResetCmd                       0x080072c9   Thumb Code     6  stm32f10x_rcc.o(i.RCC_BackupResetCmd)
    RCC_ClearFlag                            0x080072d5   Thumb Code    14  stm32f10x_rcc.o(i.RCC_ClearFlag)
    RCC_GetClocksFreq                        0x080072e9   Thumb Code   192  stm32f10x_rcc.o(i.RCC_GetClocksFreq)
    RCC_GetFlagStatus                        0x080073bd   Thumb Code    56  stm32f10x_rcc.o(i.RCC_GetFlagStatus)
    RCC_LSEConfig                            0x080073f9   Thumb Code    46  stm32f10x_rcc.o(i.RCC_LSEConfig)
    RCC_RTCCLKCmd                            0x0800742d   Thumb Code     6  stm32f10x_rcc.o(i.RCC_RTCCLKCmd)
    RCC_RTCCLKConfig                         0x08007439   Thumb Code    12  stm32f10x_rcc.o(i.RCC_RTCCLKConfig)
    RCC_WaitForHSEStartUp                    0x08007449   Thumb Code    56  stm32f10x_rcc.o(i.RCC_WaitForHSEStartUp)
    RTC_CheckAndConfig                       0x08007481   Thumb Code   126  bsp_rtc.o(i.RTC_CheckAndConfig)
    RTC_ClearITPendingBit                    0x08007599   Thumb Code    12  stm32f10x_rtc.o(i.RTC_ClearITPendingBit)
    RTC_Configuration                        0x080075a9   Thumb Code   112  bsp_rtc.o(i.RTC_Configuration)
    RTC_EnterConfigMode                      0x0800764d   Thumb Code    14  stm32f10x_rtc.o(i.RTC_EnterConfigMode)
    RTC_ExitConfigMode                       0x08007661   Thumb Code    16  stm32f10x_rtc.o(i.RTC_ExitConfigMode)
    RTC_GetCounter                           0x08007675   Thumb Code    38  stm32f10x_rtc.o(i.RTC_GetCounter)
    RTC_GetITStatus                          0x080076a1   Thumb Code    32  stm32f10x_rtc.o(i.RTC_GetITStatus)
    RTC_IRQHandler                           0x080076c5   Thumb Code    22  stm32f10x_it.o(i.RTC_IRQHandler)
    RTC_ITConfig                             0x080076dd   Thumb Code    26  stm32f10x_rtc.o(i.RTC_ITConfig)
    RTC_NVIC_Config                          0x080076fd   Thumb Code    34  bsp_rtc.o(i.RTC_NVIC_Config)
    RTC_SetCounter                           0x08007721   Thumb Code    24  stm32f10x_rtc.o(i.RTC_SetCounter)
    RTC_SetPrescaler                         0x0800773d   Thumb Code    26  stm32f10x_rtc.o(i.RTC_SetPrescaler)
    RTC_WaitForLastTask                      0x0800775d   Thumb Code    16  stm32f10x_rtc.o(i.RTC_WaitForLastTask)
    RTC_WaitForSynchro                       0x08007771   Thumb Code    30  stm32f10x_rtc.o(i.RTC_WaitForSynchro)
    STMFLASH_Read                            0x08007795   Thumb Code    34  stmflash.o(i.STMFLASH_Read)
    STMFLASH_ReadHalfWord                    0x080077b7   Thumb Code     6  stmflash.o(i.STMFLASH_ReadHalfWord)
    STMFLASH_Write                           0x080077bd   Thumb Code   222  stmflash.o(i.STMFLASH_Write)
    STMFLASH_Write_NoCheck                   0x080078a5   Thumb Code    38  stmflash.o(i.STMFLASH_Write_NoCheck)
    Send_PC                                  0x08007a21   Thumb Code  2420  my_protocol.o(i.Send_PC)
    Set_Vector_Table                         0x0800847d   Thumb Code    34  firmware_update.o(i.Set_Vector_Table)
    Startup_GPIO_Init                        0x080084a1   Thumb Code   110  bsp_startup.o(i.Startup_GPIO_Init)
    SysTick_Handler                          0x0800851d   Thumb Code    28  port.o(i.SysTick_Handler)
    SystemInit                               0x0800853d   Thumb Code    78  system_stm32f10x.o(i.SystemInit)
    System_Status_Clean                      0x0800859d   Thumb Code   158  main.o(i.System_Status_Clean)
    System_Status_Display                    0x08008641   Thumb Code   434  main.o(i.System_Status_Display)
    System_Status_Init                       0x08008b35   Thumb Code    50  main.o(i.System_Status_Init)
    System_Status_Update                     0x08008b6d   Thumb Code   782  main.o(i.System_Status_Update)
    TH_Analyze                               0x08008e95   Thumb Code   270  task_th.o(i.TH_Analyze)
    TH_Cheak                                 0x08008fc1   Thumb Code   370  task_th.o(i.TH_Cheak)
    Task_Alarm                               0x080091bd   Thumb Code    26  task_alarm.o(i.Task_Alarm)
    Task_App                                 0x080091dd   Thumb Code   692  task_app.o(i.Task_App)
    Task_Hardware_Monitor                    0x0800969d   Thumb Code  1812  task_hardware_monitor.o(i.Task_Hardware_Monitor)
    Task_MT2000                              0x08009e91   Thumb Code  3328  task_mt2000.o(i.Task_MT2000)
    Task_TH                                  0x0800ac51   Thumb Code   122  task_th.o(i.Task_TH)
    Task_Upper_Computer                      0x0800acd1   Thumb Code  7244  task_upper_computer.o(i.Task_Upper_Computer)
    Time_Adjust                              0x0800ca41   Thumb Code    32  bsp_rtc.o(i.Time_Adjust)
    Time_Printf                              0x0800ca61   Thumb Code    44  bsp_rtc.o(i.Time_Printf)
    UART4_IRQHandler                         0x0800cabd   Thumb Code    10  bsp_uart_fifo.o(i.UART4_IRQHandler)
    UART5_IRQHandler                         0x0800cacd   Thumb Code    10  bsp_uart_fifo.o(i.UART5_IRQHandler)
    USART1_IRQHandler                        0x0800cadd   Thumb Code    10  bsp_uart_fifo.o(i.USART1_IRQHandler)
    USART2_IRQHandler                        0x0800caed   Thumb Code    10  bsp_uart_fifo.o(i.USART2_IRQHandler)
    USART_ClearFlag                          0x0800cafd   Thumb Code    18  stm32f10x_usart.o(i.USART_ClearFlag)
    USART_Cmd                                0x0800cb0f   Thumb Code    24  stm32f10x_usart.o(i.USART_Cmd)
    USART_GetITStatus                        0x0800cb27   Thumb Code    84  stm32f10x_usart.o(i.USART_GetITStatus)
    USART_ITConfig                           0x0800cb7b   Thumb Code    74  stm32f10x_usart.o(i.USART_ITConfig)
    USART_Init                               0x0800cbc5   Thumb Code   210  stm32f10x_usart.o(i.USART_Init)
    USART_ReceiveData                        0x0800cc9d   Thumb Code    10  stm32f10x_usart.o(i.USART_ReceiveData)
    USART_SendData                           0x0800cca7   Thumb Code     8  stm32f10x_usart.o(i.USART_SendData)
    USB_LP_CAN1_RX0_IRQHandler               0x0800ccb1   Thumb Code    62  can.o(i.USB_LP_CAN1_RX0_IRQHandler)
    UsageFault_Handler                       0x0800cf85   Thumb Code     4  stm32f10x_it.o(i.UsageFault_Handler)
    VA_alarm_check                           0x0800cf89   Thumb Code   742  alarm.o(i.VA_alarm_check)
    __0printf                                0x0800d289   Thumb Code    22  printfa.o(i.__0printf)
    __1printf                                0x0800d289   Thumb Code     0  printfa.o(i.__0printf)
    __2printf                                0x0800d289   Thumb Code     0  printfa.o(i.__0printf)
    __c89printf                              0x0800d289   Thumb Code     0  printfa.o(i.__0printf)
    printf                                   0x0800d289   Thumb Code     0  printfa.o(i.__0printf)
    __0vsnprintf                             0x0800d2a9   Thumb Code    32  printfa.o(i.__0vsnprintf)
    __1vsnprintf                             0x0800d2a9   Thumb Code     0  printfa.o(i.__0vsnprintf)
    __2vsnprintf                             0x0800d2a9   Thumb Code     0  printfa.o(i.__0vsnprintf)
    __c89vsnprintf                           0x0800d2a9   Thumb Code     0  printfa.o(i.__0vsnprintf)
    vsnprintf                                0x0800d2a9   Thumb Code     0  printfa.o(i.__0vsnprintf)
    __scatterload_copy                       0x0800d2cd   Thumb Code    14  handlers.o(i.__scatterload_copy)
    __scatterload_null                       0x0800d2db   Thumb Code     2  handlers.o(i.__scatterload_null)
    __scatterload_zeroinit                   0x0800d2dd   Thumb Code    14  handlers.o(i.__scatterload_zeroinit)
    __set_errno                              0x0800d2ed   Thumb Code     6  errno.o(i.__set_errno)
    alarm_printf                             0x0800dba1   Thumb Code  1846  alarm.o(i.alarm_printf)
    bsp_Init                                 0x0800e3c9   Thumb Code    24  bsp.o(i.bsp_Init)
    bsp_InitUart                             0x0800e3e1   Thumb Code    16  bsp_uart_fifo.o(i.bsp_InitUart)
    ceil                                     0x0800e3f1   Thumb Code   204  ceil.o(i.ceil)
    clean_all_alarm_flags                    0x0800e4cd   Thumb Code    36  alarm.o(i.clean_all_alarm_flags)
    clear_flash_save                         0x0800e4f9   Thumb Code   216  bsp_internal_flash.o(i.clear_flash_save)
    comClearRxFifo                           0x0800e5e9   Thumb Code    28  bsp_uart_fifo.o(i.comClearRxFifo)
    comGetChar                               0x0800e605   Thumb Code    30  bsp_uart_fifo.o(i.comGetChar)
    comSendBuf                               0x0800e623   Thumb Code    46  bsp_uart_fifo.o(i.comSendBuf)
    comSendChar                              0x0800e651   Thumb Code    16  bsp_uart_fifo.o(i.comSendChar)
    find_hard_control                        0x0800e67d   Thumb Code  8308  hard_control.o(i.find_hard_control)
    fputc                                    0x08010729   Thumb Code    18  bsp_uart_fifo.o(i.fputc)
    freq_hex_to_str                          0x0801073b   Thumb Code   134  my_protocol.o(i.freq_hex_to_str)
    freq_str_to_hex                          0x080107c1   Thumb Code    50  my_protocol.o(i.freq_str_to_hex)
    func_code_printf                         0x080107f5   Thumb Code   314  my_protocol.o(i.func_code_printf)
    get_OldtoNew_power_level                 0x080109b9   Thumb Code    74  my_protocol.o(i.get_OldtoNew_power_level)
    get_Standing_wave_ratio                  0x08010a05   Thumb Code    94  stand_wave_rate.o(i.get_Standing_wave_ratio)
    get_history_alarm                        0x08010a69   Thumb Code   182  alarm.o(i.get_history_alarm)
    iap_write_appbin                         0x08010b25   Thumb Code   106  firmware_update.o(i.iap_write_appbin)
    judg_read_flash                          0x08010b91   Thumb Code   402  bsp_internal_flash.o(i.judg_read_flash)
    judge_is_valid_can_data                  0x08010d51   Thumb Code    50  my_protocol.o(i.judge_is_valid_can_data)
    juge_need_close                          0x08010d85   Thumb Code  1710  hard_control.o(i.juge_need_close)
    juge_need_open                           0x0801143d   Thumb Code  1624  hard_control.o(i.juge_need_open)
    juge_need_open_close                     0x08011a9d   Thumb Code   100  hard_control.o(i.juge_need_open_close)
    main                                     0x08011b09   Thumb Code   698  main.o(i.main)
    mktimev                                  0x0801207d   Thumb Code   120  bsp_date.o(i.mktimev)
    new2old_power_level                      0x080120f9   Thumb Code    74  my_protocol.o(i.new2old_power_level)
    old2new_power_level                      0x08012143   Thumb Code    74  my_protocol.o(i.old2new_power_level)
    power_add                                0x0801218d   Thumb Code   890  power.o(i.power_add)
    power_check                              0x08012675   Thumb Code   116  task_hardware_monitor.o(i.power_check)
    power_sub                                0x080126f9   Thumb Code   598  power.o(i.power_sub)
    pvPortMalloc                             0x080131f9   Thumb Code   254  heap_4.o(i.pvPortMalloc)
    pvTaskIncrementMutexHeldCount            0x0801330d   Thumb Code    26  tasks.o(i.pvTaskIncrementMutexHeldCount)
    pxPortInitialiseStack                    0x0801332d   Thumb Code    26  port.o(i.pxPortInitialiseStack)
    set_alarm_bit                            0x0801334d   Thumb Code   194  alarm.o(i.set_alarm_bit)
    set_run_diagram_new_power_level          0x08013419   Thumb Code   140  my_protocol.o(i.set_run_diagram_new_power_level)
    sqrt                                     0x080134a9   Thumb Code    76  sqrt.o(i.sqrt)
    swr_power_alarm_check                    0x080134f5   Thumb Code   318  alarm.o(i.swr_power_alarm_check)
    to_tm                                    0x0801364d   Thumb Code   194  bsp_date.o(i.to_tm)
    update_RTCtime                           0x08013719   Thumb Code    18  bsp_rtc.o(i.update_RTCtime)
    update_status_without_inquire            0x0801372d   Thumb Code  1704  my_protocol.o(i.update_status_without_inquire)
    update_system_power_level                0x08013e41   Thumb Code    80  my_protocol.o(i.update_system_power_level)
    uxListRemove                             0x08013e95   Thumb Code    40  list.o(i.uxListRemove)
    vListInitialise                          0x08013ebd   Thumb Code    26  list.o(i.vListInitialise)
    vListInitialiseItem                      0x08013ed7   Thumb Code     6  list.o(i.vListInitialiseItem)
    vListInsert                              0x08013edd   Thumb Code    52  list.o(i.vListInsert)
    vListInsertEnd                           0x08013f11   Thumb Code    24  list.o(i.vListInsertEnd)
    vPortEnterCritical                       0x08013f29   Thumb Code    58  port.o(i.vPortEnterCritical)
    vPortExitCritical                        0x08013f6d   Thumb Code    40  port.o(i.vPortExitCritical)
    vPortFree                                0x08013f99   Thumb Code   112  heap_4.o(i.vPortFree)
    vPortSetupTimerInterrupt                 0x08014011   Thumb Code    14  port.o(i.vPortSetupTimerInterrupt)
    vPortValidateInterruptPriority           0x08014025   Thumb Code    78  port.o(i.vPortValidateInterruptPriority)
    vPortYield                               0x08014081   Thumb Code    18  port.o(i.vPortYield)
    vQueueWaitForMessageRestricted           0x08014099   Thumb Code    66  queue.o(i.vQueueWaitForMessageRestricted)
    vTaskDelay                               0x080140dd   Thumb Code    94  tasks.o(i.vTaskDelay)
    vTaskMissedYield                         0x0801414d   Thumb Code     8  tasks.o(i.vTaskMissedYield)
    vTaskPlaceOnEventList                    0x08014159   Thumb Code    94  tasks.o(i.vTaskPlaceOnEventList)
    vTaskPlaceOnEventListRestricted          0x080141c9   Thumb Code   100  tasks.o(i.vTaskPlaceOnEventListRestricted)
    vTaskPriorityInherit                     0x0801423d   Thumb Code   164  tasks.o(i.vTaskPriorityInherit)
    vTaskSetTimeOutState                     0x080142ed   Thumb Code    28  tasks.o(i.vTaskSetTimeOutState)
    vTaskStartScheduler                      0x08014311   Thumb Code    80  tasks.o(i.vTaskStartScheduler)
    vTaskSuspendAll                          0x08014379   Thumb Code    12  tasks.o(i.vTaskSuspendAll)
    vTaskSwitchContext                       0x08014389   Thumb Code   106  tasks.o(i.vTaskSwitchContext)
    xPortStartScheduler                      0x08014639   Thumb Code   140  port.o(i.xPortStartScheduler)
    xQueueCreateMutex                        0x080146d9   Thumb Code    76  queue.o(i.xQueueCreateMutex)
    xQueueGenericCreate                      0x08014725   Thumb Code   106  queue.o(i.xQueueGenericCreate)
    xQueueGenericReceive                     0x0801478f   Thumb Code   346  queue.o(i.xQueueGenericReceive)
    xQueueGenericReset                       0x080148e9   Thumb Code   120  queue.o(i.xQueueGenericReset)
    xQueueGenericSend                        0x08014961   Thumb Code   322  queue.o(i.xQueueGenericSend)
    xQueueGenericSendFromISR                 0x08014aa3   Thumb Code   172  queue.o(i.xQueueGenericSendFromISR)
    xTaskCheckForTimeOut                     0x08014b51   Thumb Code   108  tasks.o(i.xTaskCheckForTimeOut)
    xTaskGenericCreate                       0x08014bc5   Thumb Code   288  tasks.o(i.xTaskGenericCreate)
    xTaskGenericNotify                       0x08014cfd   Thumb Code   202  tasks.o(i.xTaskGenericNotify)
    xTaskGetSchedulerState                   0x08014dd5   Thumb Code    24  tasks.o(i.xTaskGetSchedulerState)
    xTaskGetTickCount                        0x08014df5   Thumb Code     6  tasks.o(i.xTaskGetTickCount)
    xTaskIncrementTick                       0x08014e01   Thumb Code   272  tasks.o(i.xTaskIncrementTick)
    xTaskNotifyWait                          0x08014f3d   Thumb Code   196  tasks.o(i.xTaskNotifyWait)
    xTaskPriorityDisinherit                  0x08015011   Thumb Code   160  tasks.o(i.xTaskPriorityDisinherit)
    xTaskRemoveFromEventList                 0x080150bd   Thumb Code   114  tasks.o(i.xTaskRemoveFromEventList)
    xTaskResumeAll                           0x08015149   Thumb Code   200  tasks.o(i.xTaskResumeAll)
    xTimerCreate                             0x08015231   Thumb Code    80  timers.o(i.xTimerCreate)
    xTimerCreateTimerTask                    0x08015281   Thumb Code    58  timers.o(i.xTimerCreateTimerTask)
    xTimerGenericCommand                     0x080152cd   Thumb Code   112  timers.o(i.xTimerGenericCommand)
    crc_tab                                  0x08015412   Data         512  crc16.o(.constdata)
    __ctype_categories                       0x08015644   Data          64  ctype_c.o(.constdata)
    Region$$Table$$Base                      0x080156c8   Number         0  anon$$obj.o(Region$$Table)
    Region$$Table$$Limit                     0x080156e8   Number         0  anon$$obj.o(Region$$Table)
    g_fuc_cod                                0x20000000   Data           2  main.o(.data)
    g_fuc_codToPC                            0x20000002   Data           2  main.o(.data)
    g_inquire_stamp                          0x20000004   Data           4  main.o(.data)
    g_stamp_distance                         0x20000008   Data           4  main.o(.data)
    Sacn_stop                                0x2000000c   Data           2  main.o(.data)
    Add_Power                                0x2000000e   Data           3  main.o(.data)
    Sub_Power                                0x20000011   Data           3  main.o(.data)
    Alarm_backPC                             0x20000014   Data           3  main.o(.data)
    Trans_openBack                           0x20000017   Data           3  main.o(.data)
    Trans_stopBack                           0x2000001a   Data           2  main.o(.data)
    DisalarmBack                             0x2000001c   Data           5  main.o(.data)
    Power_onBack                             0x20000021   Data           2  main.o(.data)
    Power_offBack                            0x20000023   Data           2  main.o(.data)
    Sacn_stopBack                            0x20000025   Data           2  main.o(.data)
    Add_PowerBack                            0x20000027   Data           2  main.o(.data)
    Sub_PowerBack                            0x20000029   Data           2  main.o(.data)
    Run_DiagramBack                          0x2000002b   Data           2  main.o(.data)
    xMutex                                   0x20000030   Data           4  main.o(.data)
    systmtime                                0x20000040   Data          28  main.o(.data)
    adc1_zero_count                          0x2000005c   Data           1  main.o(.data)
    adc3_zero_count                          0x2000005d   Data           1  main.o(.data)
    freq_begin                               0x20000060   Data           4  main.o(.data)
    freq_end                                 0x20000064   Data           4  main.o(.data)
    freq_scan_count                          0x20000068   Data           1  main.o(.data)
    test_hard_control_count                  0x20000069   Data           1  main.o(.data)
    T_H_cmd                                  0x2000006a   Data           8  main.o(.data)
    test_scan_min_count                      0x20000074   Data           4  my_protocol.o(.data)
    test_scan_max_count                      0x20000078   Data           4  my_protocol.o(.data)
    EmissionCmd                              0x2000007d   Data           7  mt2000_protocol.o(.data)
    App_Update_Back                          0x20000088   Data           1  task_app.o(.data)
    App_SetID                                0x20000089   Data           1  task_app.o(.data)
    App_SetID_Back                           0x2000008a   Data           1  task_app.o(.data)
    App_Version_Back                         0x2000008b   Data           5  task_app.o(.data)
    xHandleTask_App                          0x20000090   Data           4  task_app.o(.data)
    xHandleTask_Upper_Computer               0x20000094   Data           4  task_upper_computer.o(.data)
    test_hard_control_display                0x2000009c   Data           1  task_hardware_monitor.o(.data)
    xHandleTask_Hardware_Monitor             0x200000a0   Data           4  task_hardware_monitor.o(.data)
    xHandleTask_MT2000                       0x200000a8   Data           4  task_mt2000.o(.data)
    xHandleTask_TH                           0x200000ac   Data           4  task_th.o(.data)
    Temperature_Humidity                     0x200000b0   Data           8  task_th.o(.data)
    xHandleTask_Alarm                        0x200000bc   Data           4  task_alarm.o(.data)
    APP_Version_1                            0x200000c0   Data           4  firmware_update.o(.data)
    APP_Version_2                            0x200000c4   Data           4  firmware_update.o(.data)
    flash_1_once_flag                        0x200000c8   Data           4  bsp_internal_flash.o(.data)
    flash_2_once_flag                        0x200000cc   Data           4  bsp_internal_flash.o(.data)
    flash_3_once_flag                        0x200000d0   Data           4  bsp_internal_flash.o(.data)
    flash3_Save                              0x200000d4   Data           1  bsp_internal_flash.o(.data)
    Flash_p1                                 0x200000d8   Data           4  bsp_internal_flash.o(.data)
    Flash_p2                                 0x200000dc   Data           4  bsp_internal_flash.o(.data)
    Flash_p3                                 0x200000e0   Data           4  bsp_internal_flash.o(.data)
    Flash_p4                                 0x200000e4   Data           4  bsp_internal_flash.o(.data)
    Flash_p5                                 0x200000e8   Data           4  bsp_internal_flash.o(.data)
    Flash_p6                                 0x200000ec   Data           4  bsp_internal_flash.o(.data)
    Flash_p7                                 0x200000f0   Data           4  bsp_internal_flash.o(.data)
    Flash_p8                                 0x200000f4   Data           4  bsp_internal_flash.o(.data)
    Flash_p9                                 0x200000f8   Data           4  bsp_internal_flash.o(.data)
    Flash_p10                                0x200000fc   Data           4  bsp_internal_flash.o(.data)
    can_rx_buf_len                           0x20000100   Data           1  can.o(.data)
    pxCurrentTCB                             0x20000148   Data           4  tasks.o(.data)
    __stdout                                 0x200001b4   Data           4  stdout.o(.data)
    System                                   0x200001bc   Data         110  main.o(.bss)
    Monitor                                  0x2000022a   Data         206  main.o(.bss)
    Run_Diagram_data                         0x200002f8   Data          16  main.o(.bss)
    Alarm                                    0x20000308   Data          21  main.o(.bss)
    Alarm_threshold                          0x2000031d   Data          39  main.o(.bss)
    PC_Cmd                                   0x20000344   Data          26  main.o(.bss)
    Disalarm                                 0x2000035e   Data           9  main.o(.bss)
    Scan_Frq                                 0x20000367   Data          10  main.o(.bss)
    Run_Diagram                              0x20000371   Data         104  main.o(.bss)
    Run_Diagram_buf                          0x200003d9   Data        1000  main.o(.bss)
    Work_paraBack                            0x200007c1   Data          48  main.o(.bss)
    Alarm_historyBack                        0x200007f1   Data          71  main.o(.bss)
    Scan_FrqBack                             0x20000838   Data         110  main.o(.bss)
    Scan_FrqBack1                            0x200008a6   Data         110  main.o(.bss)
    Scan_FrqBack2                            0x20000914   Data         110  main.o(.bss)
    Scan_FrqBack3                            0x20000982   Data         110  main.o(.bss)
    Scan_FrqBack4                            0x200009f0   Data         110  main.o(.bss)
    Scan_FrqBack5                            0x20000a5e   Data         110  main.o(.bss)
    Scan_FrqBack6                            0x20000acc   Data         110  main.o(.bss)
    Scan_FrqBack7                            0x20000b3a   Data         110  main.o(.bss)
    Scan_FrqBack8                            0x20000ba8   Data         110  main.o(.bss)
    Scan_FrqBack9                            0x20000c16   Data         110  main.o(.bss)
    Scan_FrqBack10                           0x20000c84   Data         110  main.o(.bss)
    Scan_FrqBack11                           0x20000cf2   Data         110  main.o(.bss)
    Scan_FrqBack12                           0x20000d60   Data         110  main.o(.bss)
    ADC_ConvertedValueLocal                  0x20000dd0   Data          16  main.o(.bss)
    set_time                                 0x20000de0   Data          28  main.o(.bss)
    ADC0_buff                                0x20000dfc   Data         200  main.o(.bss)
    ADC1_buff                                0x20000ec4   Data         200  main.o(.bss)
    ADC2_buff                                0x20000f8c   Data         200  main.o(.bss)
    ADC3_buff                                0x20001054   Data         200  main.o(.bss)
    SWR_array                                0x2000111c   Data        1024  main.o(.bss)
    z                                        0x2000151c   Data        1024  main.o(.bss)
    int_z                                    0x2000191c   Data         256  main.o(.bss)
    f                                        0x20001a1c   Data        1024  main.o(.bss)
    freq_band_time_stamp                     0x20001e1c   Data          40  main.o(.bss)
    MT2000_Rx                                0x20001e44   Data          66  mt2000_protocol.o(.bss)
    MT2000_Tx                                0x20001e86   Data          66  mt2000_protocol.o(.bss)
    Emission_Tx                              0x20001ec8   Data         256  mt2000_protocol.o(.bss)
    Emission_Rx                              0x20001fc8   Data         256  mt2000_protocol.o(.bss)
    Respond_Cmd1                             0x200020c8   Data          15  mt2000_protocol.o(.bss)
    Respond_Cmd2                             0x200020d7   Data          15  mt2000_protocol.o(.bss)
    Respond_Cmd3                             0x200020e6   Data          15  mt2000_protocol.o(.bss)
    App_Update                               0x200020f5   Data        2054  task_app.o(.bss)
    RxBuf_FromPC                             0x200028fb   Data         257  task_upper_computer.o(.bss)
    flash1_arry                              0x20003ed0   Data          36  bsp_internal_flash.o(.bss)
    flash2_arry                              0x20003ef4   Data        1736  bsp_internal_flash.o(.bss)
    flash_run_diagram                        0x200045bc   Data         100  bsp_internal_flash.o(.bss)
    Can_Message_Tx                           0x20004620   Data          20  can.o(.bss)
    Can_Message_Rx                           0x20004634   Data          20  can.o(.bss)
    STMFLASH_BUF                             0x20004648   Data        2048  stmflash.o(.bss)
    __initial_sp                             0x2000b788   Data           0  startup_stm32f10x_hd.o(STACK)



==============================================================================

Memory Map of the image

  Image Entry point : 0x08002131

  Load Region LR_IROM1 (Base: 0x08002000, Size: 0x000138a4, Max: 0x00018000, ABSOLUTE, COMPRESSED[0x00013748])

    Execution Region ER_IROM1 (Base: 0x08002000, Size: 0x000136e8, Max: 0x00018000, ABSOLUTE)

    Base Addr    Size         Type   Attr      Idx    E Section Name        Object

    0x08002000   0x00000130   Data   RO         2035    RESET               startup_stm32f10x_hd.o
    0x08002130   0x00000000   Code   RO         4975  * .ARM.Collect$$$$00000000  mc_w.l(entry.o)
    0x08002130   0x00000004   Code   RO         5293    .ARM.Collect$$$$00000001  mc_w.l(entry2.o)
    0x08002134   0x00000004   Code   RO         5296    .ARM.Collect$$$$00000004  mc_w.l(entry5.o)
    0x08002138   0x00000000   Code   RO         5298    .ARM.Collect$$$$00000008  mc_w.l(entry7b.o)
    0x08002138   0x00000000   Code   RO         5300    .ARM.Collect$$$$0000000A  mc_w.l(entry8b.o)
    0x08002138   0x00000008   Code   RO         5301    .ARM.Collect$$$$0000000B  mc_w.l(entry9a.o)
    0x08002140   0x00000000   Code   RO         5303    .ARM.Collect$$$$0000000D  mc_w.l(entry10a.o)
    0x08002140   0x00000000   Code   RO         5305    .ARM.Collect$$$$0000000F  mc_w.l(entry11a.o)
    0x08002140   0x00000004   Code   RO         5294    .ARM.Collect$$$$00002712  mc_w.l(entry2.o)
    0x08002144   0x00000006   Code   RO         1095    .emb_text           firmware_update.o
    0x0800214a   0x00000002   PAD
    0x0800214c   0x000000a2   Code   RO         4843    .emb_text           port.o
    0x080021ee   0x00000002   PAD
    0x080021f0   0x00000024   Code   RO         2036    .text               startup_stm32f10x_hd.o
    0x08002214   0x00000024   Code   RO         4978    .text               mc_w.l(memcpya.o)
    0x08002238   0x00000024   Code   RO         4980    .text               mc_w.l(memseta.o)
    0x0800225c   0x0000000e   Code   RO         4982    .text               mc_w.l(strlen.o)
    0x0800226a   0x0000001c   Code   RO         4984    .text               mc_w.l(strcmp.o)
    0x08002286   0x0000001a   Code   RO         4986    .text               mc_w.l(memcmp.o)
    0x080022a0   0x0000001e   Code   RO         4988    .text               mc_w.l(strncmp.o)
    0x080022be   0x00000002   PAD
    0x080022c0   0x00000038   Code   RO         5253    .text               mc_w.l(__0sscanf.o)
    0x080022f8   0x000000e0   Code   RO         5255    .text               mc_w.l(_scanf_str.o)
    0x080023d8   0x000000b0   Code   RO         5257    .text               mf_w.l(fadd.o)
    0x08002488   0x00000064   Code   RO         5259    .text               mf_w.l(fmul.o)
    0x080024ec   0x0000007c   Code   RO         5261    .text               mf_w.l(fdiv.o)
    0x08002568   0x0000014e   Code   RO         5263    .text               mf_w.l(dadd.o)
    0x080026b6   0x000000e4   Code   RO         5265    .text               mf_w.l(dmul.o)
    0x0800279a   0x000000de   Code   RO         5267    .text               mf_w.l(ddiv.o)
    0x08002878   0x00000012   Code   RO         5269    .text               mf_w.l(fflti.o)
    0x0800288a   0x00000022   Code   RO         5273    .text               mf_w.l(dflti.o)
    0x080028ac   0x0000001a   Code   RO         5275    .text               mf_w.l(dfltui.o)
    0x080028c6   0x00000032   Code   RO         5277    .text               mf_w.l(ffixi.o)
    0x080028f8   0x0000003e   Code   RO         5279    .text               mf_w.l(dfixi.o)
    0x08002936   0x00000026   Code   RO         5281    .text               mf_w.l(f2d.o)
    0x0800295c   0x00000030   Code   RO         5283    .text               mf_w.l(cdcmple.o)
    0x0800298c   0x00000030   Code   RO         5285    .text               mf_w.l(cdrcmple.o)
    0x080029bc   0x00000038   Code   RO         5287    .text               mf_w.l(d2f.o)
    0x080029f4   0x00000014   Code   RO         5289    .text               mf_w.l(cfcmple.o)
    0x08002a08   0x00000014   Code   RO         5291    .text               mf_w.l(cfrcmple.o)
    0x08002a1c   0x0000002c   Code   RO         5308    .text               mc_w.l(uidiv.o)
    0x08002a48   0x00000062   Code   RO         5310    .text               mc_w.l(uldiv.o)
    0x08002aaa   0x0000001e   Code   RO         5312    .text               mc_w.l(llshl.o)
    0x08002ac8   0x00000020   Code   RO         5314    .text               mc_w.l(llushr.o)
    0x08002ae8   0x00000024   Code   RO         5316    .text               mc_w.l(llsshr.o)
    0x08002b0c   0x00000028   Code   RO         5325    .text               mc_w.l(scanf_char.o)
    0x08002b34   0x00000040   Code   RO         5327    .text               mc_w.l(_sgetc.o)
    0x08002b74   0x00000000   Code   RO         5329    .text               mc_w.l(iusefp.o)
    0x08002b74   0x0000006e   Code   RO         5330    .text               mf_w.l(fepilogue.o)
    0x08002be2   0x000000ba   Code   RO         5332    .text               mf_w.l(depilogue.o)
    0x08002c9c   0x000000a2   Code   RO         5334    .text               mf_w.l(dsqrt.o)
    0x08002d3e   0x00000030   Code   RO         5336    .text               mf_w.l(dfixul.o)
    0x08002d6e   0x00000002   PAD
    0x08002d70   0x00000024   Code   RO         5338    .text               mc_w.l(init.o)
    0x08002d94   0x0000000a   Code   RO         5340    .text               mc_w.l(isspace_c.o)
    0x08002d9e   0x00000002   PAD
    0x08002da0   0x0000032c   Code   RO         5342    .text               mc_w.l(_scanf.o)
    0x080030cc   0x00000028   Code   RO         5344    .text               mc_w.l(ctype_c.o)
    0x080030f4   0x00000056   Code   RO         5355    .text               mc_w.l(__dczerorl2.o)
    0x0800314a   0x00000020   Code   RO         1096    i.APP_Version_Read  firmware_update.o
    0x0800316a   0x0000001c   Code   RO         1097    i.APP_Version_Write  firmware_update.o
    0x08003186   0x00000002   PAD
    0x08003188   0x00000048   Code   RO            3    i.AppObjCreate      main.o
    0x080031d0   0x00000134   Code   RO            4    i.AppTaskCreate     main.o
    0x08003304   0x0000004c   Code   RO         1185    i.App_printf        bsp.o
    0x08003350   0x0000001e   Code   RO          464    i.BCC_Check_Sum     mt2000_protocol.o
    0x0800336e   0x00000010   Code   RO         3654    i.BKP_DeInit        stm32f10x_bkp.o
    0x0800337e   0x00000002   PAD
    0x08003380   0x0000001c   Code   RO         3659    i.BKP_ReadBackupRegister  stm32f10x_bkp.o
    0x0800339c   0x0000001c   Code   RO         3663    i.BKP_WriteBackupRegister  stm32f10x_bkp.o
    0x080033b8   0x000008b8   Code   RO          317    i.Band_scan         my_protocol.o
    0x08003c70   0x00000028   Code   RO         1098    i.BootLoad_Jump     firmware_update.o
    0x08003c98   0x00000004   Code   RO         1228    i.BusFault_Handler  stm32f10x_it.o
    0x08003c9c   0x00000108   Code   RO         3960    i.CAN_FilterInit    stm32f10x_can.o
    0x08003da4   0x00000012   Code   RO         3966    i.CAN_ITConfig      stm32f10x_can.o
    0x08003db6   0x00000114   Code   RO         3967    i.CAN_Init          stm32f10x_can.o
    0x08003eca   0x00000002   PAD
    0x08003ecc   0x00000120   Code   RO         1790    i.CAN_Mode_Init     can.o
    0x08003fec   0x000000f0   Code   RO         3970    i.CAN_Receive       stm32f10x_can.o
    0x080040dc   0x00000126   Code   RO         3975    i.CAN_Transmit      stm32f10x_can.o
    0x08004202   0x00000002   PAD
    0x08004204   0x000000a0   Code   RO         3976    i.CAN_TransmitStatus  stm32f10x_can.o
    0x080042a4   0x00000130   Code   RO          320    i.CAN_data_analyze  my_protocol.o
    0x080043d4   0x00000024   Code   RO         1732    i.CRC16_XMODEM      crc16.o
    0x080043f8   0x000000ac   Code   RO         1792    i.Can_Send_Msg      can.o
    0x080044a4   0x000001bc   Code   RO          891    i.Check_Data_Valid  task_app.o
    0x08004660   0x0000003c   Code   RO         1305    i.ComToUart         bsp_uart_fifo.o
    0x0800469c   0x0000007c   Code   RO         1306    i.ConfigUartNVIC    bsp_uart_fifo.o
    0x08004718   0x00000104   Code   RO          321    i.Data_Assemble     my_protocol.o
    0x0800481c   0x00000504   Code   RO          322    i.Data_Storage      my_protocol.o
    0x08004d20   0x00000002   Code   RO         1229    i.DebugMon_Handler  stm32f10x_it.o
    0x08004d22   0x00000002   PAD
    0x08004d24   0x0000000c   Code   RO         2604    i.FLASH_ClearFlag   stm32f10x_flash.o
    0x08004d30   0x0000004c   Code   RO         2609    i.FLASH_ErasePage   stm32f10x_flash.o
    0x08004d7c   0x00000034   Code   RO         2610    i.FLASH_GetBank1Status  stm32f10x_flash.o
    0x08004db0   0x00000014   Code   RO         2619    i.FLASH_Lock        stm32f10x_flash.o
    0x08004dc4   0x00000040   Code   RO         2622    i.FLASH_ProgramHalfWord  stm32f10x_flash.o
    0x08004e04   0x0000006c   Code   RO         2624    i.FLASH_ProgramWord  stm32f10x_flash.o
    0x08004e70   0x00000020   Code   RO         1099    i.FLASH_Read        firmware_update.o
    0x08004e90   0x00000008   Code   RO         1100    i.FLASH_ReadHalfWord  firmware_update.o
    0x08004e98   0x00000018   Code   RO         2627    i.FLASH_Unlock      stm32f10x_flash.o
    0x08004eb0   0x00000026   Code   RO         2631    i.FLASH_WaitForLastOperation  stm32f10x_flash.o
    0x08004ed6   0x00000002   PAD
    0x08004ed8   0x00000208   Code   RO         1616    i.Flash2_to_AcceptAPP  bsp_internal_flash.o
    0x080050e0   0x00000024   Code   RO         1617    i.Flash3_to_AcceptAPP  bsp_internal_flash.o
    0x08005104   0x000000d0   Code   RO         1618    i.Flash_Read_Run_Diagram  bsp_internal_flash.o
    0x080051d4   0x00000174   Code   RO         1619    i.Flash_Save_Run_Diagram  bsp_internal_flash.o
    0x08005348   0x0000009e   Code   RO         1101    i.Flash_Write       firmware_update.o
    0x080053e6   0x00000002   PAD
    0x080053e8   0x00000084   Code   RO         1620    i.Flash_to_AcceptAPP  bsp_internal_flash.o
    0x0800546c   0x00000116   Code   RO         2092    i.GPIO_Init         stm32f10x_gpio.o
    0x08005582   0x00000002   PAD
    0x08005584   0x00000090   Code   RO         2094    i.GPIO_PinRemapConfig  stm32f10x_gpio.o
    0x08005614   0x00000004   Code   RO         2099    i.GPIO_ResetBits    stm32f10x_gpio.o
    0x08005618   0x00000004   Code   RO         2100    i.GPIO_SetBits      stm32f10x_gpio.o
    0x0800561c   0x00000070   Code   RO         1102    i.Get_APP_Version   firmware_update.o
    0x0800568c   0x0000001c   Code   RO         1103    i.Get_Application_Address  firmware_update.o
    0x080056a8   0x000000a8   Code   RO          323    i.Get_CAN_Data      my_protocol.o
    0x08005750   0x0000001c   Code   RO         1104    i.Get_Old_Application_Address  firmware_update.o
    0x0800576c   0x00000098   Code   RO         1946    i.GregorianDay      bsp_date.o
    0x08005804   0x00000068   Code   RO         1230    i.HardFault_Handler  stm32f10x_it.o
    0x0800586c   0x0000022c   Code   RO         1307    i.InitHardUart      bsp_uart_fifo.o
    0x08005a98   0x000000f0   Code   RO         1621    i.InternalFlash_SaveData_1  bsp_internal_flash.o
    0x08005b88   0x0000012c   Code   RO         1622    i.InternalFlash_SaveData_2  bsp_internal_flash.o
    0x08005cb4   0x0000007c   Code   RO         1623    i.InternalFlash_SaveData_3  bsp_internal_flash.o
    0x08005d30   0x0000005c   Code   RO         1596    i.LED_GPIO_Config   bsp_led.o
    0x08005d8c   0x00000028   Code   RO          467    i.MT2000_Ack_OK     mt2000_protocol.o
    0x08005db4   0x000000dc   Code   RO          468    i.MT2000_Alarm_Stop  mt2000_protocol.o
    0x08005e90   0x0000000a   Code   RO          469    i.MT2000_Buffer_Clean  mt2000_protocol.o
    0x08005e9a   0x00000002   PAD
    0x08005e9c   0x00000098   Code   RO          470    i.MT2000_Close      mt2000_protocol.o
    0x08005f34   0x00000354   Code   RO          471    i.MT2000_Cmd_Analyze  mt2000_protocol.o
    0x08006288   0x00000288   Code   RO          472    i.MT2000_Cmd_Channel  mt2000_protocol.o
    0x08006510   0x00000028   Code   RO          473    i.MT2000_Cmd_Emit   mt2000_protocol.o
    0x08006538   0x00000028   Code   RO          474    i.MT2000_Cmd_Inquire  mt2000_protocol.o
    0x08006560   0x00000028   Code   RO          475    i.MT2000_Cmd_Power_Add  mt2000_protocol.o
    0x08006588   0x00000034   Code   RO          476    i.MT2000_Cmd_Power_OFF  mt2000_protocol.o
    0x080065bc   0x00000028   Code   RO          477    i.MT2000_Cmd_Power_ON  mt2000_protocol.o
    0x080065e4   0x00000028   Code   RO          478    i.MT2000_Cmd_Power_Sub  mt2000_protocol.o
    0x0800660c   0x00000034   Code   RO          479    i.MT2000_Cmd_Stop   mt2000_protocol.o
    0x08006640   0x00000028   Code   RO          480    i.MT2000_Cmd_Tune   mt2000_protocol.o
    0x08006668   0x000003a4   Code   RO          481    i.MT2000_Emit       mt2000_protocol.o
    0x08006a0c   0x0000016c   Code   RO          482    i.MT2000_Init       mt2000_protocol.o
    0x08006b78   0x00000214   Code   RO          483    i.MT2000_Open       mt2000_protocol.o
    0x08006d8c   0x000001a4   Code   RO          484    i.MT2000_Stop       mt2000_protocol.o
    0x08006f30   0x000002ac   Code   RO          485    i.MT2000_Wait_Ack   mt2000_protocol.o
    0x080071dc   0x00000004   Code   RO         1231    i.MemManage_Handler  stm32f10x_it.o
    0x080071e0   0x00000002   Code   RO         1232    i.NMI_Handler       stm32f10x_it.o
    0x080071e2   0x00000002   PAD
    0x080071e4   0x00000070   Code   RO         2042    i.NVIC_Init         misc.o
    0x08007254   0x00000014   Code   RO         2043    i.NVIC_PriorityGroupConfig  misc.o
    0x08007268   0x00000014   Code   RO         2044    i.NVIC_SetVectorTable  misc.o
    0x0800727c   0x0000000c   Code   RO         3836    i.PWR_BackupAccessCmd  stm32f10x_pwr.o
    0x08007288   0x00000020   Code   RO         2210    i.RCC_APB1PeriphClockCmd  stm32f10x_rcc.o
    0x080072a8   0x00000020   Code   RO         2212    i.RCC_APB2PeriphClockCmd  stm32f10x_rcc.o
    0x080072c8   0x0000000c   Code   RO         2215    i.RCC_BackupResetCmd  stm32f10x_rcc.o
    0x080072d4   0x00000014   Code   RO         2216    i.RCC_ClearFlag     stm32f10x_rcc.o
    0x080072e8   0x000000d4   Code   RO         2220    i.RCC_GetClocksFreq  stm32f10x_rcc.o
    0x080073bc   0x0000003c   Code   RO         2221    i.RCC_GetFlagStatus  stm32f10x_rcc.o
    0x080073f8   0x00000034   Code   RO         2228    i.RCC_LSEConfig     stm32f10x_rcc.o
    0x0800742c   0x0000000c   Code   RO         2235    i.RCC_RTCCLKCmd     stm32f10x_rcc.o
    0x08007438   0x00000010   Code   RO         2236    i.RCC_RTCCLKConfig  stm32f10x_rcc.o
    0x08007448   0x00000038   Code   RO         2239    i.RCC_WaitForHSEStartUp  stm32f10x_rcc.o
    0x08007480   0x00000118   Code   RO         1981    i.RTC_CheckAndConfig  bsp_rtc.o
    0x08007598   0x00000010   Code   RO         3739    i.RTC_ClearITPendingBit  stm32f10x_rtc.o
    0x080075a8   0x000000a4   Code   RO         1982    i.RTC_Configuration  bsp_rtc.o
    0x0800764c   0x00000014   Code   RO         3740    i.RTC_EnterConfigMode  stm32f10x_rtc.o
    0x08007660   0x00000014   Code   RO         3741    i.RTC_ExitConfigMode  stm32f10x_rtc.o
    0x08007674   0x0000002c   Code   RO         3742    i.RTC_GetCounter    stm32f10x_rtc.o
    0x080076a0   0x00000024   Code   RO         3745    i.RTC_GetITStatus   stm32f10x_rtc.o
    0x080076c4   0x00000016   Code   RO         1233    i.RTC_IRQHandler    stm32f10x_it.o
    0x080076da   0x00000002   PAD
    0x080076dc   0x00000020   Code   RO         3746    i.RTC_ITConfig      stm32f10x_rtc.o
    0x080076fc   0x00000022   Code   RO         1983    i.RTC_NVIC_Config   bsp_rtc.o
    0x0800771e   0x00000002   PAD
    0x08007720   0x0000001c   Code   RO         3748    i.RTC_SetCounter    stm32f10x_rtc.o
    0x0800773c   0x00000020   Code   RO         3749    i.RTC_SetPrescaler  stm32f10x_rtc.o
    0x0800775c   0x00000014   Code   RO         3750    i.RTC_WaitForLastTask  stm32f10x_rtc.o
    0x08007770   0x00000024   Code   RO         3751    i.RTC_WaitForSynchro  stm32f10x_rtc.o
    0x08007794   0x00000022   Code   RO         1844    i.STMFLASH_Read     stmflash.o
    0x080077b6   0x00000006   Code   RO         1845    i.STMFLASH_ReadHalfWord  stmflash.o
    0x080077bc   0x000000e8   Code   RO         1846    i.STMFLASH_Write    stmflash.o
    0x080078a4   0x00000026   Code   RO         1847    i.STMFLASH_Write_NoCheck  stmflash.o
    0x080078ca   0x00000002   PAD
    0x080078cc   0x00000154   Code   RO          892    i.Send_App          task_app.o
    0x08007a20   0x00000974   Code   RO          325    i.Send_PC           my_protocol.o
    0x08008394   0x00000008   Code   RO         4117    i.SetSysClock       system_stm32f10x.o
    0x0800839c   0x000000e0   Code   RO         4118    i.SetSysClockTo72   system_stm32f10x.o
    0x0800847c   0x00000022   Code   RO         1105    i.Set_Vector_Table  firmware_update.o
    0x0800849e   0x00000002   PAD
    0x080084a0   0x0000007c   Code   RO         1483    i.Startup_GPIO_Init  bsp_startup.o
    0x0800851c   0x00000020   Code   RO         4844    i.SysTick_Handler   port.o
    0x0800853c   0x00000060   Code   RO         4120    i.SystemInit        system_stm32f10x.o
    0x0800859c   0x000000a4   Code   RO            5    i.System_Status_Clean  main.o
    0x08008640   0x000004f4   Code   RO            6    i.System_Status_Display  main.o
    0x08008b34   0x00000038   Code   RO            7    i.System_Status_Init  main.o
    0x08008b6c   0x00000328   Code   RO            8    i.System_Status_Update  main.o
    0x08008e94   0x0000012c   Code   RO         1025    i.TH_Analyze        task_th.o
    0x08008fc0   0x000001fc   Code   RO         1026    i.TH_Cheak          task_th.o
    0x080091bc   0x00000020   Code   RO         1068    i.Task_Alarm        task_alarm.o
    0x080091dc   0x000004c0   Code   RO          893    i.Task_App          task_app.o
    0x0800969c   0x000007f4   Code   RO          964    i.Task_Hardware_Monitor  task_hardware_monitor.o
    0x08009e90   0x00000dc0   Code   RO          998    i.Task_MT2000       task_mt2000.o
    0x0800ac50   0x00000080   Code   RO         1027    i.Task_TH           task_th.o
    0x0800acd0   0x00001d70   Code   RO          935    i.Task_Upper_Computer  task_upper_computer.o
    0x0800ca40   0x00000020   Code   RO         1984    i.Time_Adjust       bsp_rtc.o
    0x0800ca60   0x0000005c   Code   RO         1985    i.Time_Printf       bsp_rtc.o
    0x0800cabc   0x00000010   Code   RO         1314    i.UART4_IRQHandler  bsp_uart_fifo.o
    0x0800cacc   0x00000010   Code   RO         1315    i.UART5_IRQHandler  bsp_uart_fifo.o
    0x0800cadc   0x00000010   Code   RO         1316    i.USART1_IRQHandler  bsp_uart_fifo.o
    0x0800caec   0x00000010   Code   RO         1317    i.USART2_IRQHandler  bsp_uart_fifo.o
    0x0800cafc   0x00000012   Code   RO         2416    i.USART_ClearFlag   stm32f10x_usart.o
    0x0800cb0e   0x00000018   Code   RO         2420    i.USART_Cmd         stm32f10x_usart.o
    0x0800cb26   0x00000054   Code   RO         2424    i.USART_GetITStatus  stm32f10x_usart.o
    0x0800cb7a   0x0000004a   Code   RO         2426    i.USART_ITConfig    stm32f10x_usart.o
    0x0800cbc4   0x000000d8   Code   RO         2427    i.USART_Init        stm32f10x_usart.o
    0x0800cc9c   0x0000000a   Code   RO         2434    i.USART_ReceiveData  stm32f10x_usart.o
    0x0800cca6   0x00000008   Code   RO         2437    i.USART_SendData    stm32f10x_usart.o
    0x0800ccae   0x00000002   PAD
    0x0800ccb0   0x00000050   Code   RO         1793    i.USB_LP_CAN1_RX0_IRQHandler  can.o
    0x0800cd00   0x00000042   Code   RO         1318    i.UartGetChar       bsp_uart_fifo.o
    0x0800cd42   0x000000e6   Code   RO         1319    i.UartIRQ           bsp_uart_fifo.o
    0x0800ce28   0x0000006a   Code   RO         1320    i.UartSend          bsp_uart_fifo.o
    0x0800ce92   0x00000002   PAD
    0x0800ce94   0x000000f0   Code   RO         1321    i.UartVarInit       bsp_uart_fifo.o
    0x0800cf84   0x00000004   Code   RO         1234    i.UsageFault_Handler  stm32f10x_it.o
    0x0800cf88   0x00000300   Code   RO          692    i.VA_alarm_check    alarm.o
    0x0800d288   0x00000020   Code   RO         5225    i.__0printf         mc_w.l(printfa.o)
    0x0800d2a8   0x00000024   Code   RO         5230    i.__0vsnprintf      mc_w.l(printfa.o)
    0x0800d2cc   0x0000000e   Code   RO         5349    i.__scatterload_copy  mc_w.l(handlers.o)
    0x0800d2da   0x00000002   Code   RO         5350    i.__scatterload_null  mc_w.l(handlers.o)
    0x0800d2dc   0x0000000e   Code   RO         5351    i.__scatterload_zeroinit  mc_w.l(handlers.o)
    0x0800d2ea   0x00000002   PAD
    0x0800d2ec   0x0000000c   Code   RO         5320    i.__set_errno       mc_w.l(errno.o)
    0x0800d2f8   0x00000164   Code   RO         5232    i._fp_digits        mc_w.l(printfa.o)
    0x0800d45c   0x000006dc   Code   RO         5233    i._printf_core      mc_w.l(printfa.o)
    0x0800db38   0x00000024   Code   RO         5234    i._printf_post_padding  mc_w.l(printfa.o)
    0x0800db5c   0x0000002e   Code   RO         5235    i._printf_pre_padding  mc_w.l(printfa.o)
    0x0800db8a   0x00000016   Code   RO         5236    i._snputc           mc_w.l(printfa.o)
    0x0800dba0   0x00000828   Code   RO          693    i.alarm_printf      alarm.o
    0x0800e3c8   0x00000018   Code   RO         1186    i.bsp_Init          bsp.o
    0x0800e3e0   0x00000010   Code   RO         1322    i.bsp_InitUart      bsp_uart_fifo.o
    0x0800e3f0   0x000000dc   Code   RO         4964    i.ceil              m_ws.l(ceil.o)
    0x0800e4cc   0x0000002c   Code   RO          694    i.clean_all_alarm_flags  alarm.o
    0x0800e4f8   0x000000f0   Code   RO         1625    i.clear_flash_save  bsp_internal_flash.o
    0x0800e5e8   0x0000001c   Code   RO         1326    i.comClearRxFifo    bsp_uart_fifo.o
    0x0800e604   0x0000001e   Code   RO         1328    i.comGetChar        bsp_uart_fifo.o
    0x0800e622   0x0000002e   Code   RO         1329    i.comSendBuf        bsp_uart_fifo.o
    0x0800e650   0x00000010   Code   RO         1330    i.comSendChar       bsp_uart_fifo.o
    0x0800e660   0x0000001c   Code   RO         1736    i.crc_ccitt         crc16.o
    0x0800e67c   0x000020ac   Code   RO          813    i.find_hard_control  hard_control.o
    0x08010728   0x00000012   Code   RO         1332    i.fputc             bsp_uart_fifo.o
    0x0801073a   0x00000086   Code   RO          326    i.freq_hex_to_str   my_protocol.o
    0x080107c0   0x00000032   Code   RO          327    i.freq_str_to_hex   my_protocol.o
    0x080107f2   0x00000002   PAD
    0x080107f4   0x000001c4   Code   RO          328    i.func_code_printf  my_protocol.o
    0x080109b8   0x0000004a   Code   RO          329    i.get_OldtoNew_power_level  my_protocol.o
    0x08010a02   0x00000002   PAD
    0x08010a04   0x00000064   Code   RO          752    i.get_Standing_wave_ratio  stand_wave_rate.o
    0x08010a68   0x000000bc   Code   RO          695    i.get_history_alarm  alarm.o
    0x08010b24   0x0000006a   Code   RO         1106    i.iap_write_appbin  firmware_update.o
    0x08010b8e   0x00000002   PAD
    0x08010b90   0x000001c0   Code   RO         1626    i.judg_read_flash   bsp_internal_flash.o
    0x08010d50   0x00000032   Code   RO          330    i.judge_is_valid_can_data  my_protocol.o
    0x08010d82   0x00000002   PAD
    0x08010d84   0x000006b8   Code   RO          814    i.juge_need_close   hard_control.o
    0x0801143c   0x00000660   Code   RO          815    i.juge_need_open    hard_control.o
    0x08011a9c   0x0000006c   Code   RO          816    i.juge_need_open_close  hard_control.o
    0x08011b08   0x00000574   Code   RO            9    i.main              main.o
    0x0801207c   0x0000007c   Code   RO         1947    i.mktimev           bsp_date.o
    0x080120f8   0x0000004a   Code   RO          331    i.new2old_power_level  my_protocol.o
    0x08012142   0x0000004a   Code   RO          332    i.old2new_power_level  my_protocol.o
    0x0801218c   0x000004e8   Code   RO          859    i.power_add         power.o
    0x08012674   0x00000084   Code   RO          965    i.power_check       task_hardware_monitor.o
    0x080126f8   0x00000328   Code   RO          860    i.power_sub         power.o
    0x08012a20   0x00000054   Code   RO         4427    i.prvAddCurrentTaskToDelayedList  tasks.o
    0x08012a74   0x00000042   Code   RO         4428    i.prvAllocateTCBAndStack  tasks.o
    0x08012ab6   0x00000002   PAD
    0x08012ab8   0x0000005c   Code   RO         4748    i.prvCheckForValidListAndQueue  timers.o
    0x08012b14   0x00000064   Code   RO         4429    i.prvCheckTasksWaitingTermination  tasks.o
    0x08012b78   0x0000002a   Code   RO         4279    i.prvCopyDataFromQueue  queue.o
    0x08012ba2   0x00000080   Code   RO         4280    i.prvCopyDataToQueue  queue.o
    0x08012c22   0x00000012   Code   RO         4430    i.prvDeleteTCB      tasks.o
    0x08012c34   0x00000028   Code   RO         4749    i.prvGetNextExpireTime  timers.o
    0x08012c5c   0x0000007c   Code   RO         4914    i.prvHeapInit       heap_4.o
    0x08012cd8   0x00000018   Code   RO         4431    i.prvIdleTask       tasks.o
    0x08012cf0   0x00000062   Code   RO         4432    i.prvInitialiseTCBVariables  tasks.o
    0x08012d52   0x00000002   PAD
    0x08012d54   0x00000068   Code   RO         4433    i.prvInitialiseTaskLists  tasks.o
    0x08012dbc   0x00000068   Code   RO         4915    i.prvInsertBlockIntoFreeList  heap_4.o
    0x08012e24   0x00000058   Code   RO         4750    i.prvInsertTimerInActiveList  timers.o
    0x08012e7c   0x0000001a   Code   RO         4281    i.prvIsQueueEmpty   queue.o
    0x08012e96   0x0000001e   Code   RO         4282    i.prvIsQueueFull    queue.o
    0x08012eb4   0x00000058   Code   RO         4751    i.prvProcessExpiredTimer  timers.o
    0x08012f0c   0x000000dc   Code   RO         4752    i.prvProcessReceivedCommands  timers.o
    0x08012fe8   0x00000064   Code   RO         4753    i.prvProcessTimerOrBlockTask  timers.o
    0x0801304c   0x00000034   Code   RO         4435    i.prvResetNextTaskUnblockTime  tasks.o
    0x08013080   0x0000002c   Code   RO         4754    i.prvSampleTimeNow  timers.o
    0x080130ac   0x00000090   Code   RO         4755    i.prvSwitchTimerLists  timers.o
    0x0801313c   0x00000024   Code   RO         4845    i.prvTaskExitError  port.o
    0x08013160   0x0000001a   Code   RO         4756    i.prvTimerTask      timers.o
    0x0801317a   0x0000007e   Code   RO         4283    i.prvUnlockQueue    queue.o
    0x080131f8   0x00000114   Code   RO         4916    i.pvPortMalloc      heap_4.o
    0x0801330c   0x00000020   Code   RO         4438    i.pvTaskIncrementMutexHeldCount  tasks.o
    0x0801332c   0x00000020   Code   RO         4846    i.pxPortInitialiseStack  port.o
    0x0801334c   0x000000cc   Code   RO          696    i.set_alarm_bit     alarm.o
    0x08013418   0x00000090   Code   RO          333    i.set_run_diagram_new_power_level  my_protocol.o
    0x080134a8   0x0000004c   Code   RO         4968    i.sqrt              m_ws.l(sqrt.o)
    0x080134f4   0x00000158   Code   RO          697    i.swr_power_alarm_check  alarm.o
    0x0801364c   0x000000cc   Code   RO         1948    i.to_tm             bsp_date.o
    0x08013718   0x00000012   Code   RO         1986    i.update_RTCtime    bsp_rtc.o
    0x0801372a   0x00000002   PAD
    0x0801372c   0x00000714   Code   RO          334    i.update_status_without_inquire  my_protocol.o
    0x08013e40   0x00000054   Code   RO          335    i.update_system_power_level  my_protocol.o
    0x08013e94   0x00000028   Code   RO         4243    i.uxListRemove      list.o
    0x08013ebc   0x0000001a   Code   RO         4244    i.vListInitialise   list.o
    0x08013ed6   0x00000006   Code   RO         4245    i.vListInitialiseItem  list.o
    0x08013edc   0x00000034   Code   RO         4246    i.vListInsert       list.o
    0x08013f10   0x00000018   Code   RO         4247    i.vListInsertEnd    list.o
    0x08013f28   0x00000044   Code   RO         4848    i.vPortEnterCritical  port.o
    0x08013f6c   0x0000002c   Code   RO         4849    i.vPortExitCritical  port.o
    0x08013f98   0x00000078   Code   RO         4917    i.vPortFree         heap_4.o
    0x08014010   0x00000014   Code   RO         4850    i.vPortSetupTimerInterrupt  port.o
    0x08014024   0x0000005c   Code   RO         4851    i.vPortValidateInterruptPriority  port.o
    0x08014080   0x00000018   Code   RO         4852    i.vPortYield        port.o
    0x08014098   0x00000042   Code   RO         4291    i.vQueueWaitForMessageRestricted  queue.o
    0x080140da   0x00000002   PAD
    0x080140dc   0x00000070   Code   RO         4446    i.vTaskDelay        tasks.o
    0x0801414c   0x0000000c   Code   RO         4450    i.vTaskMissedYield  tasks.o
    0x08014158   0x00000070   Code   RO         4452    i.vTaskPlaceOnEventList  tasks.o
    0x080141c8   0x00000074   Code   RO         4453    i.vTaskPlaceOnEventListRestricted  tasks.o
    0x0801423c   0x000000b0   Code   RO         4455    i.vTaskPriorityInherit  tasks.o
    0x080142ec   0x00000024   Code   RO         4459    i.vTaskSetTimeOutState  tasks.o
    0x08014310   0x00000068   Code   RO         4460    i.vTaskStartScheduler  tasks.o
    0x08014378   0x00000010   Code   RO         4462    i.vTaskSuspendAll   tasks.o
    0x08014388   0x00000080   Code   RO         4463    i.vTaskSwitchContext  tasks.o
    0x08014408   0x000000e0   Code   RO           10    i.vTimerCallback    main.o
    0x080144e8   0x000000c4   Code   RO           11    i.vTimerCallback2   main.o
    0x080145ac   0x0000008c   Code   RO           12    i.vTimerCallback3   main.o
    0x08014638   0x000000a0   Code   RO         4853    i.xPortStartScheduler  port.o
    0x080146d8   0x0000004c   Code   RO         4292    i.xQueueCreateMutex  queue.o
    0x08014724   0x0000006a   Code   RO         4293    i.xQueueGenericCreate  queue.o
    0x0801478e   0x0000015a   Code   RO         4294    i.xQueueGenericReceive  queue.o
    0x080148e8   0x00000078   Code   RO         4295    i.xQueueGenericReset  queue.o
    0x08014960   0x00000142   Code   RO         4296    i.xQueueGenericSend  queue.o
    0x08014aa2   0x000000ac   Code   RO         4297    i.xQueueGenericSendFromISR  queue.o
    0x08014b4e   0x00000002   PAD
    0x08014b50   0x00000074   Code   RO         4464    i.xTaskCheckForTimeOut  tasks.o
    0x08014bc4   0x00000138   Code   RO         4465    i.xTaskGenericCreate  tasks.o
    0x08014cfc   0x000000d8   Code   RO         4466    i.xTaskGenericNotify  tasks.o
    0x08014dd4   0x00000020   Code   RO         4469    i.xTaskGetSchedulerState  tasks.o
    0x08014df4   0x0000000c   Code   RO         4470    i.xTaskGetTickCount  tasks.o
    0x08014e00   0x0000013c   Code   RO         4472    i.xTaskIncrementTick  tasks.o
    0x08014f3c   0x000000d4   Code   RO         4474    i.xTaskNotifyWait   tasks.o
    0x08015010   0x000000ac   Code   RO         4475    i.xTaskPriorityDisinherit  tasks.o
    0x080150bc   0x0000008c   Code   RO         4476    i.xTaskRemoveFromEventList  tasks.o
    0x08015148   0x000000e8   Code   RO         4478    i.xTaskResumeAll    tasks.o
    0x08015230   0x00000050   Code   RO         4759    i.xTimerCreate      timers.o
    0x08015280   0x0000004c   Code   RO         4760    i.xTimerCreateTimerTask  timers.o
    0x080152cc   0x00000074   Code   RO         4761    i.xTimerGenericCommand  timers.o
    0x08015340   0x000000c8   Data   RO          489    .constdata          mt2000_protocol.o
    0x08015408   0x0000000a   Data   RO          966    .constdata          task_hardware_monitor.o
    0x08015412   0x00000200   Data   RO         1739    .constdata          crc16.o
    0x08015612   0x00000002   PAD
    0x08015614   0x00000030   Data   RO         1949    .constdata          bsp_date.o
    0x08015644   0x00000040   Data   RO         5345    .constdata          mc_w.l(ctype_c.o)
    0x08015684   0x00000041   Data   RO          490    .conststring        mt2000_protocol.o
    0x080156c5   0x00000003   PAD
    0x080156c8   0x00000020   Data   RO         5347    Region$$Table       anon$$obj.o


    Execution Region RW_IRAM1 (Base: 0x20000000, Size: 0x0000b788, Max: 0x00010000, ABSOLUTE, COMPRESSED[0x00000060])

    Base Addr    Size         Type   Attr      Idx    E Section Name        Object

    0x20000000   0x00000074   Data   RW           14    .data               main.o
    0x20000074   0x00000009   Data   RW          336    .data               my_protocol.o
    0x2000007d   0x00000008   Data   RW          491    .data               mt2000_protocol.o
    0x20000085   0x00000003   PAD
    0x20000088   0x0000000c   Data   RW          895    .data               task_app.o
    0x20000094   0x00000007   Data   RW          937    .data               task_upper_computer.o
    0x2000009b   0x00000001   PAD
    0x2000009c   0x00000009   Data   RW          967    .data               task_hardware_monitor.o
    0x200000a5   0x00000003   PAD
    0x200000a8   0x00000004   Data   RW          999    .data               task_mt2000.o
    0x200000ac   0x0000000d   Data   RW         1028    .data               task_th.o
    0x200000b9   0x00000003   PAD
    0x200000bc   0x00000004   Data   RW         1069    .data               task_alarm.o
    0x200000c0   0x00000008   Data   RW         1107    .data               firmware_update.o
    0x200000c8   0x00000038   Data   RW         1628    .data               bsp_internal_flash.o
    0x20000100   0x00000001   Data   RW         1795    .data               can.o
    0x20000101   0x00000003   PAD
    0x20000104   0x00000030   Data   RW         1950    .data               bsp_date.o
    0x20000134   0x00000014   Data   RW         2240    .data               stm32f10x_rcc.o
    0x20000148   0x00000038   Data   RW         4481    .data               tasks.o
    0x20000180   0x00000010   Data   RW         4764    .data               timers.o
    0x20000190   0x0000000c   Data   RW         4854    .data               port.o
    0x2000019c   0x00000018   Data   RW         4922    .data               heap_4.o
    0x200001b4   0x00000004   Data   RW         5307    .data               mc_w.l(stdout.o)
    0x200001b8   0x00000004   Data   RW         5321    .data               mc_w.l(errno.o)
    0x200001bc   0x00001c88   Zero   RW           13    .bss                main.o
    0x20001e44   0x000002b1   Zero   RW          488    .bss                mt2000_protocol.o
    0x200020f5   0x00000806   Zero   RW          894    .bss                task_app.o
    0x200028fb   0x00000101   Zero   RW          936    .bss                task_upper_computer.o
    0x200029fc   0x000014d4   Zero   RW         1333    .bss                bsp_uart_fifo.o
    0x20003ed0   0x00000750   Zero   RW         1627    .bss                bsp_internal_flash.o
    0x20004620   0x00000028   Zero   RW         1794    .bss                can.o
    0x20004648   0x00000800   Zero   RW         1848    .bss                stmflash.o
    0x20004e48   0x00000118   Zero   RW         4480    .bss                tasks.o
    0x20004f60   0x00000028   Zero   RW         4763    .bss                timers.o
    0x20004f88   0x00005000   Zero   RW         4921    .bss                heap_4.o
    0x20009f88   0x00001800   Zero   RW         2033    STACK               startup_stm32f10x_hd.o


==============================================================================

Image component sizes


      Code (inc. data)   RO Data    RW Data    ZI Data      Debug   Object Name

      3636        732          0          0          0       4020   alarm.o
       100          8          0          0          0        988   bsp.o
       480         20         48         48          0       2489   bsp_date.o
      2620        364          0         56       1872      11954   bsp_internal_flash.o
        92          6          0          0          0        510   bsp_led.o
       620        254          0          0          0       3552   bsp_rtc.o
       124         14          0          0          0        532   bsp_startup.o
      1600        132          0          0       5332      10366   bsp_uart_fifo.o
       540         52          0          1         40       3014   can.o
        64          6        512          0          0       1857   crc16.o
         0          0          0          0          0       1468   event_groups.o
       612         36          0          8          0       8213   firmware_update.o
     11824        556          0          0          0       6962   hard_control.o
       624         64          0         24      20480       3735   heap_4.o
       148          0          0          0          0       2926   list.o
      4632       1878          0        116       7304     288606   main.o
       152         30          0          0          0       2193   misc.o
      5228       1208        265          8        689      20008   mt2000_protocol.o
      9616       1520          0          9          0      15794   my_protocol.o
       670         86          0         12          0       7602   port.o
      2064        576          0          0          0       2668   power.o
      1560          0          0          0          0      10026   queue.o
       100          6          0          0          0       1902   stand_wave_rate.o
        36          8        304          0       6144        884   startup_stm32f10x_hd.o
        72         10          0          0          0       2796   stm32f10x_bkp.o
      1252         28          0          0          0       5257   stm32f10x_can.o
       394         42          0          0          0       6132   stm32f10x_flash.o
       430          6          0          0          0       3998   stm32f10x_gpio.o
       142         58          0          0          0       3126   stm32f10x_it.o
        12          6          0          0          0        538   stm32f10x_pwr.o
       504         64          0         20          0       8546   stm32f10x_rcc.o
       284         50          0          0          0       5512   stm32f10x_rtc.o
       434          6          0          0          0       6269   stm32f10x_usart.o
       310         10          0          0       2048       3233   stmflash.o
       328         28          0          0          0       1881   system_stm32f10x.o
        32          6          0          4          0        681   task_alarm.o
      2000        710          0         12       2054       4366   task_app.o
      2168        494         10          9          0       2423   task_hardware_monitor.o
      3520        996          0          4          0       2631   task_mt2000.o
       936        174          0         13          0      13402   task_th.o
      7536       1816          0          7        257       4724   task_upper_computer.o
      3150        412          0         56        280      20327   tasks.o
      1114         98          0         16         40       8702   timers.o

    ----------------------------------------------------------------------
     71814      12570       1176        436      46540     516813   Object Totals
         0          0         32          0          0          0   (incl. Generated)
        54          0          5         13          0          0   (incl. Padding)

    ----------------------------------------------------------------------

      Code (inc. data)   RO Data    RW Data    ZI Data      Debug   Library Member Name

       220         16          0          0          0         84   ceil.o
        76          0          0          0          0         84   sqrt.o
        56          8          0          0          0         84   __0sscanf.o
        86          0          0          0          0          0   __dczerorl2.o
       812          4          0          0          0        112   _scanf.o
       224          0          0          0          0         96   _scanf_str.o
        64          0          0          0          0         84   _sgetc.o
        40          6         64          0          0         68   ctype_c.o
         0          0          0          0          0          0   entry.o
         0          0          0          0          0          0   entry10a.o
         0          0          0          0          0          0   entry11a.o
         8          4          0          0          0          0   entry2.o
         4          0          0          0          0          0   entry5.o
         0          0          0          0          0          0   entry7b.o
         0          0          0          0          0          0   entry8b.o
         8          4          0          0          0          0   entry9a.o
        12          6          0          4          0         68   errno.o
        30          0          0          0          0          0   handlers.o
        36          8          0          0          0         68   init.o
        10          0          0          0          0         68   isspace_c.o
         0          0          0          0          0          0   iusefp.o
        30          0          0          0          0         68   llshl.o
        36          0          0          0          0         68   llsshr.o
        32          0          0          0          0         68   llushr.o
        26          0          0          0          0         80   memcmp.o
        36          0          0          0          0         68   memcpya.o
        36          0          0          0          0        108   memseta.o
      2284         94          0          0          0        592   printfa.o
        40          8          0          0          0         84   scanf_char.o
         0          0          0          4          0          0   stdout.o
        28          0          0          0          0         76   strcmp.o
        14          0          0          0          0         68   strlen.o
        30          0          0          0          0         80   strncmp.o
        44          0          0          0          0         80   uidiv.o
        98          0          0          0          0         92   uldiv.o
        48          0          0          0          0         68   cdcmple.o
        48          0          0          0          0         68   cdrcmple.o
        20          0          0          0          0         68   cfcmple.o
        20          0          0          0          0         68   cfrcmple.o
        56          0          0          0          0         88   d2f.o
       334          0          0          0          0        148   dadd.o
       222          0          0          0          0        100   ddiv.o
       186          0          0          0          0        176   depilogue.o
        62          0          0          0          0         80   dfixi.o
        48          0          0          0          0         68   dfixul.o
        34          0          0          0          0         76   dflti.o
        26          0          0          0          0         76   dfltui.o
       228          0          0          0          0         96   dmul.o
       162          0          0          0          0        100   dsqrt.o
        38          0          0          0          0         68   f2d.o
       176          0          0          0          0        140   fadd.o
       124          0          0          0          0         88   fdiv.o
       110          0          0          0          0        168   fepilogue.o
        50          0          0          0          0         68   ffixi.o
        18          0          0          0          0         68   fflti.o
       100          0          0          0          0         76   fmul.o

    ----------------------------------------------------------------------
      6538        158         64          8          0       4304   Library Totals
         8          0          0          0          0          0   (incl. Padding)

    ----------------------------------------------------------------------

      Code (inc. data)   RO Data    RW Data    ZI Data      Debug   Library Name

       296         16          0          0          0        168   m_ws.l
      4124        142         64          8          0       2180   mc_w.l
      2110          0          0          0          0       1956   mf_w.l

    ----------------------------------------------------------------------
      6538        158         64          8          0       4304   Library Totals

    ----------------------------------------------------------------------

==============================================================================


      Code (inc. data)   RO Data    RW Data    ZI Data      Debug   

     78352      12728       1240        444      46540     505437   Grand Totals
     78352      12728       1240         96      46540     505437   ELF Image Totals (compressed)
     78352      12728       1240         96          0          0   ROM Totals

==============================================================================

    Total RO  Size (Code + RO Data)                79592 (  77.73kB)
    Total RW  Size (RW Data + ZI Data)             46984 (  45.88kB)
    Total ROM Size (Code + RO Data + RW Data)      79688 (  77.82kB)

==============================================================================

