Component: ARM Compiler 5.05 update 2 (build 169) Tool: armlink [4d0f33]

==============================================================================

Section Cross References

    main.o(i.AppObjCreate) refers to queue.o(i.xQueueCreateMutex) for xQueueCreateMutex
    main.o(i.AppObjCreate) refers to printfa.o(i.__0printf) for __2printf
    main.o(i.AppObjCreate) refers to event_groups.o(i.xEventGroupCreate) for xEventGroupCreate
    main.o(i.AppObjCreate) refers to main.o(.data) for xMutex
    main.o(i.AppTaskCreate) refers to tasks.o(i.xTaskGenericCreate) for xTaskGenericCreate
    main.o(i.AppTaskCreate) refers to main.o(.data) for xHandleTaskUserIF
    main.o(i.AppTaskCreate) refers to main.o(i.vTaskTaskUserIF) for vTaskTaskUserIF
    main.o(i.AppTaskCreate) refers to bsp_emission.o(.data) for xHandleTask_Receive
    main.o(i.AppTaskCreate) refers to bsp_emission.o(i.vTaskTaskTaskEmis_Receive) for vTaskTaskTaskEmis_Receive
    main.o(i.AppTaskCreate) refers to bsp_emission.o(i.vTaskTaskTask_hard_control) for vTaskTaskTask_hard_control
    main.o(i.AppTaskCreate) refers to bsp_emission.o(i.vTaskTaskTaskEmis_Send) for vTaskTaskTaskEmis_Send
    main.o(i.AppTaskCreate) refers to main.o(i.vTaskReceiveFormPC) for vTaskReceiveFormPC
    main.o(i.AppTaskCreate) refers to main.o(i.vTaskSendToPC) for vTaskSendToPC
    main.o(i.AppTaskCreate) refers to bsp_emission.o(i.vTaskTask_hard_monitor) for vTaskTask_hard_monitor
    main.o(i.AppTaskCreate) refers to main.o(i.vTaskReceive_T_H) for vTaskReceive_T_H
    main.o(i.analysis_buff) refers to dflti.o(.text) for __aeabi_i2d
    main.o(i.analysis_buff) refers to ddiv.o(.text) for __aeabi_ddiv
    main.o(i.analysis_buff) refers to d2f.o(.text) for __aeabi_d2f
    main.o(i.analysis_buff) refers to cfcmple.o(.text) for __aeabi_cfcmple
    main.o(i.analysis_buff) refers to cfrcmple.o(.text) for __aeabi_cfrcmple
    main.o(i.analysis_buff) refers to f2d.o(.text) for __aeabi_f2d
    main.o(i.analysis_buff) refers to bsp.o(i.App_printf) for App_printf
    main.o(i.analysis_buff) refers to stm32f10x_rtc.o(i.RTC_GetCounter) for RTC_GetCounter
    main.o(i.analysis_buff) refers to bsp_rtc.o(i.Time_Display) for Time_Display
    main.o(i.analysis_buff) refers to bsp_emission.o(.data) for Temperature_Humidity
    main.o(i.analysis_buff) refers to bsp_emission.o(.bss) for Sys_State
    main.o(i.analysis_buff) refers to bsp.o(.bss) for Alarm_threshold
    main.o(i.analysis_buff) refers to main.o(.bss) for set_time
    main.o(i.main) refers to bsp.o(i.bsp_Init) for bsp_Init
    main.o(i.main) refers to bsp_iwdg_fire.o(i.IWDG_Config) for IWDG_Config
    main.o(i.main) refers to main.o(i.AppObjCreate) for AppObjCreate
    main.o(i.main) refers to bsp_rtc.o(i.RTC_NVIC_Config) for RTC_NVIC_Config
    main.o(i.main) refers to bsp_rtc.o(i.RTC_CheckAndConfig) for RTC_CheckAndConfig
    main.o(i.main) refers to bsp_internal_flash.o(i.Flash_to_AcceptAPP) for Flash_to_AcceptAPP
    main.o(i.main) refers to bsp.o(i.App_printf) for App_printf
    main.o(i.main) refers to bsp_internal_flash.o(i.Flash2_to_AcceptAPP) for Flash2_to_AcceptAPP
    main.o(i.main) refers to bsp_internal_flash.o(i.Flash3_to_AcceptAPP) for Flash3_to_AcceptAPP
    main.o(i.main) refers to bsp_internal_flash.o(i.judg_read_flash) for judg_read_flash
    main.o(i.main) refers to timers.o(i.xTimerCreate) for xTimerCreate
    main.o(i.main) refers to printfa.o(i.__0printf) for __2printf
    main.o(i.main) refers to tasks.o(i.xTaskGetTickCount) for xTaskGetTickCount
    main.o(i.main) refers to timers.o(i.xTimerGenericCommand) for xTimerGenericCommand
    main.o(i.main) refers to main.o(i.AppTaskCreate) for AppTaskCreate
    main.o(i.main) refers to tasks.o(i.vTaskStartScheduler) for vTaskStartScheduler
    main.o(i.main) refers to main.o(.data) for systmtime
    main.o(i.main) refers to main.o(.bss) for set_time
    main.o(i.main) refers to bsp_emission.o(.bss) for Sys_State
    main.o(i.main) refers to bsp_internal_flash.o(.data) for flash_3_once_flag
    main.o(i.main) refers to main.o(i.vTimerCallback) for vTimerCallback
    main.o(i.main) refers to main.o(i.vTimerCallback2) for vTimerCallback2
    main.o(i.set_alarm_bit) refers to bsp_emission.o(.bss) for Sys_State
    main.o(i.set_alarm_bit) refers to bsp.o(.bss) for Alarm_historyBack
    main.o(i.vTaskReceiveFormPC) refers to bsp.o(i.App_printf) for App_printf
    main.o(i.vTaskReceiveFormPC) refers to tasks.o(i.vTaskDelay) for vTaskDelay
    main.o(i.vTaskReceiveFormPC) refers to bsp_uart_fifo.o(i.comGetChar) for comGetChar
    main.o(i.vTaskReceiveFormPC) refers to data_pars.o(i.CAN_data_func) for CAN_data_func
    main.o(i.vTaskReceiveFormPC) refers to tasks.o(i.xTaskGenericNotify) for xTaskGenericNotify
    main.o(i.vTaskReceiveFormPC) refers to ffltui.o(.text) for __aeabi_ui2f
    main.o(i.vTaskReceiveFormPC) refers to fdiv.o(.text) for __aeabi_fdiv
    main.o(i.vTaskReceiveFormPC) refers to f2d.o(.text) for __aeabi_f2d
[...]
    g_TxBuf4                                 0x20002684   Data        1024  bsp_uart_fifo.o(.bss)
    g_RxBuf4                                 0x20002a84   Data        1024  bsp_uart_fifo.o(.bss)
    g_tUart5                                 0x20002e84   Data          40  bsp_uart_fifo.o(.bss)
    g_TxBuf5                                 0x20002eac   Data        1024  bsp_uart_fifo.o(.bss)
    g_RxBuf5                                 0x200032ac   Data        1024  bsp_uart_fifo.o(.bss)
    .bss                                     0x200036ac   Section     5344  bsp_emission.o(.bss)
    .bss                                     0x20004b90   Section      521  data_pars.o(.bss)
    pp_PC_dat                                0x20004c98   Data         257  data_pars.o(.bss)
    .bss                                     0x20004d9c   Section     1832  bsp_internal_flash.o(.bss)
    .bss                                     0x200054c4   Section      280  tasks.o(.bss)
    pxReadyTasksLists                        0x200054c4   Data         180  tasks.o(.bss)
    xDelayedTaskList1                        0x20005578   Data          20  tasks.o(.bss)
    xDelayedTaskList2                        0x2000558c   Data          20  tasks.o(.bss)
    xPendingReadyList                        0x200055a0   Data          20  tasks.o(.bss)
    xTasksWaitingTermination                 0x200055b4   Data          20  tasks.o(.bss)
    xSuspendedTaskList                       0x200055c8   Data          20  tasks.o(.bss)
    .bss                                     0x200055dc   Section       40  timers.o(.bss)
    xActiveTimerList1                        0x200055dc   Data          20  timers.o(.bss)
    xActiveTimerList2                        0x200055f0   Data          20  timers.o(.bss)
    .bss                                     0x20005604   Section    25600  heap_4.o(.bss)
    ucHeap                                   0x20005604   Data       25600  heap_4.o(.bss)
    STACK                                    0x2000ba08   Section     6144  startup_stm32f10x_hd.o(STACK)

    Global Symbols

    Symbol Name                              Value     Ov Type        Size  Object(Section)

    BuildAttributes$$THM_ISAv4$P$D$K$B$S$PE$A:L22UL41UL21$X:L11$S22US41US21$IEEE1$IW$USESV6$~STKCKD$USESV7$~SHL$OTIME$ROPI$IEEEJ$EBA8$MICROLIB$REQ8$PRES8$EABIv2 0x00000000   Number         0  anon$$obj.o ABSOLUTE
    __ARM_use_no_argv                        0x00000000   Number         0  main.o ABSOLUTE
    _printf_a                                0x00000000   Number         0  stubs.o ABSOLUTE
    _printf_c                                0x00000000   Number         0  stubs.o ABSOLUTE
    _printf_charcount                        0x00000000   Number         0  stubs.o ABSOLUTE
    _printf_d                                0x00000000   Number         0  stubs.o ABSOLUTE
    _printf_e                                0x00000000   Number         0  stubs.o ABSOLUTE
    _printf_f                                0x00000000   Number         0  stubs.o ABSOLUTE
    _printf_flags                            0x00000000   Number         0  stubs.o ABSOLUTE
    _printf_fp_dec                           0x00000000   Number         0  stubs.o ABSOLUTE
    _printf_fp_hex                           0x00000000   Number         0  stubs.o ABSOLUTE
    _printf_g                                0x00000000   Number         0  stubs.o ABSOLUTE
    _printf_i                                0x00000000   Number         0  stubs.o ABSOLUTE
    _printf_int_dec                          0x00000000   Number         0  stubs.o ABSOLUTE
    _printf_l                                0x00000000   Number         0  stubs.o ABSOLUTE
    _printf_lc                               0x00000000   Number         0  stubs.o ABSOLUTE
    _printf_ll                               0x00000000   Number         0  stubs.o ABSOLUTE
    _printf_lld                              0x00000000   Number         0  stubs.o ABSOLUTE
    _printf_lli                              0x00000000   Number         0  stubs.o ABSOLUTE
    _printf_llo                              0x00000000   Number         0  stubs.o ABSOLUTE
    _printf_llu                              0x00000000   Number         0  stubs.o ABSOLUTE
    _printf_llx                              0x00000000   Number         0  stubs.o ABSOLUTE
    _printf_longlong_dec                     0x00000000   Number         0  stubs.o ABSOLUTE
    _printf_longlong_hex                     0x00000000   Number         0  stubs.o ABSOLUTE
    _printf_longlong_oct                     0x00000000   Number         0  stubs.o ABSOLUTE
    _printf_ls                               0x00000000   Number         0  stubs.o ABSOLUTE
    _printf_mbtowc                           0x00000000   Number         0  stubs.o ABSOLUTE
    _printf_n                                0x00000000   Number         0  stubs.o ABSOLUTE
    _printf_o                                0x00000000   Number         0  stubs.o ABSOLUTE
    _printf_p                                0x00000000   Number         0  stubs.o ABSOLUTE
    _printf_percent                          0x00000000   Number         0  stubs.o ABSOLUTE
    _printf_pre_padding                      0x00000000   Number         0  stubs.o ABSOLUTE
    _printf_return_value                     0x00000000   Number         0  stubs.o ABSOLUTE
    _printf_s                                0x00000000   Number         0  stubs.o ABSOLUTE
    _printf_sizespec                         0x00000000   Number         0  stubs.o ABSOLUTE
    _printf_str                              0x00000000   Number         0  stubs.o ABSOLUTE
    _printf_truncate_signed                  0x00000000   Number         0  stubs.o ABSOLUTE
    _printf_truncate_unsigned                0x00000000   Number         0  stubs.o ABSOLUTE
    _printf_u                                0x00000000   Number         0  stubs.o ABSOLUTE
    _printf_wc                               0x00000000   Number         0  stubs.o ABSOLUTE
    _printf_wctomb                           0x00000000   Number         0  stubs.o ABSOLUTE
    _printf_widthprec                        0x00000000   Number         0  stubs.o ABSOLUTE
    _printf_x                                0x00000000   Number         0  stubs.o ABSOLUTE
    __cpp_initialize__aeabi_                  - Undefined Weak Reference
    __cxa_finalize                            - Undefined Weak Reference
    _clock_init                               - Undefined Weak Reference
    _microlib_exit                            - Undefined Weak Reference
    _scanf_longlong                           - Undefined Weak Reference
    _scanf_real                               - Undefined Weak Reference
    _scanf_string                             - Undefined Weak Reference
    __Vectors_Size                           0x00000130   Number         0  startup_stm32f10x_hd.o ABSOLUTE
    __Vectors                                0x08000000   Data           4  startup_stm32f10x_hd.o(RESET)
    __Vectors_End                            0x08000130   Data           0  startup_stm32f10x_hd.o(RESET)
    __main                                   0x08000131   Thumb Code     0  entry.o(.ARM.Collect$$$$00000000)
    _main_stk                                0x08000131   Thumb Code     0  entry2.o(.ARM.Collect$$$$00000001)
    _main_scatterload                        0x08000135   Thumb Code     0  entry5.o(.ARM.Collect$$$$00000004)
    __main_after_scatterload                 0x08000139   Thumb Code     0  entry5.o(.ARM.Collect$$$$00000004)
    _main_clock                              0x08000139   Thumb Code     0  entry7b.o(.ARM.Collect$$$$00000008)
    _main_cpp_init                           0x08000139   Thumb Code     0  entry8b.o(.ARM.Collect$$$$0000000A)
    _main_init                               0x08000139   Thumb Code     0  entry9a.o(.ARM.Collect$$$$0000000B)
    __rt_final_cpp                           0x08000141   Thumb Code     0  entry10a.o(.ARM.Collect$$$$0000000D)
    __rt_final_exit                          0x08000141   Thumb Code     0  entry11a.o(.ARM.Collect$$$$0000000F)
    SVC_Handler                              0x08000145   Thumb Code    32  port.o(.emb_text)
    __asm___6_port_c_39a90d8d__prvStartFirstTask 0x08000169   Thumb Code    28  port.o(.emb_text)
    PendSV_Handler                           0x08000189   Thumb Code    64  port.o(.emb_text)
    ulPortSetInterruptMask                   0x080001cd   Thumb Code    14  port.o(.emb_text)
    vPortClearInterruptMask                  0x080001db   Thumb Code     6  port.o(.emb_text)
    vPortGetIPSR                             0x080001e1   Thumb Code     6  port.o(.emb_text)
    Reset_Handler                            0x080001e9   Thumb Code     8  startup_stm32f10x_hd.o(.text)
    ADC1_2_IRQHandler                        0x08000203   Thumb Code     0  startup_stm32f10x_hd.o(.text)
    ADC3_IRQHandler                          0x08000203   Thumb Code     0  startup_stm32f10x_hd.o(.text)
    CAN1_RX1_IRQHandler                      0x08000203   Thumb Code     0  startup_stm32f10x_hd.o(.text)
    CAN1_SCE_IRQHandler                      0x08000203   Thumb Code     0  startup_stm32f10x_hd.o(.text)
    DMA1_Channel1_IRQHandler                 0x08000203   Thumb Code     0  startup_stm32f10x_hd.o(.text)
    DMA1_Channel2_IRQHandler                 0x08000203   Thumb Code     0  startup_stm32f10x_hd.o(.text)
    DMA1_Channel3_IRQHandler                 0x08000203   Thumb Code     0  startup_stm32f10x_hd.o(.text)
    DMA1_Channel4_IRQHandler                 0x08000203   Thumb Code     0  startup_stm32f10x_hd.o(.text)
    DMA1_Channel5_IRQHandler                 0x08000203   Thumb Code     0  startup_stm32f10x_hd.o(.text)
    DMA1_Channel6_IRQHandler                 0x08000203   Thumb Code     0  startup_stm32f10x_hd.o(.text)
    DMA1_Channel7_IRQHandler                 0x08000203   Thumb Code     0  startup_stm32f10x_hd.o(.text)
    DMA2_Channel1_IRQHandler                 0x08000203   Thumb Code     0  startup_stm32f10x_hd.o(.text)
    DMA2_Channel2_IRQHandler                 0x08000203   Thumb Code     0  startup_stm32f10x_hd.o(.text)
    DMA2_Channel3_IRQHandler                 0x08000203   Thumb Code     0  startup_stm32f10x_hd.o(.text)
    DMA2_Channel4_5_IRQHandler               0x08000203   Thumb Code     0  startup_stm32f10x_hd.o(.text)
    EXTI0_IRQHandler                         0x08000203   Thumb Code     0  startup_stm32f10x_hd.o(.text)
    EXTI15_10_IRQHandler                     0x08000203   Thumb Code     0  startup_stm32f10x_hd.o(.text)
    EXTI1_IRQHandler                         0x08000203   Thumb Code     0  startup_stm32f10x_hd.o(.text)
    EXTI2_IRQHandler                         0x08000203   Thumb Code     0  startup_stm32f10x_hd.o(.text)
    EXTI3_IRQHandler                         0x08000203   Thumb Code     0  startup_stm32f10x_hd.o(.text)
    EXTI4_IRQHandler                         0x08000203   Thumb Code     0  startup_stm32f10x_hd.o(.text)
    EXTI9_5_IRQHandler                       0x08000203   Thumb Code     0  startup_stm32f10x_hd.o(.text)
    FLASH_IRQHandler                         0x08000203   Thumb Code     0  startup_stm32f10x_hd.o(.text)
    FSMC_IRQHandler                          0x08000203   Thumb Code     0  startup_stm32f10x_hd.o(.text)
    I2C1_ER_IRQHandler                       0x08000203   Thumb Code     0  startup_stm32f10x_hd.o(.text)
    I2C1_EV_IRQHandler                       0x08000203   Thumb Code     0  startup_stm32f10x_hd.o(.text)
    I2C2_ER_IRQHandler                       0x08000203   Thumb Code     0  startup_stm32f10x_hd.o(.text)
    I2C2_EV_IRQHandler                       0x08000203   Thumb Code     0  startup_stm32f10x_hd.o(.text)
    PVD_IRQHandler                           0x08000203   Thumb Code     0  startup_stm32f10x_hd.o(.text)
    RCC_IRQHandler                           0x08000203   Thumb Code     0  startup_stm32f10x_hd.o(.text)
    RTCAlarm_IRQHandler                      0x08000203   Thumb Code     0  startup_stm32f10x_hd.o(.text)
    SDIO_IRQHandler                          0x08000203   Thumb Code     0  startup_stm32f10x_hd.o(.text)
    SPI1_IRQHandler                          0x08000203   Thumb Code     0  startup_stm32f10x_hd.o(.text)
    SPI2_IRQHandler                          0x08000203   Thumb Code     0  startup_stm32f10x_hd.o(.text)
    SPI3_IRQHandler                          0x08000203   Thumb Code     0  startup_stm32f10x_hd.o(.text)
    TAMPER_IRQHandler                        0x08000203   Thumb Code     0  startup_stm32f10x_hd.o(.text)
    TIM1_BRK_IRQHandler                      0x08000203   Thumb Code     0  startup_stm32f10x_hd.o(.text)
    TIM1_CC_IRQHandler                       0x08000203   Thumb Code     0  startup_stm32f10x_hd.o(.text)
    TIM1_TRG_COM_IRQHandler                  0x08000203   Thumb Code     0  startup_stm32f10x_hd.o(.text)
    TIM1_UP_IRQHandler                       0x08000203   Thumb Code     0  startup_stm32f10x_hd.o(.text)
    TIM2_IRQHandler                          0x08000203   Thumb Code     0  startup_stm32f10x_hd.o(.text)
    TIM3_IRQHandler                          0x08000203   Thumb Code     0  startup_stm32f10x_hd.o(.text)
    TIM4_IRQHandler                          0x08000203   Thumb Code     0  startup_stm32f10x_hd.o(.text)
    TIM5_IRQHandler                          0x08000203   Thumb Code     0  startup_stm32f10x_hd.o(.text)
    TIM6_IRQHandler                          0x08000203   Thumb Code     0  startup_stm32f10x_hd.o(.text)
    TIM7_IRQHandler                          0x08000203   Thumb Code     0  startup_stm32f10x_hd.o(.text)
    TIM8_BRK_IRQHandler                      0x08000203   Thumb Code     0  startup_stm32f10x_hd.o(.text)
    TIM8_CC_IRQHandler                       0x08000203   Thumb Code     0  startup_stm32f10x_hd.o(.text)
    TIM8_TRG_COM_IRQHandler                  0x08000203   Thumb Code     0  startup_stm32f10x_hd.o(.text)
    TIM8_UP_IRQHandler                       0x08000203   Thumb Code     0  startup_stm32f10x_hd.o(.text)
    USART3_IRQHandler                        0x08000203   Thumb Code     0  startup_stm32f10x_hd.o(.text)
    USBWakeUp_IRQHandler                     0x08000203   Thumb Code     0  startup_stm32f10x_hd.o(.text)
    USB_HP_CAN1_TX_IRQHandler                0x08000203   Thumb Code     0  startup_stm32f10x_hd.o(.text)
    USB_LP_CAN1_RX0_IRQHandler               0x08000203   Thumb Code     0  startup_stm32f10x_hd.o(.text)
    WWDG_IRQHandler                          0x08000203   Thumb Code     0  startup_stm32f10x_hd.o(.text)
    __aeabi_memcpy                           0x0800020d   Thumb Code    36  memcpya.o(.text)
    __aeabi_memcpy4                          0x0800020d   Thumb Code     0  memcpya.o(.text)
    __aeabi_memcpy8                          0x0800020d   Thumb Code     0  memcpya.o(.text)
    __aeabi_memset                           0x08000231   Thumb Code    14  memseta.o(.text)
    __aeabi_memset4                          0x08000231   Thumb Code     0  memseta.o(.text)
    __aeabi_memset8                          0x08000231   Thumb Code     0  memseta.o(.text)
    __aeabi_memclr                           0x0800023f   Thumb Code     4  memseta.o(.text)
    __aeabi_memclr4                          0x0800023f   Thumb Code     0  memseta.o(.text)
    __aeabi_memclr8                          0x0800023f   Thumb Code     0  memseta.o(.text)
    _memset$wrapper                          0x08000243   Thumb Code    18  memseta.o(.text)
    memcmp                                   0x08000255   Thumb Code    26  memcmp.o(.text)
    __0sscanf                                0x08000271   Thumb Code    48  __0sscanf.o(.text)
    _scanf_int                               0x080002a9   Thumb Code   332  _scanf_int.o(.text)
    __aeabi_fadd                             0x080003f5   Thumb Code   164  fadd.o(.text)
    __aeabi_fsub                             0x08000499   Thumb Code     6  fadd.o(.text)
    __aeabi_frsub                            0x0800049f   Thumb Code     6  fadd.o(.text)
    __aeabi_fmul                             0x080004a5   Thumb Code   100  fmul.o(.text)
    __aeabi_fdiv                             0x08000509   Thumb Code   124  fdiv.o(.text)
    __aeabi_dadd                             0x08000585   Thumb Code   322  dadd.o(.text)
    __aeabi_dsub                             0x080006c7   Thumb Code     6  dadd.o(.text)
    __aeabi_drsub                            0x080006cd   Thumb Code     6  dadd.o(.text)
    __aeabi_dmul                             0x080006d3   Thumb Code   228  dmul.o(.text)
    __aeabi_ddiv                             0x080007b7   Thumb Code   222  ddiv.o(.text)
    __aeabi_ui2f                             0x08000895   Thumb Code    10  ffltui.o(.text)
    __aeabi_i2d                              0x0800089f   Thumb Code    34  dflti.o(.text)
    __aeabi_f2iz                             0x080008c1   Thumb Code    50  ffixi.o(.text)
    __aeabi_d2iz                             0x080008f3   Thumb Code    62  dfixi.o(.text)
    __aeabi_f2d                              0x08000931   Thumb Code    38  f2d.o(.text)
    __aeabi_cdcmpeq                          0x08000959   Thumb Code     0  cdcmple.o(.text)
    __aeabi_cdcmple                          0x08000959   Thumb Code    48  cdcmple.o(.text)
    __aeabi_cdrcmple                         0x08000989   Thumb Code    48  cdrcmple.o(.text)
    __aeabi_d2f                              0x080009b9   Thumb Code    56  d2f.o(.text)
    __aeabi_cfcmpeq                          0x080009f1   Thumb Code     0  cfcmple.o(.text)
    __aeabi_cfcmple                          0x080009f1   Thumb Code    20  cfcmple.o(.text)
    __aeabi_cfrcmple                         0x08000a05   Thumb Code    20  cfrcmple.o(.text)
    __aeabi_uidiv                            0x08000a19   Thumb Code     0  uidiv.o(.text)
    __aeabi_uidivmod                         0x08000a19   Thumb Code    44  uidiv.o(.text)
    __aeabi_uldivmod                         0x08000a45   Thumb Code    98  uldiv.o(.text)
    __aeabi_llsl                             0x08000aa7   Thumb Code    30  llshl.o(.text)
    _ll_shift_l                              0x08000aa7   Thumb Code     0  llshl.o(.text)
    __aeabi_llsr                             0x08000ac5   Thumb Code    32  llushr.o(.text)
    _ll_ushift_r                             0x08000ac5   Thumb Code     0  llushr.o(.text)
    __aeabi_lasr                             0x08000ae5   Thumb Code    36  llsshr.o(.text)
    _ll_sshift_r                             0x08000ae5   Thumb Code     0  llsshr.o(.text)
    _chval                                   0x08000b09   Thumb Code    28  _chval.o(.text)
    __vfscanf_char                           0x08000b31   Thumb Code    20  scanf_char.o(.text)
    _sgetc                                   0x08000b4d   Thumb Code    30  _sgetc.o(.text)
    _sbackspace                              0x08000b6b   Thumb Code    34  _sgetc.o(.text)
    __I$use$fp                               0x08000b8d   Thumb Code     0  iusefp.o(.text)
    _float_round                             0x08000b8d   Thumb Code    18  fepilogue.o(.text)
    _float_epilogue                          0x08000b9f   Thumb Code    92  fepilogue.o(.text)
    _double_round                            0x08000bfb   Thumb Code    30  depilogue.o(.text)
    _double_epilogue                         0x08000c19   Thumb Code   156  depilogue.o(.text)
    _dsqrt                                   0x08000cb5   Thumb Code   162  dsqrt.o(.text)
    __aeabi_d2ulz                            0x08000d57   Thumb Code    48  dfixul.o(.text)
    __scatterload                            0x08000d89   Thumb Code    28  init.o(.text)
    __scatterload_rt2                        0x08000d89   Thumb Code     0  init.o(.text)
    isspace                                  0x08000dad   Thumb Code    10  isspace_c.o(.text)
    __vfscanf                                0x08000db9   Thumb Code   808  _scanf.o(.text)
    __ctype_lookup                           0x080010e5   Thumb Code    34  ctype_c.o(.text)
    __decompress                             0x0800110d   Thumb Code     0  __dczerorl2.o(.text)
    __decompress1                            0x0800110d   Thumb Code    86  __dczerorl2.o(.text)
    ADC_Cmd                                  0x08001163   Thumb Code    22  stm32f10x_adc.o(i.ADC_Cmd)
    ADC_DMACmd                               0x08001179   Thumb Code    22  stm32f10x_adc.o(i.ADC_DMACmd)
    ADC_GetCalibrationStatus                 0x0800118f   Thumb Code    20  stm32f10x_adc.o(i.ADC_GetCalibrationStatus)
    ADC_GetResetCalibrationStatus            0x080011a3   Thumb Code    20  stm32f10x_adc.o(i.ADC_GetResetCalibrationStatus)
    ADC_Init                                 0x080011b9   Thumb Code    70  stm32f10x_adc.o(i.ADC_Init)
    ADC_RegularChannelConfig                 0x08001209   Thumb Code   184  stm32f10x_adc.o(i.ADC_RegularChannelConfig)
    ADC_ResetCalibration                     0x080012c1   Thumb Code    10  stm32f10x_adc.o(i.ADC_ResetCalibration)
    ADC_SoftwareStartConvCmd                 0x080012cb   Thumb Code    22  stm32f10x_adc.o(i.ADC_SoftwareStartConvCmd)
    ADC_StartCalibration                     0x080012e1   Thumb Code    10  stm32f10x_adc.o(i.ADC_StartCalibration)
    ADCx_Init                                0x08001311   Thumb Code    12  bsp_adc.o(i.ADCx_Init)
    Advance_run_command                      0x080016bd   Thumb Code    26  bsp_emission.o(i.Advance_run_command)
    App_printf                               0x08001925   Thumb Code    68  bsp.o(i.App_printf)
    BKP_DeInit                               0x08001971   Thumb Code    16  stm32f10x_bkp.o(i.BKP_DeInit)
    BKP_ReadBackupRegister                   0x08001981   Thumb Code    24  stm32f10x_bkp.o(i.BKP_ReadBackupRegister)
    BKP_WriteBackupRegister                  0x0800199d   Thumb Code    22  stm32f10x_bkp.o(i.BKP_WriteBackupRegister)
    BusFault_Handler                         0x08002a05   Thumb Code     4  stm32f10x_it.o(i.BusFault_Handler)
    CAN_data_func                            0x08002a09   Thumb Code   164  data_pars.o(i.CAN_data_func)
    CRC16_XMODEM                             0x08002b8d   Thumb Code    36  crc16.o(i.CRC16_XMODEM)
    ComToUart                                0x08002bb1   Thumb Code    44  bsp_uart_fifo.o(i.ComToUart)
    DMA_Cmd                                  0x08002c69   Thumb Code    24  stm32f10x_dma.o(i.DMA_Cmd)
    DMA_DeInit                               0x08002c81   Thumb Code   324  stm32f10x_dma.o(i.DMA_DeInit)
    DMA_Init                                 0x08002dcd   Thumb Code    60  stm32f10x_dma.o(i.DMA_Init)
    DebugMon_Handler                         0x08003519   Thumb Code     2  stm32f10x_it.o(i.DebugMon_Handler)
    FLASH_ClearFlag                          0x0800351d   Thumb Code     6  stm32f10x_flash.o(i.FLASH_ClearFlag)
    FLASH_ErasePage                          0x08003529   Thumb Code    72  stm32f10x_flash.o(i.FLASH_ErasePage)
    FLASH_GetBank1Status                     0x08003575   Thumb Code    48  stm32f10x_flash.o(i.FLASH_GetBank1Status)
    FLASH_Lock                               0x080035a9   Thumb Code    14  stm32f10x_flash.o(i.FLASH_Lock)
    FLASH_ProgramWord                        0x080035bd   Thumb Code   102  stm32f10x_flash.o(i.FLASH_ProgramWord)
    FLASH_Unlock                             0x08003629   Thumb Code    12  stm32f10x_flash.o(i.FLASH_Unlock)
    FLASH_WaitForLastOperation               0x08003641   Thumb Code    38  stm32f10x_flash.o(i.FLASH_WaitForLastOperation)
    Flash2_to_AcceptAPP                      0x08003669   Thumb Code   464  bsp_internal_flash.o(i.Flash2_to_AcceptAPP)
    Flash3_to_AcceptAPP                      0x080038bd   Thumb Code   222  bsp_internal_flash.o(i.Flash3_to_AcceptAPP)
    Flash_Read_Run_Diagram                   0x080039dd   Thumb Code   142  bsp_internal_flash.o(i.Flash_Read_Run_Diagram)
    Flash_Save_Run_Diagram                   0x08003aad   Thumb Code   364  bsp_internal_flash.o(i.Flash_Save_Run_Diagram)
    Flash_to_AcceptAPP                       0x08003c21   Thumb Code   370  bsp_internal_flash.o(i.Flash_to_AcceptAPP)
    GPIO_Init                                0x08003dd5   Thumb Code   278  stm32f10x_gpio.o(i.GPIO_Init)
    GPIO_PinRemapConfig                      0x08003eed   Thumb Code   138  stm32f10x_gpio.o(i.GPIO_PinRemapConfig)
    GPIO_ReadInputDataBit                    0x08003f7d   Thumb Code    18  stm32f10x_gpio.o(i.GPIO_ReadInputDataBit)
    GPIO_ReadOutputDataBit                   0x08003f8f   Thumb Code    18  stm32f10x_gpio.o(i.GPIO_ReadOutputDataBit)
    GPIO_ResetBits                           0x08003fa1   Thumb Code     4  stm32f10x_gpio.o(i.GPIO_ResetBits)
    GPIO_SetBits                             0x08003fa5   Thumb Code     4  stm32f10x_gpio.o(i.GPIO_SetBits)
    GregorianDay                             0x08003fa9   Thumb Code   146  bsp_date.o(i.GregorianDay)
    HardFault_Handler                        0x08004041   Thumb Code    40  stm32f10x_it.o(i.HardFault_Handler)
    IO_control                               0x08004099   Thumb Code   134  bsp_led.o(i.IO_control)
    IWDG_Config                              0x0800412d   Thumb Code    36  bsp_iwdg_fire.o(i.IWDG_Config)
    IWDG_Enable                              0x08004151   Thumb Code    10  stm32f10x_iwdg.o(i.IWDG_Enable)
    IWDG_Feed                                0x08004161   Thumb Code     8  bsp_iwdg_fire.o(i.IWDG_Feed)
    IWDG_ReloadCounter                       0x08004169   Thumb Code    10  stm32f10x_iwdg.o(i.IWDG_ReloadCounter)
    IWDG_SetPrescaler                        0x08004179   Thumb Code     6  stm32f10x_iwdg.o(i.IWDG_SetPrescaler)
    IWDG_SetReload                           0x08004185   Thumb Code     6  stm32f10x_iwdg.o(i.IWDG_SetReload)
    IWDG_WriteAccessCmd                      0x08004191   Thumb Code     6  stm32f10x_iwdg.o(i.IWDG_WriteAccessCmd)
    InternalFlash_SaveData_1                 0x080043c9   Thumb Code   252  bsp_internal_flash.o(i.InternalFlash_SaveData_1)
    InternalFlash_SaveData_2                 0x080044e1   Thumb Code   198  bsp_internal_flash.o(i.InternalFlash_SaveData_2)
    InternalFlash_SaveData_3                 0x080045c1   Thumb Code   118  bsp_internal_flash.o(i.InternalFlash_SaveData_3)
    MemManage_Handler                        0x080047b5   Thumb Code     4  stm32f10x_it.o(i.MemManage_Handler)
    NMI_Handler                              0x080047b9   Thumb Code     2  stm32f10x_it.o(i.NMI_Handler)
    NVIC_Init                                0x080047bd   Thumb Code   100  misc.o(i.NVIC_Init)
    NVIC_PriorityGroupConfig                 0x0800482d   Thumb Code    10  misc.o(i.NVIC_PriorityGroupConfig)
    PWR_BackupAccessCmd                      0x08004841   Thumb Code     6  stm32f10x_pwr.o(i.PWR_BackupAccessCmd)
    Pre_EmissionSend                         0x0800484d   Thumb Code   742  bsp_emission.o(i.Pre_EmissionSend)
    RCC_ADCCLKConfig                         0x08004bf9   Thumb Code    18  stm32f10x_rcc.o(i.RCC_ADCCLKConfig)
    RCC_AHBPeriphClockCmd                    0x08004c11   Thumb Code    26  stm32f10x_rcc.o(i.RCC_AHBPeriphClockCmd)
    RCC_APB1PeriphClockCmd                   0x08004c31   Thumb Code    26  stm32f10x_rcc.o(i.RCC_APB1PeriphClockCmd)
    RCC_APB2PeriphClockCmd                   0x08004c51   Thumb Code    26  stm32f10x_rcc.o(i.RCC_APB2PeriphClockCmd)
    RCC_BackupResetCmd                       0x08004c71   Thumb Code     6  stm32f10x_rcc.o(i.RCC_BackupResetCmd)
    RCC_ClearFlag                            0x08004c7d   Thumb Code    14  stm32f10x_rcc.o(i.RCC_ClearFlag)
    RCC_GetClocksFreq                        0x08004c91   Thumb Code   192  stm32f10x_rcc.o(i.RCC_GetClocksFreq)
    RCC_GetFlagStatus                        0x08004d65   Thumb Code    56  stm32f10x_rcc.o(i.RCC_GetFlagStatus)
    RCC_LSEConfig                            0x08004da1   Thumb Code    46  stm32f10x_rcc.o(i.RCC_LSEConfig)
    RCC_RTCCLKCmd                            0x08004dd5   Thumb Code     6  stm32f10x_rcc.o(i.RCC_RTCCLKCmd)
    RCC_RTCCLKConfig                         0x08004de1   Thumb Code    12  stm32f10x_rcc.o(i.RCC_RTCCLKConfig)
    RCC_WaitForHSEStartUp                    0x08004df1   Thumb Code    56  stm32f10x_rcc.o(i.RCC_WaitForHSEStartUp)
    RTC_CheckAndConfig                       0x08004e29   Thumb Code   116  bsp_rtc.o(i.RTC_CheckAndConfig)
    RTC_ClearITPendingBit                    0x08004f1d   Thumb Code    12  stm32f10x_rtc.o(i.RTC_ClearITPendingBit)
    RTC_Configuration                        0x08004f2d   Thumb Code   112  bsp_rtc.o(i.RTC_Configuration)
    RTC_EnterConfigMode                      0x08004fd1   Thumb Code    14  stm32f10x_rtc.o(i.RTC_EnterConfigMode)
    RTC_ExitConfigMode                       0x08004fe5   Thumb Code    16  stm32f10x_rtc.o(i.RTC_ExitConfigMode)
    RTC_GetCounter                           0x08004ff9   Thumb Code    38  stm32f10x_rtc.o(i.RTC_GetCounter)
    RTC_GetITStatus                          0x08005025   Thumb Code    32  stm32f10x_rtc.o(i.RTC_GetITStatus)
    RTC_IRQHandler                           0x08005049   Thumb Code    22  stm32f10x_it.o(i.RTC_IRQHandler)
    RTC_ITConfig                             0x08005061   Thumb Code    26  stm32f10x_rtc.o(i.RTC_ITConfig)
    RTC_NVIC_Config                          0x08005081   Thumb Code    34  bsp_rtc.o(i.RTC_NVIC_Config)
    RTC_SetCounter                           0x080050a5   Thumb Code    24  stm32f10x_rtc.o(i.RTC_SetCounter)
    RTC_SetPrescaler                         0x080050c1   Thumb Code    26  stm32f10x_rtc.o(i.RTC_SetPrescaler)
    RTC_WaitForLastTask                      0x080050e1   Thumb Code    16  stm32f10x_rtc.o(i.RTC_WaitForLastTask)
    RTC_WaitForSynchro                       0x080050f5   Thumb Code    30  stm32f10x_rtc.o(i.RTC_WaitForSynchro)
    Send_PC                                  0x08005119   Thumb Code  1814  data_pars.o(i.Send_PC)
    SysTick_Handler                          0x08005949   Thumb Code    28  port.o(i.SysTick_Handler)
    SystemInit                               0x08005969   Thumb Code    78  system_stm32f10x.o(i.SystemInit)
    Time_Adjust                              0x080059c9   Thumb Code    32  bsp_rtc.o(i.Time_Adjust)
    Time_Display                             0x080059e9   Thumb Code   196  bsp_rtc.o(i.Time_Display)
    UART4_IRQHandler                         0x08005ac1   Thumb Code    10  bsp_uart_fifo.o(i.UART4_IRQHandler)
    UART5_IRQHandler                         0x08005ad1   Thumb Code    10  bsp_uart_fifo.o(i.UART5_IRQHandler)
    USART1_IRQHandler                        0x08005ae1   Thumb Code    10  bsp_uart_fifo.o(i.USART1_IRQHandler)
    USART2_IRQHandler                        0x08005af1   Thumb Code    10  bsp_uart_fifo.o(i.USART2_IRQHandler)
    USART_ClearFlag                          0x08005b01   Thumb Code    18  stm32f10x_usart.o(i.USART_ClearFlag)
    USART_Cmd                                0x08005b13   Thumb Code    24  stm32f10x_usart.o(i.USART_Cmd)
    USART_GetITStatus                        0x08005b2b   Thumb Code    84  stm32f10x_usart.o(i.USART_GetITStatus)
    USART_ITConfig                           0x08005b7f   Thumb Code    74  stm32f10x_usart.o(i.USART_ITConfig)
    USART_Init                               0x08005bc9   Thumb Code   210  stm32f10x_usart.o(i.USART_Init)
    USART_ReceiveData                        0x08005ca1   Thumb Code    10  stm32f10x_usart.o(i.USART_ReceiveData)
    USART_SendData                           0x08005cab   Thumb Code     8  stm32f10x_usart.o(i.USART_SendData)
    UsageFault_Handler                       0x08005f31   Thumb Code     4  stm32f10x_it.o(i.UsageFault_Handler)
    __0printf                                0x08005f35   Thumb Code    22  printfa.o(i.__0printf)
    __1printf                                0x08005f35   Thumb Code     0  printfa.o(i.__0printf)
    __2printf                                0x08005f35   Thumb Code     0  printfa.o(i.__0printf)
    __c89printf                              0x08005f35   Thumb Code     0  printfa.o(i.__0printf)
    printf                                   0x08005f35   Thumb Code     0  printfa.o(i.__0printf)
    __0sprintf                               0x08005f55   Thumb Code    34  printfa.o(i.__0sprintf)
    __1sprintf                               0x08005f55   Thumb Code     0  printfa.o(i.__0sprintf)
    __2sprintf                               0x08005f55   Thumb Code     0  printfa.o(i.__0sprintf)
    __c89sprintf                             0x08005f55   Thumb Code     0  printfa.o(i.__0sprintf)
    sprintf                                  0x08005f55   Thumb Code     0  printfa.o(i.__0sprintf)
    __0vsnprintf                             0x08005f7d   Thumb Code    32  printfa.o(i.__0vsnprintf)
    __1vsnprintf                             0x08005f7d   Thumb Code     0  printfa.o(i.__0vsnprintf)
    __2vsnprintf                             0x08005f7d   Thumb Code     0  printfa.o(i.__0vsnprintf)
    __c89vsnprintf                           0x08005f7d   Thumb Code     0  printfa.o(i.__0vsnprintf)
    vsnprintf                                0x08005f7d   Thumb Code     0  printfa.o(i.__0vsnprintf)
    __scatterload_copy                       0x08005fa1   Thumb Code    14  handlers.o(i.__scatterload_copy)
    __scatterload_null                       0x08005faf   Thumb Code     2  handlers.o(i.__scatterload_null)
    __scatterload_zeroinit                   0x08005fb1   Thumb Code    14  handlers.o(i.__scatterload_zeroinit)
    __set_errno                              0x08005fc1   Thumb Code     6  errno.o(i.__set_errno)
    bsp_Init                                 0x08006b29   Thumb Code    24  bsp.o(i.bsp_Init)
    bsp_InitUart                             0x08006b41   Thumb Code    16  bsp_uart_fifo.o(i.bsp_InitUart)
    ceil                                     0x08006b51   Thumb Code   204  ceil.o(i.ceil)
    clean_alarm_bit_flags                    0x08006c2d   Thumb Code   160  bsp_emission.o(i.clean_alarm_bit_flags)
    clean_all_flags                          0x08006cd9   Thumb Code    36  bsp_emission.o(i.clean_all_flags)
    clear_flash_save                         0x08006d05   Thumb Code   216  bsp_internal_flash.o(i.clear_flash_save)
    comGetChar                               0x08006df5   Thumb Code    30  bsp_uart_fifo.o(i.comGetChar)
    comSendBuf                               0x08006e13   Thumb Code    46  bsp_uart_fifo.o(i.comSendBuf)
    comSendChar                              0x08006e41   Thumb Code    16  bsp_uart_fifo.o(i.comSendChar)
    find_hard_control                        0x08006e6d   Thumb Code  7456  bsp_emission.o(i.find_hard_control)
    fputc                                    0x08008bbd   Thumb Code    18  bsp_uart_fifo.o(i.fputc)
    get_Standing_wave_ratio                  0x08008bd1   Thumb Code    94  bsp_emission.o(i.get_Standing_wave_ratio)
    get_history_alm                          0x08008d79   Thumb Code    34  bsp_emission.o(i.get_history_alm)
    judg_read_flash                          0x08008da1   Thumb Code   402  bsp_internal_flash.o(i.judg_read_flash)
    juge_isOpen                              0x08008f61   Thumb Code   606  bsp_emission.o(i.juge_isOpen)
    main                                     0x080091d1   Thumb Code   314  main.o(i.main)
    mktimev                                  0x080093b5   Thumb Code   120  bsp_date.o(i.mktimev)
    pvPortMalloc                             0x08009c75   Thumb Code   254  heap_4.o(i.pvPortMalloc)
    pvTaskIncrementMutexHeldCount            0x08009d89   Thumb Code    26  tasks.o(i.pvTaskIncrementMutexHeldCount)
    pxPortInitialiseStack                    0x08009da9   Thumb Code    26  port.o(i.pxPortInitialiseStack)
    set_alarm_bit                            0x08009f69   Thumb Code   182  main.o(i.set_alarm_bit)
    sqrt                                     0x0800a029   Thumb Code    76  sqrt.o(i.sqrt)
    to_tm                                    0x0800a075   Thumb Code   194  bsp_date.o(i.to_tm)
    update_RTCtime                           0x0800a141   Thumb Code    78  bsp_rtc.o(i.update_RTCtime)
    uxListRemove                             0x0800a1ad   Thumb Code    40  list.o(i.uxListRemove)
    uxTaskResetEventItemValue                0x0800a1d5   Thumb Code    24  tasks.o(i.uxTaskResetEventItemValue)
    vListInitialise                          0x0800a1f1   Thumb Code    26  list.o(i.vListInitialise)
    vListInitialiseItem                      0x0800a20b   Thumb Code     6  list.o(i.vListInitialiseItem)
    vListInsert                              0x0800a211   Thumb Code    52  list.o(i.vListInsert)
    vListInsertEnd                           0x0800a245   Thumb Code    24  list.o(i.vListInsertEnd)
    vPortEnterCritical                       0x0800a25d   Thumb Code    58  port.o(i.vPortEnterCritical)
    vPortExitCritical                        0x0800a2a1   Thumb Code    40  port.o(i.vPortExitCritical)
    vPortFree                                0x0800a2cd   Thumb Code   112  heap_4.o(i.vPortFree)
    vPortSetupTimerInterrupt                 0x0800a345   Thumb Code    14  port.o(i.vPortSetupTimerInterrupt)
    vPortValidateInterruptPriority           0x0800a359   Thumb Code    78  port.o(i.vPortValidateInterruptPriority)
    vPortYield                               0x0800a3b5   Thumb Code    18  port.o(i.vPortYield)
    vQueueWaitForMessageRestricted           0x0800a3cd   Thumb Code    66  queue.o(i.vQueueWaitForMessageRestricted)
    vTaskDelay                               0x0800a411   Thumb Code    94  tasks.o(i.vTaskDelay)
    vTaskMissedYield                         0x0800a481   Thumb Code     8  tasks.o(i.vTaskMissedYield)
    vTaskPlaceOnEventList                    0x0800a48d   Thumb Code    94  tasks.o(i.vTaskPlaceOnEventList)
    vTaskPlaceOnEventListRestricted          0x0800a4fd   Thumb Code   100  tasks.o(i.vTaskPlaceOnEventListRestricted)
    vTaskPlaceOnUnorderedEventList           0x0800a571   Thumb Code   132  tasks.o(i.vTaskPlaceOnUnorderedEventList)
    vTaskPriorityInherit                     0x0800a609   Thumb Code   164  tasks.o(i.vTaskPriorityInherit)
    vTaskResume                              0x0800b78d   Thumb Code   104  tasks.o(i.vTaskResume)
    vTaskSetTimeOutState                     0x0800c295   Thumb Code    28  tasks.o(i.vTaskSetTimeOutState)
    vTaskStartScheduler                      0x0800c2b9   Thumb Code    80  tasks.o(i.vTaskStartScheduler)
    vTaskSuspend                             0x0800c321   Thumb Code   172  tasks.o(i.vTaskSuspend)
    vTaskSuspendAll                          0x0800c3e9   Thumb Code    12  tasks.o(i.vTaskSuspendAll)
    vTaskSwitchContext                       0x0800c3f9   Thumb Code   106  tasks.o(i.vTaskSwitchContext)
    vTaskTaskTaskEmis_Receive                0x0800c479   Thumb Code   162  bsp_emission.o(i.vTaskTaskTaskEmis_Receive)
    vTaskTaskTaskEmis_Send                   0x0800c56d   Thumb Code  5520  bsp_emission.o(i.vTaskTaskTaskEmis_Send)
    vTaskTaskTask_hard_control               0x0800dbc9   Thumb Code  1370  bsp_emission.o(i.vTaskTaskTask_hard_control)
    vTaskTask_hard_monitor                   0x0800ed6d   Thumb Code   534  bsp_emission.o(i.vTaskTask_hard_monitor)
    xEventGroupCreate                        0x0800f03d   Thumb Code    26  event_groups.o(i.xEventGroupCreate)
    xEventGroupSetBits                       0x0800f057   Thumb Code   178  event_groups.o(i.xEventGroupSetBits)
    xEventGroupWaitBits                      0x0800f109   Thumb Code   266  event_groups.o(i.xEventGroupWaitBits)
    xPortStartScheduler                      0x0800f215   Thumb Code   140  port.o(i.xPortStartScheduler)
    xQueueCreateMutex                        0x0800f2b5   Thumb Code    76  queue.o(i.xQueueCreateMutex)
    xQueueGenericCreate                      0x0800f301   Thumb Code   106  queue.o(i.xQueueGenericCreate)
    xQueueGenericReceive                     0x0800f36b   Thumb Code   346  queue.o(i.xQueueGenericReceive)
    xQueueGenericReset                       0x0800f4c5   Thumb Code   120  queue.o(i.xQueueGenericReset)
    xQueueGenericSend                        0x0800f53d   Thumb Code   322  queue.o(i.xQueueGenericSend)
    xQueueGenericSendFromISR                 0x0800f67f   Thumb Code   172  queue.o(i.xQueueGenericSendFromISR)
    xTaskCheckForTimeOut                     0x0800f72d   Thumb Code   108  tasks.o(i.xTaskCheckForTimeOut)
    xTaskGenericCreate                       0x0800f7a1   Thumb Code   288  tasks.o(i.xTaskGenericCreate)
    xTaskGenericNotify                       0x0800f8d9   Thumb Code   202  tasks.o(i.xTaskGenericNotify)
    xTaskGetSchedulerState                   0x0800f9b1   Thumb Code    24  tasks.o(i.xTaskGetSchedulerState)
    xTaskGetTickCount                        0x0800f9d1   Thumb Code     6  tasks.o(i.xTaskGetTickCount)
    xTaskIncrementTick                       0x0800f9dd   Thumb Code   272  tasks.o(i.xTaskIncrementTick)
    xTaskNotifyWait                          0x0800fb19   Thumb Code   196  tasks.o(i.xTaskNotifyWait)
    xTaskPriorityDisinherit                  0x0800fbed   Thumb Code   160  tasks.o(i.xTaskPriorityDisinherit)
    xTaskRemoveFromEventList                 0x0800fc99   Thumb Code   114  tasks.o(i.xTaskRemoveFromEventList)
    xTaskRemoveFromUnorderedEventList        0x0800fd25   Thumb Code   126  tasks.o(i.xTaskRemoveFromUnorderedEventList)
    xTaskResumeAll                           0x0800fdb9   Thumb Code   200  tasks.o(i.xTaskResumeAll)
    xTimerCreate                             0x0800fea1   Thumb Code    80  timers.o(i.xTimerCreate)
    xTimerCreateTimerTask                    0x0800fef1   Thumb Code    58  timers.o(i.xTimerCreateTimerTask)
    xTimerGenericCommand                     0x0800ff3d   Thumb Code   112  timers.o(i.xTimerGenericCommand)
    crc_tab                                  0x0800ffb0   Data         512  crc16.o(.constdata)
    __ctype_categories                       0x080101e0   Data          64  ctype_c.o(.constdata)
    Region$$Table$$Base                      0x080103dc   Number         0  anon$$obj.o(Region$$Table)
    Region$$Table$$Limit                     0x080103fc   Number         0  anon$$obj.o(Region$$Table)
    g_fuc_cod                                0x20000000   Data           2  main.o(.data)
    g_fuc_codToPC                            0x20000002   Data           2  main.o(.data)
    xCreatedEventGroup                       0x20000004   Data           4  main.o(.data)
    xHandleTaskUserIF                        0x20000008   Data           4  main.o(.data)
    xHandleTaskSendToPC                      0x2000000c   Data           4  main.o(.data)
    xHandleTaskReceiveFormPC                 0x20000014   Data           4  main.o(.data)
    xMutex                                   0x20000018   Data           4  main.o(.data)
    systmtime                                0x20000024   Data          28  main.o(.data)
    T_H_cmd                                  0x20000040   Data           8  main.o(.data)
    Alarm_backPC                             0x20000048   Data           3  bsp.o(.data)
    Working_paramet                          0x2000004b   Data           3  bsp.o(.data)
    Trans_openBack                           0x2000004e   Data           3  bsp.o(.data)
    Trans_stop                               0x20000051   Data           7  bsp.o(.data)
    Trans_stopBack                           0x20000058   Data           2  bsp.o(.data)
    DisalarmBack                             0x2000005a   Data           5  bsp.o(.data)
    Alarm_history                            0x2000005f   Data           7  bsp.o(.data)
    Power_on                                 0x20000066   Data           8  bsp.o(.data)
    Power_onBack                             0x2000006e   Data           2  bsp.o(.data)
    Power_off                                0x20000070   Data           2  bsp.o(.data)
    Power_offBack                            0x20000072   Data           2  bsp.o(.data)
    Sacn_stop                                0x20000074   Data           2  bsp.o(.data)
    Sacn_stopBack                            0x20000076   Data           2  bsp.o(.data)
    Sub_PowerBack                            0x20000078   Data           2  bsp.o(.data)
    Sub_Power                                0x2000007a   Data           3  bsp.o(.data)
    Add_PowerBack                            0x2000007d   Data           2  bsp.o(.data)
    Add_Power                                0x2000007f   Data           3  bsp.o(.data)
    Run_DiagramBack                          0x20000082   Data           2  bsp.o(.data)
    ADC_ConvertedValue                       0x20000084   Data           8  bsp_adc.o(.data)
    begain                                   0x2000008c   Data           4  bsp_emission.o(.data)
    end                                      0x20000090   Data           4  bsp_emission.o(.data)
    clean_sweeping                           0x20000094   Data           1  bsp_emission.o(.data)
    set_open                                 0x20000095   Data           1  bsp_emission.o(.data)
    clean_open                               0x20000096   Data           1  bsp_emission.o(.data)
    clean_gain                               0x20000097   Data           1  bsp_emission.o(.data)
    clean_reduction                          0x20000098   Data           1  bsp_emission.o(.data)
    clean_FM                                 0x20000099   Data           1  bsp_emission.o(.data)
    xHandleTaskEmis_Send                     0x2000009c   Data           4  bsp_emission.o(.data)
    xHandleTask_Receive                      0x200000a0   Data           4  bsp_emission.o(.data)
    xHandleTask_hard_control                 0x200000a4   Data           4  bsp_emission.o(.data)
    xHandleTask_hard_monitor                 0x200000a8   Data           4  bsp_emission.o(.data)
    EmissionCmd                              0x200000ac   Data           7  bsp_emission.o(.data)
    Best_band                                0x200000b4   Data           8  bsp_emission.o(.data)
    Temperature_Humidity                     0x200000bc   Data           8  bsp_emission.o(.data)
    Monitor                                  0x200000c4   Data           5  bsp_emission.o(.data)
    Hard_control                             0x200000c9   Data           1  bsp_emission.o(.data)
    lock_flag1                               0x200000cc   Data           4  bsp_emission.o(.data)
    lock_flag2                               0x200000d0   Data           4  bsp_emission.o(.data)
    lock_flag3                               0x200000d4   Data           4  bsp_emission.o(.data)
    Scan_Freq_flag                           0x200000d8   Data           1  data_pars.o(.data)
    CAN_ID                                   0x200000d9   Data           1  data_pars.o(.data)
    flash_1_once_flag                        0x200000dc   Data           4  bsp_internal_flash.o(.data)
    flash_2_once_flag                        0x200000e0   Data           4  bsp_internal_flash.o(.data)
    flash_3_once_flag                        0x200000e4   Data           4  bsp_internal_flash.o(.data)
    flash3_Save                              0x200000e8   Data           1  bsp_internal_flash.o(.data)
    Flash_p1                                 0x200000ec   Data           4  bsp_internal_flash.o(.data)
    Flash_p2                                 0x200000f0   Data           4  bsp_internal_flash.o(.data)
    Flash_p3                                 0x200000f4   Data           4  bsp_internal_flash.o(.data)
    Flash_p4                                 0x200000f8   Data           4  bsp_internal_flash.o(.data)
    Flash_p5                                 0x200000fc   Data           4  bsp_internal_flash.o(.data)
    Flash_p6                                 0x20000100   Data           4  bsp_internal_flash.o(.data)
    Flash_p7                                 0x20000104   Data           4  bsp_internal_flash.o(.data)
    Flash_p8                                 0x20000108   Data           4  bsp_internal_flash.o(.data)
    Flash_p9                                 0x2000010c   Data           4  bsp_internal_flash.o(.data)
    Flash_p10                                0x20000110   Data           4  bsp_internal_flash.o(.data)
    TimeDisplay                              0x20000144   Data           4  bsp_rtc.o(.data)
    WEEK_STR                                 0x20000148   Data          28  bsp_rtc.o(.data)
    zodiac_sign                              0x20000164   Data          48  bsp_rtc.o(.data)
    en_WEEK_STR                              0x20000194   Data          28  bsp_rtc.o(.data)
    en_zodiac_sign                           0x200001b0   Data          48  bsp_rtc.o(.data)
    pxCurrentTCB                             0x200001f8   Data           4  tasks.o(.data)
    __stdout                                 0x20000264   Data           4  stdout.o(.data)
    RxdBuf_FromPC                            0x2000026c   Data         257  main.o(.bss)
    TxdBuf_ToPC                              0x2000036d   Data         257  main.o(.bss)
    ADC_ConvertedValueLocal                  0x20000470   Data          16  main.o(.bss)
    set_time                                 0x20000480   Data          28  main.o(.bss)
    ADC0_buff                                0x2000049c   Data         400  main.o(.bss)
    ADC1_buff                                0x2000062c   Data         400  main.o(.bss)
    ADC2_buff                                0x200007bc   Data         400  main.o(.bss)
    ADC3_buff                                0x2000094c   Data         400  main.o(.bss)
    Alarm_threshold                          0x20000adc   Data          39  bsp.o(.bss)
    Work_paraBack                            0x20000b03   Data          46  bsp.o(.bss)
    Trans_open                               0x20000b31   Data          26  bsp.o(.bss)
    Trans_open_Copy                          0x20000b4b   Data          19  bsp.o(.bss)
    Disalarm                                 0x20000b5e   Data           9  bsp.o(.bss)
    Alarm_historyBack                        0x20000b67   Data          71  bsp.o(.bss)
    Scan_Frq                                 0x20000bae   Data          10  bsp.o(.bss)
    Scan_FrqBack                             0x20000bb8   Data         110  bsp.o(.bss)
    Scan_FrqBack1                            0x20000c26   Data         110  bsp.o(.bss)
    Scan_FrqBack2                            0x20000c94   Data         110  bsp.o(.bss)
    Scan_FrqBack3                            0x20000d02   Data         110  bsp.o(.bss)
    Scan_FrqBack4                            0x20000d70   Data         110  bsp.o(.bss)
    Scan_FrqBack5                            0x20000dde   Data         110  bsp.o(.bss)
    Scan_FrqBack6                            0x20000e4c   Data         110  bsp.o(.bss)
    Scan_FrqBack7                            0x20000eba   Data         110  bsp.o(.bss)
    Scan_FrqBack8                            0x20000f28   Data         110  bsp.o(.bss)
    Scan_FrqBack9                            0x20000f96   Data         110  bsp.o(.bss)
    Scan_FrqBack10                           0x20001004   Data         110  bsp.o(.bss)
    Scan_FrqBack11                           0x20001072   Data         110  bsp.o(.bss)
    Scan_FrqBack12                           0x200010e0   Data         110  bsp.o(.bss)
    Scan_FrqBack13                           0x2000114e   Data         110  bsp.o(.bss)
    Run_Diagram                              0x200011bc   Data         104  bsp.o(.bss)
    Run_Diagram_buff                         0x20001224   Data        1000  bsp.o(.bss)
    z                                        0x200036ac   Data        1024  bsp_emission.o(.bss)
    int_z                                    0x20003aac   Data         256  bsp_emission.o(.bss)
    f                                        0x20003bac   Data        1024  bsp_emission.o(.bss)
    Emission_Rx                              0x20003fac   Data          64  bsp_emission.o(.bss)
    Emission_Tx                              0x20003fec   Data          64  bsp_emission.o(.bss)
    Respond_Cmd                              0x2000402c   Data          15  bsp_emission.o(.bss)
    Respond_Cmd2                             0x2000403b   Data          15  bsp_emission.o(.bss)
    Respond_Cmd3                             0x2000404a   Data          15  bsp_emission.o(.bss)
    Sys_State                                0x20004059   Data          22  bsp_emission.o(.bss)
    Show_Parameter                           0x20004070   Data          20  bsp_emission.o(.bss)
    State_monitor                            0x20004084   Data         200  bsp_emission.o(.bss)
    eADC0_buff                               0x2000414c   Data         400  bsp_emission.o(.bss)
    eADC1_buff                               0x200042dc   Data         400  bsp_emission.o(.bss)
    eADC2_buff                               0x2000446c   Data         400  bsp_emission.o(.bss)
    eADC3_buff                               0x200045fc   Data         400  bsp_emission.o(.bss)
    SWR_array                                0x2000478c   Data        1024  bsp_emission.o(.bss)
    Assemble_buffer                          0x20004b90   Data         257  data_pars.o(.bss)
    flash1_arry                              0x20004d9c   Data          36  bsp_internal_flash.o(.bss)
    flash2_arry                              0x20004dc0   Data        1696  bsp_internal_flash.o(.bss)
    flash_run_diagram                        0x20005460   Data         100  bsp_internal_flash.o(.bss)
    __initial_sp                             0x2000d208   Data           0  startup_stm32f10x_hd.o(STACK)



==============================================================================

Memory Map of the image

  Image Entry point : 0x08000131

  Load Region LR_IROM1 (Base: 0x08000000, Size: 0x00010668, Max: 0x00080000, ABSOLUTE, COMPRESSED[0x000104d0])

    Execution Region ER_IROM1 (Base: 0x08000000, Size: 0x000103fc, Max: 0x00080000, ABSOLUTE)

    Base Addr    Size         Type   Attr      Idx    E Section Name        Object

    0x08000000   0x00000130   Data   RO         1277    RESET               startup_stm32f10x_hd.o
    0x08000130   0x00000000   Code   RO         4054  * .ARM.Collect$$$$00000000  mc_w.l(entry.o)
    0x08000130   0x00000004   Code   RO         4366    .ARM.Collect$$$$00000001  mc_w.l(entry2.o)
    0x08000134   0x00000004   Code   RO         4369    .ARM.Collect$$$$00000004  mc_w.l(entry5.o)
    0x08000138   0x00000000   Code   RO         4371    .ARM.Collect$$$$00000008  mc_w.l(entry7b.o)
    0x08000138   0x00000000   Code   RO         4373    .ARM.Collect$$$$0000000A  mc_w.l(entry8b.o)
    0x08000138   0x00000008   Code   RO         4374    .ARM.Collect$$$$0000000B  mc_w.l(entry9a.o)
    0x08000140   0x00000000   Code   RO         4376    .ARM.Collect$$$$0000000D  mc_w.l(entry10a.o)
    0x08000140   0x00000000   Code   RO         4378    .ARM.Collect$$$$0000000F  mc_w.l(entry11a.o)
    0x08000140   0x00000004   Code   RO         4367    .ARM.Collect$$$$00002712  mc_w.l(entry2.o)
    0x08000144   0x000000a2   Code   RO         3922    .emb_text           port.o
    0x080001e6   0x00000002   PAD
    0x080001e8   0x00000024   Code   RO         1278    .text               startup_stm32f10x_hd.o
    0x0800020c   0x00000024   Code   RO         4057    .text               mc_w.l(memcpya.o)
    0x08000230   0x00000024   Code   RO         4059    .text               mc_w.l(memseta.o)
    0x08000254   0x0000001a   Code   RO         4063    .text               mc_w.l(memcmp.o)
    0x0800026e   0x00000002   PAD
    0x08000270   0x00000038   Code   RO         4330    .text               mc_w.l(__0sscanf.o)
    0x080002a8   0x0000014c   Code   RO         4332    .text               mc_w.l(_scanf_int.o)
    0x080003f4   0x000000b0   Code   RO         4334    .text               mf_w.l(fadd.o)
    0x080004a4   0x00000064   Code   RO         4336    .text               mf_w.l(fmul.o)
    0x08000508   0x0000007c   Code   RO         4338    .text               mf_w.l(fdiv.o)
    0x08000584   0x0000014e   Code   RO         4340    .text               mf_w.l(dadd.o)
    0x080006d2   0x000000e4   Code   RO         4342    .text               mf_w.l(dmul.o)
    0x080007b6   0x000000de   Code   RO         4344    .text               mf_w.l(ddiv.o)
    0x08000894   0x0000000a   Code   RO         4346    .text               mf_w.l(ffltui.o)
    0x0800089e   0x00000022   Code   RO         4348    .text               mf_w.l(dflti.o)
    0x080008c0   0x00000032   Code   RO         4350    .text               mf_w.l(ffixi.o)
    0x080008f2   0x0000003e   Code   RO         4352    .text               mf_w.l(dfixi.o)
    0x08000930   0x00000026   Code   RO         4354    .text               mf_w.l(f2d.o)
    0x08000956   0x00000002   PAD
    0x08000958   0x00000030   Code   RO         4356    .text               mf_w.l(cdcmple.o)
    0x08000988   0x00000030   Code   RO         4358    .text               mf_w.l(cdrcmple.o)
    0x080009b8   0x00000038   Code   RO         4360    .text               mf_w.l(d2f.o)
    0x080009f0   0x00000014   Code   RO         4362    .text               mf_w.l(cfcmple.o)
    0x08000a04   0x00000014   Code   RO         4364    .text               mf_w.l(cfrcmple.o)
    0x08000a18   0x0000002c   Code   RO         4382    .text               mc_w.l(uidiv.o)
    0x08000a44   0x00000062   Code   RO         4384    .text               mc_w.l(uldiv.o)
    0x08000aa6   0x0000001e   Code   RO         4386    .text               mc_w.l(llshl.o)
    0x08000ac4   0x00000020   Code   RO         4388    .text               mc_w.l(llushr.o)
    0x08000ae4   0x00000024   Code   RO         4390    .text               mc_w.l(llsshr.o)
    0x08000b08   0x0000001c   Code   RO         4399    .text               mc_w.l(_chval.o)
    0x08000b24   0x00000028   Code   RO         4401    .text               mc_w.l(scanf_char.o)
    0x08000b4c   0x00000040   Code   RO         4403    .text               mc_w.l(_sgetc.o)
    0x08000b8c   0x00000000   Code   RO         4407    .text               mc_w.l(iusefp.o)
    0x08000b8c   0x0000006e   Code   RO         4408    .text               mf_w.l(fepilogue.o)
    0x08000bfa   0x000000ba   Code   RO         4410    .text               mf_w.l(depilogue.o)
    0x08000cb4   0x000000a2   Code   RO         4412    .text               mf_w.l(dsqrt.o)
    0x08000d56   0x00000030   Code   RO         4414    .text               mf_w.l(dfixul.o)
    0x08000d86   0x00000002   PAD
    0x08000d88   0x00000024   Code   RO         4416    .text               mc_w.l(init.o)
    0x08000dac   0x0000000a   Code   RO         4421    .text               mc_w.l(isspace_c.o)
    0x08000db6   0x00000002   PAD
    0x08000db8   0x0000032c   Code   RO         4423    .text               mc_w.l(_scanf.o)
    0x080010e4   0x00000028   Code   RO         4426    .text               mc_w.l(ctype_c.o)
    0x0800110c   0x00000056   Code   RO         4438    .text               mc_w.l(__dczerorl2.o)
    0x08001162   0x00000016   Code   RO         2670    i.ADC_Cmd           stm32f10x_adc.o
    0x08001178   0x00000016   Code   RO         2671    i.ADC_DMACmd        stm32f10x_adc.o
    0x0800118e   0x00000014   Code   RO         2678    i.ADC_GetCalibrationStatus  stm32f10x_adc.o
    0x080011a2   0x00000014   Code   RO         2684    i.ADC_GetResetCalibrationStatus  stm32f10x_adc.o
    0x080011b6   0x00000002   PAD
    0x080011b8   0x00000050   Code   RO         2688    i.ADC_Init          stm32f10x_adc.o
    0x08001208   0x000000b8   Code   RO         2692    i.ADC_RegularChannelConfig  stm32f10x_adc.o
    0x080012c0   0x0000000a   Code   RO         2693    i.ADC_ResetCalibration  stm32f10x_adc.o
    0x080012ca   0x00000016   Code   RO         2695    i.ADC_SoftwareStartConvCmd  stm32f10x_adc.o
    0x080012e0   0x0000000a   Code   RO         2697    i.ADC_StartCalibration  stm32f10x_adc.o
    0x080012ea   0x00000002   PAD
    0x080012ec   0x00000024   Code   RO          686    i.ADCx_GPIO_Config  bsp_adc.o
    0x08001310   0x0000000c   Code   RO          687    i.ADCx_Init         bsp_adc.o
    0x0800131c   0x00000118   Code   RO          688    i.ADCx_Mode_Config  bsp_adc.o
    0x08001434   0x00000288   Code   RO          939    i.Accpet_CAN_data   data_pars.o
    0x080016bc   0x00000020   Code   RO          719    i.Advance_run_command  bsp_emission.o
    0x080016dc   0x00000084   Code   RO            3    i.AppObjCreate      main.o
    0x08001760   0x000001c4   Code   RO            4    i.AppTaskCreate     main.o
    0x08001924   0x0000004c   Code   RO          292    i.App_printf        bsp.o
    0x08001970   0x00000010   Code   RO         2896    i.BKP_DeInit        stm32f10x_bkp.o
    0x08001980   0x0000001c   Code   RO         2901    i.BKP_ReadBackupRegister  stm32f10x_bkp.o
    0x0800199c   0x0000001c   Code   RO         2905    i.BKP_WriteBackupRegister  stm32f10x_bkp.o
    0x080019b8   0x0000104c   Code   RO          720    i.Band_scan         bsp_emission.o
    0x08002a04   0x00000004   Code   RO          553    i.BusFault_Handler  stm32f10x_it.o
    0x08002a08   0x00000184   Code   RO          941    i.CAN_data_func     data_pars.o
    0x08002b8c   0x00000024   Code   RO          851    i.CRC16_XMODEM      crc16.o
    0x08002bb0   0x0000003c   Code   RO          363    i.ComToUart         bsp_uart_fifo.o
    0x08002bec   0x0000007c   Code   RO          364    i.ConfigUartNVIC    bsp_uart_fifo.o
    0x08002c68   0x00000018   Code   RO         2586    i.DMA_Cmd           stm32f10x_dma.o
    0x08002c80   0x0000014c   Code   RO         2587    i.DMA_DeInit        stm32f10x_dma.o
    0x08002dcc   0x0000003c   Code   RO         2592    i.DMA_Init          stm32f10x_dma.o
    0x08002e08   0x000000a8   Code   RO          942    i.Data_Assemble     data_pars.o
    0x08002eb0   0x000004c8   Code   RO          943    i.Data_Storage      data_pars.o
    0x08003378   0x000001a0   Code   RO          944    i.Data_extract      data_pars.o
    0x08003518   0x00000002   Code   RO          554    i.DebugMon_Handler  stm32f10x_it.o
    0x0800351a   0x00000002   PAD
    0x0800351c   0x0000000c   Code   RO         1846    i.FLASH_ClearFlag   stm32f10x_flash.o
    0x08003528   0x0000004c   Code   RO         1851    i.FLASH_ErasePage   stm32f10x_flash.o
    0x08003574   0x00000034   Code   RO         1852    i.FLASH_GetBank1Status  stm32f10x_flash.o
    0x080035a8   0x00000014   Code   RO         1861    i.FLASH_Lock        stm32f10x_flash.o
    0x080035bc   0x0000006c   Code   RO         1866    i.FLASH_ProgramWord  stm32f10x_flash.o
    0x08003628   0x00000018   Code   RO         1869    i.FLASH_Unlock      stm32f10x_flash.o
    0x08003640   0x00000026   Code   RO         1873    i.FLASH_WaitForLastOperation  stm32f10x_flash.o
    0x08003666   0x00000002   PAD
    0x08003668   0x00000254   Code   RO         1003    i.Flash2_to_AcceptAPP  bsp_internal_flash.o
    0x080038bc   0x00000120   Code   RO         1004    i.Flash3_to_AcceptAPP  bsp_internal_flash.o
    0x080039dc   0x000000d0   Code   RO         1005    i.Flash_Read_Run_Diagram  bsp_internal_flash.o
    0x08003aac   0x00000174   Code   RO         1006    i.Flash_Save_Run_Diagram  bsp_internal_flash.o
    0x08003c20   0x000001b4   Code   RO         1007    i.Flash_to_AcceptAPP  bsp_internal_flash.o
    0x08003dd4   0x00000116   Code   RO         1334    i.GPIO_Init         stm32f10x_gpio.o
    0x08003eea   0x00000002   PAD
    0x08003eec   0x00000090   Code   RO         1336    i.GPIO_PinRemapConfig  stm32f10x_gpio.o
    0x08003f7c   0x00000012   Code   RO         1338    i.GPIO_ReadInputDataBit  stm32f10x_gpio.o
    0x08003f8e   0x00000012   Code   RO         1340    i.GPIO_ReadOutputDataBit  stm32f10x_gpio.o
    0x08003fa0   0x00000004   Code   RO         1341    i.GPIO_ResetBits    stm32f10x_gpio.o
    0x08003fa4   0x00000004   Code   RO         1342    i.GPIO_SetBits      stm32f10x_gpio.o
    0x08003fa8   0x00000098   Code   RO         1175    i.GregorianDay      bsp_date.o
    0x08004040   0x00000058   Code   RO          555    i.HardFault_Handler  stm32f10x_it.o
    0x08004098   0x00000094   Code   RO          913    i.IO_control        bsp_led.o
    0x0800412c   0x00000024   Code   RO         1085    i.IWDG_Config       bsp_iwdg_fire.o
    0x08004150   0x00000010   Code   RO         3146    i.IWDG_Enable       stm32f10x_iwdg.o
    0x08004160   0x00000008   Code   RO         1086    i.IWDG_Feed         bsp_iwdg_fire.o
    0x08004168   0x00000010   Code   RO         3148    i.IWDG_ReloadCounter  stm32f10x_iwdg.o
    0x08004178   0x0000000c   Code   RO         3149    i.IWDG_SetPrescaler  stm32f10x_iwdg.o
    0x08004184   0x0000000c   Code   RO         3150    i.IWDG_SetReload    stm32f10x_iwdg.o
    0x08004190   0x0000000c   Code   RO         3151    i.IWDG_WriteAccessCmd  stm32f10x_iwdg.o
    0x0800419c   0x0000022c   Code   RO          365    i.InitHardUart      bsp_uart_fifo.o
    0x080043c8   0x00000118   Code   RO         1008    i.InternalFlash_SaveData_1  bsp_internal_flash.o
    0x080044e0   0x000000e0   Code   RO         1009    i.InternalFlash_SaveData_2  bsp_internal_flash.o
    0x080045c0   0x0000007c   Code   RO         1010    i.InternalFlash_SaveData_3  bsp_internal_flash.o
    0x0800463c   0x00000108   Code   RO          721    i.Is_available_data  bsp_emission.o
    0x08004744   0x00000070   Code   RO          722    i.MT2000_sendCommand  bsp_emission.o
    0x080047b4   0x00000004   Code   RO          556    i.MemManage_Handler  stm32f10x_it.o
    0x080047b8   0x00000002   Code   RO          557    i.NMI_Handler       stm32f10x_it.o
    0x080047ba   0x00000002   PAD
    0x080047bc   0x00000070   Code   RO         1284    i.NVIC_Init         misc.o
    0x0800482c   0x00000014   Code   RO         1285    i.NVIC_PriorityGroupConfig  misc.o
    0x08004840   0x0000000c   Code   RO         3078    i.PWR_BackupAccessCmd  stm32f10x_pwr.o
    0x0800484c   0x000003ac   Code   RO          723    i.Pre_EmissionSend  bsp_emission.o
    0x08004bf8   0x00000018   Code   RO         1450    i.RCC_ADCCLKConfig  stm32f10x_rcc.o
    0x08004c10   0x00000020   Code   RO         1451    i.RCC_AHBPeriphClockCmd  stm32f10x_rcc.o
    0x08004c30   0x00000020   Code   RO         1452    i.RCC_APB1PeriphClockCmd  stm32f10x_rcc.o
    0x08004c50   0x00000020   Code   RO         1454    i.RCC_APB2PeriphClockCmd  stm32f10x_rcc.o
    0x08004c70   0x0000000c   Code   RO         1457    i.RCC_BackupResetCmd  stm32f10x_rcc.o
    0x08004c7c   0x00000014   Code   RO         1458    i.RCC_ClearFlag     stm32f10x_rcc.o
    0x08004c90   0x000000d4   Code   RO         1462    i.RCC_GetClocksFreq  stm32f10x_rcc.o
    0x08004d64   0x0000003c   Code   RO         1463    i.RCC_GetFlagStatus  stm32f10x_rcc.o
    0x08004da0   0x00000034   Code   RO         1470    i.RCC_LSEConfig     stm32f10x_rcc.o
    0x08004dd4   0x0000000c   Code   RO         1477    i.RCC_RTCCLKCmd     stm32f10x_rcc.o
    0x08004de0   0x00000010   Code   RO         1478    i.RCC_RTCCLKConfig  stm32f10x_rcc.o
    0x08004df0   0x00000038   Code   RO         1481    i.RCC_WaitForHSEStartUp  stm32f10x_rcc.o
    0x08004e28   0x000000f4   Code   RO         1210    i.RTC_CheckAndConfig  bsp_rtc.o
    0x08004f1c   0x00000010   Code   RO         2981    i.RTC_ClearITPendingBit  stm32f10x_rtc.o
    0x08004f2c   0x000000a4   Code   RO         1211    i.RTC_Configuration  bsp_rtc.o
    0x08004fd0   0x00000014   Code   RO         2982    i.RTC_EnterConfigMode  stm32f10x_rtc.o
    0x08004fe4   0x00000014   Code   RO         2983    i.RTC_ExitConfigMode  stm32f10x_rtc.o
    0x08004ff8   0x0000002c   Code   RO         2984    i.RTC_GetCounter    stm32f10x_rtc.o
    0x08005024   0x00000024   Code   RO         2987    i.RTC_GetITStatus   stm32f10x_rtc.o
    0x08005048   0x00000016   Code   RO          558    i.RTC_IRQHandler    stm32f10x_it.o
    0x0800505e   0x00000002   PAD
    0x08005060   0x00000020   Code   RO         2988    i.RTC_ITConfig      stm32f10x_rtc.o
    0x08005080   0x00000022   Code   RO         1212    i.RTC_NVIC_Config   bsp_rtc.o
    0x080050a2   0x00000002   PAD
    0x080050a4   0x0000001c   Code   RO         2990    i.RTC_SetCounter    stm32f10x_rtc.o
    0x080050c0   0x00000020   Code   RO         2991    i.RTC_SetPrescaler  stm32f10x_rtc.o
    0x080050e0   0x00000014   Code   RO         2992    i.RTC_WaitForLastTask  stm32f10x_rtc.o
    0x080050f4   0x00000024   Code   RO         2993    i.RTC_WaitForSynchro  stm32f10x_rtc.o
    0x08005118   0x00000748   Code   RO          945    i.Send_PC           data_pars.o
    0x08005860   0x00000008   Code   RO         3196    i.SetSysClock       system_stm32f10x.o
    0x08005868   0x000000e0   Code   RO         3197    i.SetSysClockTo72   system_stm32f10x.o
    0x08005948   0x00000020   Code   RO         3923    i.SysTick_Handler   port.o
    0x08005968   0x00000060   Code   RO         3199    i.SystemInit        system_stm32f10x.o
    0x080059c8   0x00000020   Code   RO         1213    i.Time_Adjust       bsp_rtc.o
    0x080059e8   0x000000d8   Code   RO         1214    i.Time_Display      bsp_rtc.o
    0x08005ac0   0x00000010   Code   RO          372    i.UART4_IRQHandler  bsp_uart_fifo.o
    0x08005ad0   0x00000010   Code   RO          373    i.UART5_IRQHandler  bsp_uart_fifo.o
    0x08005ae0   0x00000010   Code   RO          374    i.USART1_IRQHandler  bsp_uart_fifo.o
    0x08005af0   0x00000010   Code   RO          375    i.USART2_IRQHandler  bsp_uart_fifo.o
    0x08005b00   0x00000012   Code   RO         1658    i.USART_ClearFlag   stm32f10x_usart.o
    0x08005b12   0x00000018   Code   RO         1662    i.USART_Cmd         stm32f10x_usart.o
    0x08005b2a   0x00000054   Code   RO         1666    i.USART_GetITStatus  stm32f10x_usart.o
    0x08005b7e   0x0000004a   Code   RO         1668    i.USART_ITConfig    stm32f10x_usart.o
    0x08005bc8   0x000000d8   Code   RO         1669    i.USART_Init        stm32f10x_usart.o
    0x08005ca0   0x0000000a   Code   RO         1676    i.USART_ReceiveData  stm32f10x_usart.o
    0x08005caa   0x00000008   Code   RO         1679    i.USART_SendData    stm32f10x_usart.o
    0x08005cb2   0x00000042   Code   RO          376    i.UartGetChar       bsp_uart_fifo.o
    0x08005cf4   0x000000e6   Code   RO          377    i.UartIRQ           bsp_uart_fifo.o
    0x08005dda   0x0000006a   Code   RO          378    i.UartSend          bsp_uart_fifo.o
    0x08005e44   0x000000ec   Code   RO          379    i.UartVarInit       bsp_uart_fifo.o
    0x08005f30   0x00000004   Code   RO          559    i.UsageFault_Handler  stm32f10x_it.o
    0x08005f34   0x00000020   Code   RO         4300    i.__0printf         mc_w.l(printfa.o)
    0x08005f54   0x00000028   Code   RO         4302    i.__0sprintf        mc_w.l(printfa.o)
    0x08005f7c   0x00000024   Code   RO         4305    i.__0vsnprintf      mc_w.l(printfa.o)
    0x08005fa0   0x0000000e   Code   RO         4432    i.__scatterload_copy  mc_w.l(handlers.o)
    0x08005fae   0x00000002   Code   RO         4433    i.__scatterload_null  mc_w.l(handlers.o)
    0x08005fb0   0x0000000e   Code   RO         4434    i.__scatterload_zeroinit  mc_w.l(handlers.o)
    0x08005fbe   0x00000002   PAD
    0x08005fc0   0x0000000c   Code   RO         4394    i.__set_errno       mc_w.l(errno.o)
    0x08005fcc   0x00000164   Code   RO         4307    i._fp_digits        mc_w.l(printfa.o)
    0x08006130   0x000006dc   Code   RO         4308    i._printf_core      mc_w.l(printfa.o)
    0x0800680c   0x00000024   Code   RO         4309    i._printf_post_padding  mc_w.l(printfa.o)
    0x08006830   0x0000002e   Code   RO         4310    i._printf_pre_padding  mc_w.l(printfa.o)
    0x0800685e   0x00000016   Code   RO         4311    i._snputc           mc_w.l(printfa.o)
    0x08006874   0x0000000a   Code   RO         4312    i._sputc            mc_w.l(printfa.o)
    0x0800687e   0x00000002   PAD
    0x08006880   0x000002a8   Code   RO            5    i.analysis_buff     main.o
    0x08006b28   0x00000018   Code   RO          293    i.bsp_Init          bsp.o
    0x08006b40   0x00000010   Code   RO          380    i.bsp_InitUart      bsp_uart_fifo.o
    0x08006b50   0x000000dc   Code   RO         4043    i.ceil              m_ws.l(ceil.o)
    0x08006c2c   0x000000ac   Code   RO          724    i.clean_alarm_bit_flags  bsp_emission.o
    0x08006cd8   0x0000002c   Code   RO          725    i.clean_all_flags   bsp_emission.o
    0x08006d04   0x000000f0   Code   RO         1011    i.clear_flash_save  bsp_internal_flash.o
    0x08006df4   0x0000001e   Code   RO          386    i.comGetChar        bsp_uart_fifo.o
    0x08006e12   0x0000002e   Code   RO          387    i.comSendBuf        bsp_uart_fifo.o
    0x08006e40   0x00000010   Code   RO          388    i.comSendChar       bsp_uart_fifo.o
    0x08006e50   0x0000001c   Code   RO          855    i.crc_ccitt         crc16.o
    0x08006e6c   0x00001d50   Code   RO          726    i.find_hard_control  bsp_emission.o
    0x08008bbc   0x00000012   Code   RO          390    i.fputc             bsp_uart_fifo.o
    0x08008bce   0x00000002   PAD
    0x08008bd0   0x00000064   Code   RO          727    i.get_Standing_wave_ratio  bsp_emission.o
    0x08008c34   0x00000144   Code   RO          728    i.get_better_SWR    bsp_emission.o
    0x08008d78   0x00000028   Code   RO          730    i.get_history_alm   bsp_emission.o
    0x08008da0   0x000001c0   Code   RO         1012    i.judg_read_flash   bsp_internal_flash.o
    0x08008f60   0x00000270   Code   RO          731    i.juge_isOpen       bsp_emission.o
    0x080091d0   0x000001e4   Code   RO            6    i.main              main.o
    0x080093b4   0x0000007c   Code   RO         1176    i.mktimev           bsp_date.o
    0x08009430   0x00000054   Code   RO         3506    i.prvAddCurrentTaskToDelayedList  tasks.o
    0x08009484   0x00000042   Code   RO         3507    i.prvAllocateTCBAndStack  tasks.o
    0x080094c6   0x00000002   PAD
    0x080094c8   0x0000005c   Code   RO         3827    i.prvCheckForValidListAndQueue  timers.o
    0x08009524   0x00000064   Code   RO         3508    i.prvCheckTasksWaitingTermination  tasks.o
    0x08009588   0x0000002a   Code   RO         3358    i.prvCopyDataFromQueue  queue.o
    0x080095b2   0x00000080   Code   RO         3359    i.prvCopyDataToQueue  queue.o
    0x08009632   0x00000012   Code   RO         3509    i.prvDeleteTCB      tasks.o
    0x08009644   0x00000028   Code   RO         3828    i.prvGetNextExpireTime  timers.o
    0x0800966c   0x0000007c   Code   RO         3993    i.prvHeapInit       heap_4.o
    0x080096e8   0x00000018   Code   RO         3510    i.prvIdleTask       tasks.o
    0x08009700   0x00000062   Code   RO         3511    i.prvInitialiseTCBVariables  tasks.o
    0x08009762   0x00000002   PAD
    0x08009764   0x00000068   Code   RO         3512    i.prvInitialiseTaskLists  tasks.o
    0x080097cc   0x00000068   Code   RO         3994    i.prvInsertBlockIntoFreeList  heap_4.o
    0x08009834   0x00000058   Code   RO         3829    i.prvInsertTimerInActiveList  timers.o
    0x0800988c   0x0000001a   Code   RO         3360    i.prvIsQueueEmpty   queue.o
    0x080098a6   0x0000001e   Code   RO         3361    i.prvIsQueueFull    queue.o
    0x080098c4   0x00000058   Code   RO         3830    i.prvProcessExpiredTimer  timers.o
    0x0800991c   0x000000dc   Code   RO         3831    i.prvProcessReceivedCommands  timers.o
    0x080099f8   0x00000064   Code   RO         3832    i.prvProcessTimerOrBlockTask  timers.o
    0x08009a5c   0x00000034   Code   RO         3514    i.prvResetNextTaskUnblockTime  tasks.o
    0x08009a90   0x0000002c   Code   RO         3833    i.prvSampleTimeNow  timers.o
    0x08009abc   0x00000090   Code   RO         3834    i.prvSwitchTimerLists  timers.o
    0x08009b4c   0x00000024   Code   RO         3924    i.prvTaskExitError  port.o
    0x08009b70   0x0000004c   Code   RO         3516    i.prvTaskIsTaskSuspended  tasks.o
    0x08009bbc   0x0000001e   Code   RO         3242    i.prvTestWaitCondition  event_groups.o
    0x08009bda   0x0000001a   Code   RO         3835    i.prvTimerTask      timers.o
    0x08009bf4   0x0000007e   Code   RO         3362    i.prvUnlockQueue    queue.o
    0x08009c72   0x00000002   PAD
    0x08009c74   0x00000114   Code   RO         3995    i.pvPortMalloc      heap_4.o
    0x08009d88   0x00000020   Code   RO         3517    i.pvTaskIncrementMutexHeldCount  tasks.o
    0x08009da8   0x00000020   Code   RO         3925    i.pxPortInitialiseStack  port.o
    0x08009dc8   0x000001a0   Code   RO          732    i.run_command       bsp_emission.o
    0x08009f68   0x000000c0   Code   RO            7    i.set_alarm_bit     main.o
    0x0800a028   0x0000004c   Code   RO         4047    i.sqrt              m_ws.l(sqrt.o)
    0x0800a074   0x000000cc   Code   RO         1177    i.to_tm             bsp_date.o
    0x0800a140   0x0000006c   Code   RO         1217    i.update_RTCtime    bsp_rtc.o
    0x0800a1ac   0x00000028   Code   RO         3322    i.uxListRemove      list.o
    0x0800a1d4   0x0000001c   Code   RO         3524    i.uxTaskResetEventItemValue  tasks.o
    0x0800a1f0   0x0000001a   Code   RO         3323    i.vListInitialise   list.o
    0x0800a20a   0x00000006   Code   RO         3324    i.vListInitialiseItem  list.o
    0x0800a210   0x00000034   Code   RO         3325    i.vListInsert       list.o
    0x0800a244   0x00000018   Code   RO         3326    i.vListInsertEnd    list.o
    0x0800a25c   0x00000044   Code   RO         3927    i.vPortEnterCritical  port.o
    0x0800a2a0   0x0000002c   Code   RO         3928    i.vPortExitCritical  port.o
    0x0800a2cc   0x00000078   Code   RO         3996    i.vPortFree         heap_4.o
    0x0800a344   0x00000014   Code   RO         3929    i.vPortSetupTimerInterrupt  port.o
    0x0800a358   0x0000005c   Code   RO         3930    i.vPortValidateInterruptPriority  port.o
    0x0800a3b4   0x00000018   Code   RO         3931    i.vPortYield        port.o
    0x0800a3cc   0x00000042   Code   RO         3370    i.vQueueWaitForMessageRestricted  queue.o
    0x0800a40e   0x00000002   PAD
    0x0800a410   0x00000070   Code   RO         3525    i.vTaskDelay        tasks.o
    0x0800a480   0x0000000c   Code   RO         3529    i.vTaskMissedYield  tasks.o
    0x0800a48c   0x00000070   Code   RO         3531    i.vTaskPlaceOnEventList  tasks.o
    0x0800a4fc   0x00000074   Code   RO         3532    i.vTaskPlaceOnEventListRestricted  tasks.o
    0x0800a570   0x00000098   Code   RO         3533    i.vTaskPlaceOnUnorderedEventList  tasks.o
    0x0800a608   0x000000b0   Code   RO         3534    i.vTaskPriorityInherit  tasks.o
    0x0800a6b8   0x00001064   Code   RO            8    i.vTaskReceiveFormPC  main.o
    0x0800b71c   0x00000070   Code   RO            9    i.vTaskReceive_T_H  main.o
    0x0800b78c   0x00000074   Code   RO         3536    i.vTaskResume       tasks.o
    0x0800b800   0x00000a94   Code   RO           10    i.vTaskSendToPC     main.o
    0x0800c294   0x00000024   Code   RO         3538    i.vTaskSetTimeOutState  tasks.o
    0x0800c2b8   0x00000068   Code   RO         3539    i.vTaskStartScheduler  tasks.o
    0x0800c320   0x000000c8   Code   RO         3540    i.vTaskSuspend      tasks.o
    0x0800c3e8   0x00000010   Code   RO         3541    i.vTaskSuspendAll   tasks.o
    0x0800c3f8   0x00000080   Code   RO         3542    i.vTaskSwitchContext  tasks.o
    0x0800c478   0x000000f4   Code   RO          733    i.vTaskTaskTaskEmis_Receive  bsp_emission.o
    0x0800c56c   0x0000165c   Code   RO          734    i.vTaskTaskTaskEmis_Send  bsp_emission.o
    0x0800dbc8   0x0000061c   Code   RO          735    i.vTaskTaskTask_hard_control  bsp_emission.o
    0x0800e1e4   0x00000b88   Code   RO           11    i.vTaskTaskUserIF   main.o
    0x0800ed6c   0x0000024c   Code   RO          736    i.vTaskTask_hard_monitor  bsp_emission.o
    0x0800efb8   0x00000020   Code   RO           12    i.vTimerCallback    main.o
    0x0800efd8   0x00000064   Code   RO           13    i.vTimerCallback2   main.o
    0x0800f03c   0x0000001a   Code   RO         3248    i.xEventGroupCreate  event_groups.o
    0x0800f056   0x000000b2   Code   RO         3250    i.xEventGroupSetBits  event_groups.o
    0x0800f108   0x0000010a   Code   RO         3252    i.xEventGroupWaitBits  event_groups.o
    0x0800f212   0x00000002   PAD
    0x0800f214   0x000000a0   Code   RO         3932    i.xPortStartScheduler  port.o
    0x0800f2b4   0x0000004c   Code   RO         3371    i.xQueueCreateMutex  queue.o
    0x0800f300   0x0000006a   Code   RO         3372    i.xQueueGenericCreate  queue.o
    0x0800f36a   0x0000015a   Code   RO         3373    i.xQueueGenericReceive  queue.o
    0x0800f4c4   0x00000078   Code   RO         3374    i.xQueueGenericReset  queue.o
    0x0800f53c   0x00000142   Code   RO         3375    i.xQueueGenericSend  queue.o
    0x0800f67e   0x000000ac   Code   RO         3376    i.xQueueGenericSendFromISR  queue.o
    0x0800f72a   0x00000002   PAD
    0x0800f72c   0x00000074   Code   RO         3543    i.xTaskCheckForTimeOut  tasks.o
    0x0800f7a0   0x00000138   Code   RO         3544    i.xTaskGenericCreate  tasks.o
    0x0800f8d8   0x000000d8   Code   RO         3545    i.xTaskGenericNotify  tasks.o
    0x0800f9b0   0x00000020   Code   RO         3548    i.xTaskGetSchedulerState  tasks.o
    0x0800f9d0   0x0000000c   Code   RO         3549    i.xTaskGetTickCount  tasks.o
    0x0800f9dc   0x0000013c   Code   RO         3551    i.xTaskIncrementTick  tasks.o
    0x0800fb18   0x000000d4   Code   RO         3553    i.xTaskNotifyWait   tasks.o
    0x0800fbec   0x000000ac   Code   RO         3554    i.xTaskPriorityDisinherit  tasks.o
    0x0800fc98   0x0000008c   Code   RO         3555    i.xTaskRemoveFromEventList  tasks.o
    0x0800fd24   0x00000094   Code   RO         3556    i.xTaskRemoveFromUnorderedEventList  tasks.o
    0x0800fdb8   0x000000e8   Code   RO         3557    i.xTaskResumeAll    tasks.o
    0x0800fea0   0x00000050   Code   RO         3838    i.xTimerCreate      timers.o
    0x0800fef0   0x0000004c   Code   RO         3839    i.xTimerCreateTimerTask  timers.o
    0x0800ff3c   0x00000074   Code   RO         3840    i.xTimerGenericCommand  timers.o
    0x0800ffb0   0x00000200   Data   RO          858    .constdata          crc16.o
    0x080101b0   0x00000030   Data   RO         1178    .constdata          bsp_date.o
    0x080101e0   0x00000040   Data   RO         4427    .constdata          mc_w.l(ctype_c.o)
    0x08010220   0x00000043   Data   RO           15    .conststring        main.o
    0x08010263   0x00000001   PAD
    0x08010264   0x00000177   Data   RO         1218    .conststring        bsp_rtc.o
    0x080103db   0x00000001   PAD
    0x080103dc   0x00000020   Data   RO         4430    Region$$Table       anon$$obj.o


    Execution Region RW_IRAM1 (Base: 0x20000000, Size: 0x0000d208, Max: 0x00010000, ABSOLUTE, COMPRESSED[0x000000d4])

    Base Addr    Size         Type   Attr      Idx    E Section Name        Object

    0x20000000   0x00000048   Data   RW           16    .data               main.o
    0x20000048   0x0000003c   Data   RW          295    .data               bsp.o
    0x20000084   0x00000008   Data   RW          689    .data               bsp_adc.o
    0x2000008c   0x0000004c   Data   RW          738    .data               bsp_emission.o
    0x200000d8   0x00000002   Data   RW          947    .data               data_pars.o
    0x200000da   0x00000002   PAD
    0x200000dc   0x00000038   Data   RW         1014    .data               bsp_internal_flash.o
    0x20000114   0x00000030   Data   RW         1179    .data               bsp_date.o
    0x20000144   0x000000a0   Data   RW         1219    .data               bsp_rtc.o
    0x200001e4   0x00000014   Data   RW         1482    .data               stm32f10x_rcc.o
    0x200001f8   0x00000038   Data   RW         3560    .data               tasks.o
    0x20000230   0x00000010   Data   RW         3843    .data               timers.o
    0x20000240   0x0000000c   Data   RW         3933    .data               port.o
    0x2000024c   0x00000018   Data   RW         4001    .data               heap_4.o
    0x20000264   0x00000004   Data   RW         4381    .data               mc_w.l(stdout.o)
    0x20000268   0x00000004   Data   RW         4395    .data               mc_w.l(errno.o)
    0x2000026c   0x00000870   Zero   RW           14    .bss                main.o
    0x20000adc   0x00000b30   Zero   RW          294    .bss                bsp.o
    0x2000160c   0x000020a0   Zero   RW          391    .bss                bsp_uart_fifo.o
    0x200036ac   0x000014e0   Zero   RW          737    .bss                bsp_emission.o
    0x20004b8c   0x00000004   PAD
    0x20004b90   0x00000209   Zero   RW          946    .bss                data_pars.o
    0x20004d99   0x00000003   PAD
    0x20004d9c   0x00000728   Zero   RW         1013    .bss                bsp_internal_flash.o
    0x200054c4   0x00000118   Zero   RW         3559    .bss                tasks.o
    0x200055dc   0x00000028   Zero   RW         3842    .bss                timers.o
    0x20005604   0x00006400   Zero   RW         4000    .bss                heap_4.o
    0x2000ba04   0x00000004   PAD
    0x2000ba08   0x00001800   Zero   RW         1275    STACK               startup_stm32f10x_hd.o


==============================================================================

Image component sizes


      Code (inc. data)   RO Data    RW Data    ZI Data      Debug   Object Name

       100          8          0         60       2864      15637   bsp.o
       328         16          0          8          0       2305   bsp_adc.o
       480         20         48         48          0       2765   bsp_date.o
     22864       2996          0         76       5344      24760   bsp_emission.o
      3216        502          0         56       1832      13224   bsp_internal_flash.o
        44          0          0          0          0       1082   bsp_iwdg_fire.o
       148         14          0          0          0        585   bsp_led.o
       798        230        375        160          0       4549   bsp_rtc.o
      1568        134          0          0       8352      12061   bsp_uart_fifo.o
        64          6        512          0          0       2089   crc16.o
      4708        812          0          2        521      18716   data_pars.o
       500          0          0          0          0       5863   event_groups.o
       624         64          0         24      25600       4071   heap_4.o
       148          0          0          0          0       3254   list.o
     12040       2598         67         72       2160     295630   main.o
       132         22          0          0          0       1799   misc.o
       670         86          0         12          0       8258   port.o
      1560          0          0          0          0      10750   queue.o
        36          8        304          0       6144        928   startup_stm32f10x_hd.o
       390         10          0          0          0       8173   stm32f10x_adc.o
        72         10          0          0          0       3020   stm32f10x_bkp.o
       416          8          0          0          0       3758   stm32f10x_dma.o
       330         38          0          0          0       5888   stm32f10x_flash.o
       466          6          0          0          0       5659   stm32f10x_gpio.o
       126         48          0          0          0       3506   stm32f10x_it.o
        68         30          0          0          0       2882   stm32f10x_iwdg.o
        12          6          0          0          0        590   stm32f10x_pwr.o
       560         76          0         20          0      10465   stm32f10x_rcc.o
       284         50          0          0          0       6056   stm32f10x_rtc.o
       434          6          0          0          0       6713   stm32f10x_usart.o
       328         28          0          0          0       2097   system_stm32f10x.o
      3870        506          0         56        280      25925   tasks.o
      1114         98          0         16         40       9482   timers.o

    ----------------------------------------------------------------------
     58530       8436       1340        612      53148     522540   Object Totals
         0          0         32          0          0          0   (incl. Generated)
        32          0          2          2         11          0   (incl. Padding)

    ----------------------------------------------------------------------

      Code (inc. data)   RO Data    RW Data    ZI Data      Debug   Library Member Name

       220         16          0          0          0         84   ceil.o
        76          0          0          0          0         84   sqrt.o
        56          8          0          0          0         84   __0sscanf.o
        86          0          0          0          0          0   __dczerorl2.o
        28          0          0          0          0         68   _chval.o
       812          4          0          0          0        112   _scanf.o
       332          0          0          0          0         96   _scanf_int.o
        64          0          0          0          0         84   _sgetc.o
        40          6         64          0          0         68   ctype_c.o
         0          0          0          0          0          0   entry.o
         0          0          0          0          0          0   entry10a.o
         0          0          0          0          0          0   entry11a.o
         8          4          0          0          0          0   entry2.o
         4          0          0          0          0          0   entry5.o
         0          0          0          0          0          0   entry7b.o
         0          0          0          0          0          0   entry8b.o
         8          4          0          0          0          0   entry9a.o
        12          6          0          4          0         68   errno.o
        30          0          0          0          0          0   handlers.o
        36          8          0          0          0         68   init.o
        10          0          0          0          0         68   isspace_c.o
         0          0          0          0          0          0   iusefp.o
        30          0          0          0          0         68   llshl.o
        36          0          0          0          0         68   llsshr.o
        32          0          0          0          0         68   llushr.o
        26          0          0          0          0         80   memcmp.o
        36          0          0          0          0         68   memcpya.o
        36          0          0          0          0        108   memseta.o
      2334        100          0          0          0        744   printfa.o
        40          8          0          0          0         84   scanf_char.o
         0          0          0          4          0          0   stdout.o
        44          0          0          0          0         80   uidiv.o
        98          0          0          0          0         92   uldiv.o
        48          0          0          0          0         68   cdcmple.o
        48          0          0          0          0         68   cdrcmple.o
        20          0          0          0          0         68   cfcmple.o
        20          0          0          0          0         68   cfrcmple.o
        56          0          0          0          0         88   d2f.o
       334          0          0          0          0        148   dadd.o
       222          0          0          0          0        100   ddiv.o
       186          0          0          0          0        176   depilogue.o
        62          0          0          0          0         80   dfixi.o
        48          0          0          0          0         68   dfixul.o
        34          0          0          0          0         76   dflti.o
       228          0          0          0          0         96   dmul.o
       162          0          0          0          0        100   dsqrt.o
        38          0          0          0          0         68   f2d.o
       176          0          0          0          0        140   fadd.o
       124          0          0          0          0         88   fdiv.o
       110          0          0          0          0        168   fepilogue.o
        50          0          0          0          0         68   ffixi.o
        10          0          0          0          0         68   ffltui.o
       100          0          0          0          0         76   fmul.o

    ----------------------------------------------------------------------
      6622        164         64          8          0       4224   Library Totals
        12          0          0          0          0          0   (incl. Padding)

    ----------------------------------------------------------------------

      Code (inc. data)   RO Data    RW Data    ZI Data      Debug   Library Name

       296         16          0          0          0        168   m_ws.l
      4238        148         64          8          0       2176   mc_w.l
      2076          0          0          0          0       1880   mf_w.l

    ----------------------------------------------------------------------
      6622        164         64          8          0       4224   Library Totals

    ----------------------------------------------------------------------

==============================================================================


      Code (inc. data)   RO Data    RW Data    ZI Data      Debug   

     65152       8600       1404        620      53148     512644   Grand Totals
     65152       8600       1404        212      53148     512644   ELF Image Totals (compressed)
     65152       8600       1404        212          0          0   ROM Totals

==============================================================================

    Total RO  Size (Code + RO Data)                66556 (  65.00kB)
    Total RW  Size (RW Data + ZI Data)             53768 (  52.51kB)
    Total ROM Size (Code + RO Data + RW Data)      66768 (  65.20kB)

==============================================================================

