Component: ARM Compiler 5.06 update 6 (build 750) Tool: armlink [4d35ed]

==============================================================================

Section Cross References

    main.o(i.AppObjCreate) refers to queue.o(i.xQueueCreateMutex) for xQueueCreateMutex
    main.o(i.AppObjCreate) refers to main.o(.data) for xMutex
    main.o(i.AppTaskCreate) refers to tasks.o(i.xTaskGenericCreate) for xTaskGenericCreate
    main.o(i.AppTaskCreate) refers to task_w5500.o(.data) for xW5500Task_APP
    main.o(i.AppTaskCreate) refers to task_w5500.o(i.W5500_APP) for W5500_APP
    main.o(i.AppTaskCreate) refers to task_app.o(.data) for xHandleTask_App
    main.o(i.AppTaskCreate) refers to task_app.o(i.Task_App) for Task_App
    main.o(i.AppTaskCreate) refers to task_upper_computer.o(.data) for xHandleTask_Upper_Computer
    main.o(i.AppTaskCreate) refers to task_upper_computer.o(i.Task_Upper_Computer) for Task_Upper_Computer
    main.o(i.AppTaskCreate) refers to task_hardware_monitor.o(.data) for xHandleTask_Hardware_Monitor
    main.o(i.AppTaskCreate) refers to task_hardware_monitor.o(i.Task_Hardware_Monitor) for Task_Hardware_Monitor
    main.o(i.AppTaskCreate) refers to task_mt2000.o(.data) for xHandleTask_MT2000
    main.o(i.AppTaskCreate) refers to task_mt2000.o(i.Task_MT2000) for Task_MT2000
    main.o(i.AppTaskCreate) refers to task_th.o(.data) for xHandleTask_TH
    main.o(i.AppTaskCreate) refers to task_th.o(i.Task_TH) for Task_TH
    main.o(i.AppTaskCreate) refers to task_alarm.o(.data) for xHandleTask_Alarm
    main.o(i.AppTaskCreate) refers to task_alarm.o(i.Task_Alarm) for Task_Alarm
    main.o(i.System_Status_Clean) refers to memseta.o(.text) for __aeabi_memclr4
    main.o(i.System_Status_Clean) refers to main.o(.bss) for System
    main.o(i.System_Status_Init) refers to main.o(i.System_Status_Clean) for System_Status_Clean
    main.o(i.System_Status_Init) refers to main.o(.bss) for System
    main.o(i.System_Status_Update) refers to mt2000_protocol.o(i.Range_Power) for Range_Power
    main.o(i.System_Status_Update) refers to memseta.o(.text) for __aeabi_memclr4
    main.o(i.System_Status_Update) refers to bsp.o(i.Trans_printf) for Trans_printf
    main.o(i.System_Status_Update) refers to stand_wave_rate.o(i.get_Standing_wave_ratio) for get_Standing_wave_ratio
    main.o(i.System_Status_Update) refers to f2d.o(.text) for __aeabi_f2d
    main.o(i.System_Status_Update) refers to mt2000_protocol.o(.bss) for GT2000_Rx
    main.o(i.System_Status_Update) refers to main.o(.bss) for System
    main.o(i.main) refers to firmware_upgrade.o(i.Set_Vector_Table) for Set_Vector_Table
    main.o(i.main) refers to time3_init.o(i.System_Initialization) for System_Initialization
    main.o(i.main) refers to time3_init.o(i.Load_Net_Parameters) for Load_Net_Parameters
    main.o(i.main) refers to w5500.o(i.W5500_Hardware_Reset) for W5500_Hardware_Reset
    main.o(i.main) refers to time3_init.o(i.W5500_Initialization) for W5500_Initialization
    main.o(i.main) refers to bsp.o(i.bsp_Init) for bsp_Init
    main.o(i.main) refers to main.o(i.AppObjCreate) for AppObjCreate
    main.o(i.main) refers to main.o(i.System_Status_Init) for System_Status_Init
    main.o(i.main) refers to alarm.o(i.clean_all_alarm_flags) for clean_all_alarm_flags
    main.o(i.main) refers to mt2000_protocol.o(i.GT2000_Init) for GT2000_Init
    main.o(i.main) refers to firmware_upgrade.o(i.APP_Version_Read) for APP_Version_Read
    main.o(i.main) refers to firmware_upgrade.o(i.Get_APP_Version) for Get_APP_Version
    main.o(i.main) refers to firmware_upgrade.o(i.APP_Version_Write) for APP_Version_Write
    main.o(i.main) refers to bsp_rtc.o(i.RTC_CheckAndConfig) for RTC_CheckAndConfig
    main.o(i.main) refers to stm32f10x_rtc.o(i.RTC_GetCounter) for RTC_GetCounter
    main.o(i.main) refers to bsp_rtc.o(i.update_RTCtime) for update_RTCtime
    main.o(i.main) refers to bsp_iwdg_fire.o(i.IWDG_Config) for IWDG_Config
    main.o(i.main) refers to bsp_internal_flash.o(i.Flash_to_AcceptAPP) for Flash_to_AcceptAPP
    main.o(i.main) refers to bsp_internal_flash.o(i.Flash2_to_AcceptAPP) for Flash2_to_AcceptAPP
    main.o(i.main) refers to bsp_internal_flash.o(i.Flash3_to_AcceptAPP) for Flash3_to_AcceptAPP
    main.o(i.main) refers to bsp_internal_flash.o(i.judg_read_flash) for judg_read_flash
    main.o(i.main) refers to timers.o(i.xTimerCreate) for xTimerCreate
    main.o(i.main) refers to tasks.o(i.xTaskGetTickCount) for xTaskGetTickCount
    main.o(i.main) refers to timers.o(i.xTimerGenericCommand) for xTimerGenericCommand
    main.o(i.main) refers to main.o(i.AppTaskCreate) for AppTaskCreate
    main.o(i.main) refers to tasks.o(i.vTaskStartScheduler) for vTaskStartScheduler
    main.o(i.main) refers to firmware_upgrade.o(.data) for APP_Version_2
    main.o(i.main) refers to main.o(.data) for systmtime
    main.o(i.main) refers to main.o(.bss) for set_time
    main.o(i.main) refers to bsp_internal_flash.o(.data) for flash_3_once_flag
[...]
    RTC_NVIC_Config                          0x08007b8d   Thumb Code    34  bsp_rtc.o(i.RTC_NVIC_Config)
    RTC_SetCounter                           0x08007bb1   Thumb Code    24  stm32f10x_rtc.o(i.RTC_SetCounter)
    RTC_SetPrescaler                         0x08007bcd   Thumb Code    26  stm32f10x_rtc.o(i.RTC_SetPrescaler)
    RTC_WaitForLastTask                      0x08007bed   Thumb Code    16  stm32f10x_rtc.o(i.RTC_WaitForLastTask)
    RTC_WaitForSynchro                       0x08007c01   Thumb Code    30  stm32f10x_rtc.o(i.RTC_WaitForSynchro)
    Range_Power                              0x08007c25   Thumb Code    16  mt2000_protocol.o(i.Range_Power)
    Read_SOCK_Data_Buffer                    0x08007c39   Thumb Code   296  w5500.o(i.Read_SOCK_Data_Buffer)
    Read_W5500_1Byte                         0x08007d69   Thumb Code    62  w5500.o(i.Read_W5500_1Byte)
    Read_W5500_SOCK_1Byte                    0x08007db1   Thumb Code    74  w5500.o(i.Read_W5500_SOCK_1Byte)
    Read_W5500_SOCK_2Byte                    0x08007e05   Thumb Code    98  w5500.o(i.Read_W5500_SOCK_2Byte)
    SPI2_Send_Byte                           0x08007e71   Thumb Code    28  w5500.o(i.SPI2_Send_Byte)
    SPI2_Send_Short                          0x08007e91   Thumb Code    28  w5500.o(i.SPI2_Send_Short)
    SPI_Cmd                                  0x08007ead   Thumb Code    24  stm32f10x_spi.o(i.SPI_Cmd)
    SPI_Configuration                        0x08007ec5   Thumb Code   152  w5500.o(i.SPI_Configuration)
    SPI_I2S_GetFlagStatus                    0x08007f65   Thumb Code    18  stm32f10x_spi.o(i.SPI_I2S_GetFlagStatus)
    SPI_I2S_ReceiveData                      0x08007f77   Thumb Code     6  stm32f10x_spi.o(i.SPI_I2S_ReceiveData)
    SPI_I2S_SendData                         0x08007f7d   Thumb Code     4  stm32f10x_spi.o(i.SPI_I2S_SendData)
    SPI_Init                                 0x08007f81   Thumb Code    60  stm32f10x_spi.o(i.SPI_Init)
    STMFLASH_Read                            0x08007fbd   Thumb Code    34  stmflash.o(i.STMFLASH_Read)
    STMFLASH_ReadHalfWord                    0x08007fdf   Thumb Code     6  stmflash.o(i.STMFLASH_ReadHalfWord)
    STMFLASH_Write                           0x08007fe5   Thumb Code   222  stmflash.o(i.STMFLASH_Write)
    STMFLASH_Write_NoCheck                   0x080080cd   Thumb Code    38  stmflash.o(i.STMFLASH_Write_NoCheck)
    Scan_Breakpoint_Read                     0x080080f5   Thumb Code    32  my_protocol.o(i.Scan_Breakpoint_Read)
    Scan_Breakpoint_Save                     0x08008119   Thumb Code   172  my_protocol.o(i.Scan_Breakpoint_Save)
    Send_PC                                  0x080082d5   Thumb Code  2978  my_protocol.o(i.Send_PC)
    Set_Vector_Table                         0x08008f79   Thumb Code    34  firmware_upgrade.o(i.Set_Vector_Table)
    Socket2_Pack_Creat                       0x08008f9d   Thumb Code    86  task_w5500.o(i.Socket2_Pack_Creat)
    Socket_Connect                           0x0800903d   Thumb Code    70  w5500.o(i.Socket_Connect)
    Socket_Init                              0x08009085   Thumb Code   134  w5500.o(i.Socket_Init)
    Socket_Listen                            0x0800911d   Thumb Code   102  w5500.o(i.Socket_Listen)
    Socket_UDP                               0x08009183   Thumb Code    60  w5500.o(i.Socket_UDP)
    Socketn_Char_Send                        0x080091c1   Thumb Code   300  w5500.o(i.Socketn_Char_Send)
    Startup_GPIO_Init                        0x08009301   Thumb Code   110  bsp_startup.o(i.Startup_GPIO_Init)
    StrToHex                                 0x0800937d   Thumb Code    84  my_protocol.o(i.StrToHex)
    SysTick_Handler                          0x080093d1   Thumb Code    28  port.o(i.SysTick_Handler)
    SystemInit                               0x080093f1   Thumb Code    78  system_stm32f10x.o(i.SystemInit)
    System_Initialization                    0x08009451   Thumb Code    24  time3_init.o(i.System_Initialization)
    System_Status_Clean                      0x08009469   Thumb Code    76  main.o(i.System_Status_Clean)
    System_Status_Init                       0x080094b9   Thumb Code    54  main.o(i.System_Status_Init)
    System_Status_Update                     0x080094f5   Thumb Code   330  main.o(i.System_Status_Update)
    TH_Analyze                               0x080096c5   Thumb Code   256  task_th.o(i.TH_Analyze)
    TH_Cheak                                 0x080097dd   Thumb Code   316  task_th.o(i.TH_Cheak)
    TIM4_IRQHandler                          0x08009939   Thumb Code    80  time3_init.o(i.TIM4_IRQHandler)
    TIM_ClearITPendingBit                    0x08009995   Thumb Code     6  stm32f10x_tim.o(i.TIM_ClearITPendingBit)
    TIM_Cmd                                  0x0800999b   Thumb Code    24  stm32f10x_tim.o(i.TIM_Cmd)
    TIM_GetITStatus                          0x080099b3   Thumb Code    34  stm32f10x_tim.o(i.TIM_GetITStatus)
    TIM_ITConfig                             0x080099d5   Thumb Code    18  stm32f10x_tim.o(i.TIM_ITConfig)
    TIM_TimeBaseInit                         0x080099e9   Thumb Code   122  stm32f10x_tim.o(i.TIM_TimeBaseInit)
    Task_Alarm                               0x08009a8d   Thumb Code   104  task_alarm.o(i.Task_Alarm)
    Task_App                                 0x08009b69   Thumb Code   728  task_app.o(i.Task_App)
    Task_Hardware_Monitor                    0x08009e91   Thumb Code  1556  task_hardware_monitor.o(i.Task_Hardware_Monitor)
    Task_MT2000                              0x0800a4c9   Thumb Code  5598  task_mt2000.o(i.Task_MT2000)
    Task_TH                                  0x0800bad1   Thumb Code   122  task_th.o(i.Task_TH)
    Task_Upper_Computer                      0x0800bb51   Thumb Code  7954  task_upper_computer.o(i.Task_Upper_Computer)
    Time_Adjust                              0x0800dacd   Thumb Code    32  bsp_rtc.o(i.Time_Adjust)
    Time_Printf                              0x0800daed   Thumb Code    44  bsp_rtc.o(i.Time_Printf)
    Timer4_Init_Config                       0x0800db49   Thumb Code    54  time3_init.o(i.Timer4_Init_Config)
    Trans_printf                             0x0800db85   Thumb Code    68  bsp.o(i.Trans_printf)
    UART4_IRQHandler                         0x0800dbd1   Thumb Code    10  bsp_uart_fifo.o(i.UART4_IRQHandler)
    UART5_IRQHandler                         0x0800dbe1   Thumb Code    10  bsp_uart_fifo.o(i.UART5_IRQHandler)
    USART1_IRQHandler                        0x0800dbf1   Thumb Code    10  bsp_uart_fifo.o(i.USART1_IRQHandler)
    USART2_IRQHandler                        0x0800dc01   Thumb Code    10  bsp_uart_fifo.o(i.USART2_IRQHandler)
    USART_ClearFlag                          0x0800dc11   Thumb Code    18  stm32f10x_usart.o(i.USART_ClearFlag)
    USART_Cmd                                0x0800dc23   Thumb Code    24  stm32f10x_usart.o(i.USART_Cmd)
    USART_GetITStatus                        0x0800dc3b   Thumb Code    84  stm32f10x_usart.o(i.USART_GetITStatus)
    USART_ITConfig                           0x0800dc8f   Thumb Code    74  stm32f10x_usart.o(i.USART_ITConfig)
    USART_Init                               0x0800dcd9   Thumb Code   210  stm32f10x_usart.o(i.USART_Init)
    USART_ReceiveData                        0x0800ddb1   Thumb Code    10  stm32f10x_usart.o(i.USART_ReceiveData)
    USART_SendData                           0x0800ddbb   Thumb Code     8  stm32f10x_usart.o(i.USART_SendData)
    UsageFault_Handler                       0x0800e041   Thumb Code     4  stm32f10x_it.o(i.UsageFault_Handler)
    W5500_APP                                0x0800e045   Thumb Code   492  task_w5500.o(i.W5500_APP)
    W5500_GPIO_Configuration                 0x0800e295   Thumb Code   108  w5500.o(i.W5500_GPIO_Configuration)
    W5500_Hardware_Reset                     0x0800e305   Thumb Code    36  w5500.o(i.W5500_Hardware_Reset)
    W5500_Init                               0x0800e32d   Thumb Code   176  w5500.o(i.W5500_Init)
    W5500_Initialization                     0x0800e3ed   Thumb Code    56  time3_init.o(i.W5500_Initialization)
    W5500_NVIC_Configuration                 0x0800e425   Thumb Code    32  w5500.o(i.W5500_NVIC_Configuration)
    W5500_Process                            0x0800e445   Thumb Code   576  w5500.o(i.W5500_Process)
    W5500_Socket_Set                         0x0800e6a9   Thumb Code   386  time3_init.o(i.W5500_Socket_Set)
    Write_SOCK_Data_Buffer                   0x0800e84d   Thumb Code   300  w5500.o(i.Write_SOCK_Data_Buffer)
    Write_W5500_1Byte                        0x0800e98d   Thumb Code    46  w5500.o(i.Write_W5500_1Byte)
    Write_W5500_2Byte                        0x0800e9c1   Thumb Code    46  w5500.o(i.Write_W5500_2Byte)
    Write_W5500_SOCK_1Byte                   0x0800e9f5   Thumb Code    58  w5500.o(i.Write_W5500_SOCK_1Byte)
    Write_W5500_SOCK_2Byte                   0x0800ea35   Thumb Code    58  w5500.o(i.Write_W5500_SOCK_2Byte)
    Write_W5500_SOCK_4Byte                   0x0800ea75   Thumb Code    84  w5500.o(i.Write_W5500_SOCK_4Byte)
    Write_W5500_nByte                        0x0800eacd   Thumb Code    66  w5500.o(i.Write_W5500_nByte)
    __0printf                                0x0800eb15   Thumb Code    22  printfa.o(i.__0printf)
    __1printf                                0x0800eb15   Thumb Code     0  printfa.o(i.__0printf)
    __2printf                                0x0800eb15   Thumb Code     0  printfa.o(i.__0printf)
    __c89printf                              0x0800eb15   Thumb Code     0  printfa.o(i.__0printf)
    printf                                   0x0800eb15   Thumb Code     0  printfa.o(i.__0printf)
    __0sprintf                               0x0800eb35   Thumb Code    34  printfa.o(i.__0sprintf)
    __1sprintf                               0x0800eb35   Thumb Code     0  printfa.o(i.__0sprintf)
    __2sprintf                               0x0800eb35   Thumb Code     0  printfa.o(i.__0sprintf)
    __c89sprintf                             0x0800eb35   Thumb Code     0  printfa.o(i.__0sprintf)
    sprintf                                  0x0800eb35   Thumb Code     0  printfa.o(i.__0sprintf)
    __0vsnprintf                             0x0800eb5d   Thumb Code    40  printfa.o(i.__0vsnprintf)
    __1vsnprintf                             0x0800eb5d   Thumb Code     0  printfa.o(i.__0vsnprintf)
    __2vsnprintf                             0x0800eb5d   Thumb Code     0  printfa.o(i.__0vsnprintf)
    __c89vsnprintf                           0x0800eb5d   Thumb Code     0  printfa.o(i.__0vsnprintf)
    vsnprintf                                0x0800eb5d   Thumb Code     0  printfa.o(i.__0vsnprintf)
    __scatterload_copy                       0x0800eb89   Thumb Code    14  handlers.o(i.__scatterload_copy)
    __scatterload_null                       0x0800eb97   Thumb Code     2  handlers.o(i.__scatterload_null)
    __scatterload_zeroinit                   0x0800eb99   Thumb Code    14  handlers.o(i.__scatterload_zeroinit)
    __set_errno                              0x0800eba9   Thumb Code     6  errno.o(i.__set_errno)
    alarm_printf                             0x0800f489   Thumb Code  1846  alarm.o(i.alarm_printf)
    bsp_Init                                 0x0800fcb1   Thumb Code    24  bsp.o(i.bsp_Init)
    bsp_InitUart                             0x0800fcc9   Thumb Code    16  bsp_uart_fifo.o(i.bsp_InitUart)
    clean_all_alarm_flags                    0x0800fcd9   Thumb Code    38  alarm.o(i.clean_all_alarm_flags)
    clear_flash_save                         0x0800fd09   Thumb Code   216  bsp_internal_flash.o(i.clear_flash_save)
    comClearRxFifo                           0x0800fdf9   Thumb Code    28  bsp_uart_fifo.o(i.comClearRxFifo)
    comGetChar                               0x0800fe15   Thumb Code    30  bsp_uart_fifo.o(i.comGetChar)
    comSendBuf                               0x0800fe33   Thumb Code    46  bsp_uart_fifo.o(i.comSendBuf)
    comSendChar                              0x0800fe61   Thumb Code    16  bsp_uart_fifo.o(i.comSendChar)
    emission_alarm_content_clean             0x0800fe8d   Thumb Code    22  alarm.o(i.emission_alarm_content_clean)
    find_hard_control                        0x0800fea9   Thumb Code  8308  hard_control.o(i.find_hard_control)
    fputc                                    0x08011f55   Thumb Code    18  bsp_uart_fifo.o(i.fputc)
    freq_GT2000Hex_to_PChex                  0x08011f69   Thumb Code    80  my_protocol.o(i.freq_GT2000Hex_to_PChex)
    freq_PChex_to_GT2000                     0x08012029   Thumb Code    98  my_protocol.o(i.freq_PChex_to_GT2000)
    freq_hex_to_str                          0x08012091   Thumb Code   134  my_protocol.o(i.freq_hex_to_str)
    freq_range_judge                         0x08012119   Thumb Code   190  my_protocol.o(i.freq_range_judge)
    freq_str_to_hex                          0x08012229   Thumb Code    50  my_protocol.o(i.freq_str_to_hex)
    func_code_printf                         0x0801225d   Thumb Code   320  my_protocol.o(i.func_code_printf)
    get_Standing_wave_ratio                  0x0801243d   Thumb Code    94  stand_wave_rate.o(i.get_Standing_wave_ratio)
    get_history_alarm                        0x080124a1   Thumb Code   236  alarm.o(i.get_history_alarm)
    iap_write_appbin                         0x0801263d   Thumb Code   106  firmware_upgrade.o(i.iap_write_appbin)
    judg_read_flash                          0x080126a9   Thumb Code   402  bsp_internal_flash.o(i.judg_read_flash)
    judge_is_valid_can_data                  0x08012869   Thumb Code    50  my_protocol.o(i.judge_is_valid_can_data)
    juge_need_close                          0x0801289d   Thumb Code  1690  hard_control.o(i.juge_need_close)
    juge_need_open                           0x08012f41   Thumb Code  1604  hard_control.o(i.juge_need_open)
    juge_need_open_close                     0x0801358d   Thumb Code   118  hard_control.o(i.juge_need_open_close)
    main                                     0x0801360d   Thumb Code   616  main.o(i.main)
    malloc                                   0x080138c9   Thumb Code    92  malloc.o(i.malloc)
    mktimev                                  0x08013935   Thumb Code   120  bsp_date.o(i.mktimev)
    mystrncpy                                0x080139b1   Thumb Code    46  my_protocol.o(i.mystrncpy)
    power_add                                0x080139df   Thumb Code    22  mt2000_protocol.o(i.power_add)
    power_check                              0x080139f5   Thumb Code   156  task_hardware_monitor.o(i.power_check)
    power_sub                                0x08013a9d   Thumb Code    22  mt2000_protocol.o(i.power_sub)
    pvPortMalloc                             0x0801428d   Thumb Code   254  heap_4.o(i.pvPortMalloc)
    pvTaskIncrementMutexHeldCount            0x080143a1   Thumb Code    26  tasks.o(i.pvTaskIncrementMutexHeldCount)
    pxPortInitialiseStack                    0x080143c1   Thumb Code    26  port.o(i.pxPortInitialiseStack)
    set_alarm_bit                            0x080143e1   Thumb Code   214  alarm.o(i.set_alarm_bit)
    set_run_diagram_new_power_level          0x080144c1   Thumb Code    10  my_protocol.o(i.set_run_diagram_new_power_level)
    sqrt                                     0x080144d1   Thumb Code    76  sqrt.o(i.sqrt)
    str_to_10D                               0x0801451d   Thumb Code    36  my_protocol.o(i.str_to_10D)
    swr_power_alarm_check                    0x08014541   Thumb Code   464  alarm.o(i.swr_power_alarm_check)
    to_tm                                    0x08014769   Thumb Code   194  bsp_date.o(i.to_tm)
    update_RTCtime                           0x08014835   Thumb Code    18  bsp_rtc.o(i.update_RTCtime)
    update_status_without_inquire            0x08014849   Thumb Code  1526  my_protocol.o(i.update_status_without_inquire)
    uxListRemove                             0x08014e85   Thumb Code    40  list.o(i.uxListRemove)
    vListInitialise                          0x08014ead   Thumb Code    26  list.o(i.vListInitialise)
    vListInitialiseItem                      0x08014ec7   Thumb Code     6  list.o(i.vListInitialiseItem)
    vListInsert                              0x08014ecd   Thumb Code    52  list.o(i.vListInsert)
    vListInsertEnd                           0x08014f01   Thumb Code    24  list.o(i.vListInsertEnd)
    vPortEnterCritical                       0x08014f19   Thumb Code    58  port.o(i.vPortEnterCritical)
    vPortExitCritical                        0x08014f5d   Thumb Code    40  port.o(i.vPortExitCritical)
    vPortFree                                0x08014f89   Thumb Code   112  heap_4.o(i.vPortFree)
    vPortSetupTimerInterrupt                 0x08015001   Thumb Code    14  port.o(i.vPortSetupTimerInterrupt)
    vPortValidateInterruptPriority           0x08015015   Thumb Code    78  port.o(i.vPortValidateInterruptPriority)
    vPortYield                               0x08015071   Thumb Code    18  port.o(i.vPortYield)
    vQueueWaitForMessageRestricted           0x08015089   Thumb Code    66  queue.o(i.vQueueWaitForMessageRestricted)
    vTaskDelay                               0x080150cd   Thumb Code    94  tasks.o(i.vTaskDelay)
    vTaskMissedYield                         0x0801513d   Thumb Code     8  tasks.o(i.vTaskMissedYield)
    vTaskPlaceOnEventList                    0x08015149   Thumb Code    94  tasks.o(i.vTaskPlaceOnEventList)
    vTaskPlaceOnEventListRestricted          0x080151b9   Thumb Code   100  tasks.o(i.vTaskPlaceOnEventListRestricted)
    vTaskPriorityInherit                     0x0801522d   Thumb Code   164  tasks.o(i.vTaskPriorityInherit)
    vTaskSetTimeOutState                     0x080152dd   Thumb Code    28  tasks.o(i.vTaskSetTimeOutState)
    vTaskStartScheduler                      0x08015301   Thumb Code    80  tasks.o(i.vTaskStartScheduler)
    vTaskSuspendAll                          0x08015369   Thumb Code    12  tasks.o(i.vTaskSuspendAll)
    vTaskSwitchContext                       0x08015379   Thumb Code   106  tasks.o(i.vTaskSwitchContext)
    xPortStartScheduler                      0x080155a1   Thumb Code   140  port.o(i.xPortStartScheduler)
    xQueueCreateMutex                        0x08015641   Thumb Code    76  queue.o(i.xQueueCreateMutex)
    xQueueGenericCreate                      0x0801568d   Thumb Code   106  queue.o(i.xQueueGenericCreate)
    xQueueGenericReceive                     0x080156f7   Thumb Code   346  queue.o(i.xQueueGenericReceive)
    xQueueGenericReset                       0x08015851   Thumb Code   120  queue.o(i.xQueueGenericReset)
    xQueueGenericSend                        0x080158c9   Thumb Code   322  queue.o(i.xQueueGenericSend)
    xQueueGenericSendFromISR                 0x08015a0b   Thumb Code   172  queue.o(i.xQueueGenericSendFromISR)
    xTaskCheckForTimeOut                     0x08015ab9   Thumb Code   108  tasks.o(i.xTaskCheckForTimeOut)
    xTaskGenericCreate                       0x08015b2d   Thumb Code   288  tasks.o(i.xTaskGenericCreate)
    xTaskGenericNotify                       0x08015c65   Thumb Code   202  tasks.o(i.xTaskGenericNotify)
    xTaskGetSchedulerState                   0x08015d3d   Thumb Code    24  tasks.o(i.xTaskGetSchedulerState)
    xTaskGetTickCount                        0x08015d5d   Thumb Code     6  tasks.o(i.xTaskGetTickCount)
    xTaskIncrementTick                       0x08015d69   Thumb Code   272  tasks.o(i.xTaskIncrementTick)
    xTaskNotifyWait                          0x08015ea5   Thumb Code   196  tasks.o(i.xTaskNotifyWait)
    xTaskPriorityDisinherit                  0x08015f79   Thumb Code   160  tasks.o(i.xTaskPriorityDisinherit)
    xTaskRemoveFromEventList                 0x08016025   Thumb Code   114  tasks.o(i.xTaskRemoveFromEventList)
    xTaskResumeAll                           0x080160b1   Thumb Code   200  tasks.o(i.xTaskResumeAll)
    xTimerCreate                             0x08016199   Thumb Code    80  timers.o(i.xTimerCreate)
    xTimerCreateTimerTask                    0x080161e9   Thumb Code    58  timers.o(i.xTimerCreateTimerTask)
    xTimerGenericCommand                     0x08016235   Thumb Code   112  timers.o(i.xTimerGenericCommand)
    crc_tab                                  0x080162b2   Data         512  crc16.o(.constdata)
    Region$$Table$$Base                      0x08016750   Number         0  anon$$obj.o(Region$$Table)
    Region$$Table$$Limit                     0x08016770   Number         0  anon$$obj.o(Region$$Table)
    g_fuc_cod                                0x20000000   Data           2  main.o(.data)
    g_fuc_codToPC                            0x20000002   Data           2  main.o(.data)
    g_inquire_stamp                          0x20000004   Data           4  main.o(.data)
    g_stamp_distance                         0x20000008   Data           4  main.o(.data)
    Sacn_stop                                0x2000000c   Data           2  main.o(.data)
    Add_Power                                0x2000000e   Data           3  main.o(.data)
    Sub_Power                                0x20000011   Data           3  main.o(.data)
    Alarm_backPC                             0x20000014   Data           3  main.o(.data)
    Trans_openBack                           0x20000017   Data           3  main.o(.data)
    Trans_stopBack                           0x2000001a   Data           2  main.o(.data)
    DisalarmBack                             0x2000001c   Data           5  main.o(.data)
    Power_onBack                             0x20000021   Data           2  main.o(.data)
    Power_offBack                            0x20000023   Data           2  main.o(.data)
    Sacn_stopBack                            0x20000025   Data           2  main.o(.data)
    Add_PowerBack                            0x20000027   Data           2  main.o(.data)
    Sub_PowerBack                            0x20000029   Data           2  main.o(.data)
    Run_DiagramBack                          0x2000002b   Data           2  main.o(.data)
    xMutex                                   0x20000030   Data           4  main.o(.data)
    systmtime                                0x20000040   Data          28  main.o(.data)
    adc1_zero_count                          0x2000005c   Data           1  main.o(.data)
    adc3_zero_count                          0x2000005d   Data           1  main.o(.data)
    Hardware_Time_Count                      0x2000005e   Data           1  main.o(.data)
    Status_OPENING_Count                     0x2000005f   Data           1  main.o(.data)
    T_H_cmd                                  0x20000060   Data           8  main.o(.data)
    Gateway_IP                               0x2000006b   Data           4  w5500.o(.data)
    Sub_Mask                                 0x2000006f   Data           4  w5500.o(.data)
    Phy_Addr                                 0x20000073   Data           6  w5500.o(.data)
    IP_Addr                                  0x20000079   Data           4  w5500.o(.data)
    S0_Port                                  0x2000007d   Data           2  w5500.o(.data)
    S0_DIP                                   0x2000007f   Data           4  w5500.o(.data)
    S0_DPort                                 0x20000083   Data           2  w5500.o(.data)
    S1_Port                                  0x20000085   Data           2  w5500.o(.data)
    S1_DIP                                   0x20000087   Data           4  w5500.o(.data)
    S1_DPort                                 0x2000008b   Data           2  w5500.o(.data)
    S2_Port                                  0x2000008d   Data           2  w5500.o(.data)
    S2_DIP                                   0x2000008f   Data           4  w5500.o(.data)
    S2_DPort                                 0x20000093   Data           2  w5500.o(.data)
    S3_Port                                  0x20000095   Data           2  w5500.o(.data)
    S3_DIP                                   0x20000097   Data           4  w5500.o(.data)
    S3_DPort                                 0x2000009b   Data           2  w5500.o(.data)
    UDP_DIPR                                 0x2000009d   Data           4  w5500.o(.data)
    UDP_DPORT                                0x200000a1   Data           2  w5500.o(.data)
    NTP_DIPR                                 0x200000a3   Data           4  w5500.o(.data)
    NTP_DPORT                                0x200000a7   Data           2  w5500.o(.data)
    S0_Mode                                  0x200000a9   Data           1  w5500.o(.data)
    S1_Mode                                  0x200000aa   Data           1  w5500.o(.data)
    S2_Mode                                  0x200000ab   Data           1  w5500.o(.data)
    S3_Mode                                  0x200000ac   Data           1  w5500.o(.data)
    S0_State                                 0x200000ad   Data           1  w5500.o(.data)
    S1_State                                 0x200000ae   Data           1  w5500.o(.data)
    S2_State                                 0x200000af   Data           1  w5500.o(.data)
    S3_State                                 0x200000b0   Data           1  w5500.o(.data)
    S0_Data                                  0x200000b1   Data           1  w5500.o(.data)
    S1_Data                                  0x200000b2   Data           1  w5500.o(.data)
    S2_Data                                  0x200000b3   Data           1  w5500.o(.data)
    S3_Data                                  0x200000b4   Data           1  w5500.o(.data)
    W5500_Interrupt                          0x200000b5   Data           1  w5500.o(.data)
    Timer4_Counter                           0x200000b8   Data           4  time3_init.o(.data)
    Timer4_Counter_2                         0x200000bc   Data           4  time3_init.o(.data)
    NTP_Data                                 0x200000c0   Data          48  ntp.o(.data)
    xHandleTask_TH                           0x200000f0   Data           4  task_th.o(.data)
    Temperature_Humidity                     0x200000f4   Data           8  task_th.o(.data)
    App_Upgrade_Back                         0x20000100   Data           1  task_app.o(.data)
    App_SetID                                0x20000101   Data           7  task_app.o(.data)
    App_SetID_Back                           0x20000108   Data           1  task_app.o(.data)
    xHandleTask_App                          0x2000010c   Data           4  task_app.o(.data)
    RxBuf_FromUpgrade_len                    0x20000110   Data           2  task_app.o(.data)
    xHandleTask_Hardware_Monitor             0x20000114   Data           4  task_hardware_monitor.o(.data)
    Updata_time_flag                         0x20000118   Data           1  task_hardware_monitor.o(.data)
    xHandleTask_Upper_Computer               0x2000011c   Data           4  task_upper_computer.o(.data)
    re_scan_flag                             0x20000124   Data           1  task_mt2000.o(.data)
    Scan_Begin                               0x20000128   Data           4  task_mt2000.o(.data)
    Scan_End                                 0x2000012c   Data           4  task_mt2000.o(.data)
    Old_Forward_Power                        0x20000130   Data           4  task_mt2000.o(.data)
    Power_cataclysm_count                    0x20000134   Data           1  task_mt2000.o(.data)
    xHandleTask_MT2000                       0x20000138   Data           4  task_mt2000.o(.data)
    xHandleTask_Alarm                        0x2000013c   Data           4  task_alarm.o(.data)
    xW5500Task_APP                           0x20000140   Data           4  task_w5500.o(.data)
    W5500_rx_buf_len                         0x20000144   Data           2  task_w5500.o(.data)
    RxBuf_len                                0x20000146   Data           2  task_w5500.o(.data)
    APP_Version_1                            0x20000148   Data           4  firmware_upgrade.o(.data)
    APP_Version_2                            0x2000014c   Data           4  firmware_upgrade.o(.data)
    flash_1_once_flag                        0x20000150   Data           4  bsp_internal_flash.o(.data)
    flash_2_once_flag                        0x20000154   Data           4  bsp_internal_flash.o(.data)
    flash_3_once_flag                        0x20000158   Data           4  bsp_internal_flash.o(.data)
    flash1_IP                                0x2000015c   Data           4  bsp_internal_flash.o(.data)
    flash1_Port                              0x20000160   Data           2  bsp_internal_flash.o(.data)
    flash3_Save                              0x20000162   Data           1  bsp_internal_flash.o(.data)
    Flash_p1                                 0x20000164   Data           4  bsp_internal_flash.o(.data)
    Flash_p2                                 0x20000168   Data           4  bsp_internal_flash.o(.data)
    Flash_p3                                 0x2000016c   Data           4  bsp_internal_flash.o(.data)
    Flash_p4                                 0x20000170   Data           4  bsp_internal_flash.o(.data)
    Flash_p5                                 0x20000174   Data           4  bsp_internal_flash.o(.data)
    Flash_p6                                 0x20000178   Data           4  bsp_internal_flash.o(.data)
    Flash_p7                                 0x2000017c   Data           4  bsp_internal_flash.o(.data)
    Flash_p8                                 0x20000180   Data           4  bsp_internal_flash.o(.data)
    Flash_p9                                 0x20000184   Data           4  bsp_internal_flash.o(.data)
    Flash_p10                                0x20000188   Data           4  bsp_internal_flash.o(.data)
    pxCurrentTCB                             0x200001d0   Data           4  tasks.o(.data)
    __stdout                                 0x2000023c   Data           4  stdout.o(.data)
    __microlib_freelist                      0x20000240   Data           4  mvars.o(.data)
    __microlib_freelist_initialised          0x20000244   Data           4  mvars.o(.data)
    System                                   0x2000024c   Data         169  main.o(.bss)
    Monitor                                  0x200002f5   Data         206  main.o(.bss)
    Run_Diagram_data                         0x200003c3   Data          16  main.o(.bss)
    Alarm                                    0x200003d3   Data          22  main.o(.bss)
    Alarm_threshold                          0x200003e9   Data          39  main.o(.bss)
    PC_Cmd                                   0x20000410   Data          26  main.o(.bss)
    Disalarm                                 0x2000042a   Data           9  main.o(.bss)
    Scan_Frq                                 0x20000433   Data          10  main.o(.bss)
    Run_Diagram                              0x2000043d   Data         104  main.o(.bss)
    Run_Diagram_buf                          0x200004a5   Data        1000  main.o(.bss)
    Work_paraBack                            0x2000088d   Data         116  main.o(.bss)
    Alarm_historyBack                        0x20000901   Data         123  main.o(.bss)
    Scan_FrqBack                             0x2000097c   Data         110  main.o(.bss)
    Scan_FrqBack1                            0x200009ea   Data         110  main.o(.bss)
    Scan_FrqBack2                            0x20000a58   Data         110  main.o(.bss)
    Scan_FrqBack3                            0x20000ac6   Data         110  main.o(.bss)
    Scan_FrqBack4                            0x20000b34   Data         110  main.o(.bss)
    Scan_FrqBack5                            0x20000ba2   Data         110  main.o(.bss)
    Scan_FrqBack6                            0x20000c10   Data         110  main.o(.bss)
    Scan_FrqBack7                            0x20000c7e   Data         110  main.o(.bss)
    Scan_FrqBack8                            0x20000cec   Data         110  main.o(.bss)
    Scan_FrqBack9                            0x20000d5a   Data         110  main.o(.bss)
    Scan_FrqBack10                           0x20000dc8   Data         110  main.o(.bss)
    Scan_FrqBack11                           0x20000e36   Data         110  main.o(.bss)
    Scan_FrqBack12                           0x20000ea4   Data         110  main.o(.bss)
    ADC_ConvertedValueLocal                  0x20000f14   Data          16  main.o(.bss)
    set_time                                 0x20000f24   Data          28  main.o(.bss)
    ADC0_buff                                0x20000f40   Data         200  main.o(.bss)
    ADC1_buff                                0x20001008   Data         200  main.o(.bss)
    ADC2_buff                                0x200010d0   Data         200  main.o(.bss)
    ADC3_buff                                0x20001198   Data         200  main.o(.bss)
    SWR_array                                0x20001260   Data        1024  main.o(.bss)
    Forward_Power_array                      0x20001660   Data        1024  main.o(.bss)
    Reverse_Power_array                      0x20001a60   Data        1024  main.o(.bss)
    freq_band_time_stamp                     0x20001e60   Data          40  main.o(.bss)
    GT2000_Rx                                0x20001e88   Data         107  mt2000_protocol.o(.bss)
    GT2000_Tx                                0x20001ef3   Data         107  mt2000_protocol.o(.bss)
    Emission_Tx                              0x20001f5e   Data         160  mt2000_protocol.o(.bss)
    Emission_Rx                              0x20001ffe   Data         160  mt2000_protocol.o(.bss)
    Socket0_Rx_Buffer                        0x2000209e   Data         512  w5500.o(.bss)
    Socket0_Tx_Buffer                        0x2000229e   Data         256  w5500.o(.bss)
    Socket1_Rx_Buffer                        0x2000239e   Data        2048  w5500.o(.bss)
    Socket1_Tx_Buffer                        0x20002b9e   Data         128  w5500.o(.bss)
    Socket2_Rx_Buffer                        0x20002c1e   Data         128  w5500.o(.bss)
    Socket3_Rx_Buffer                        0x20002c9e   Data         128  w5500.o(.bss)
    STM32_ID                                 0x20002d1e   Data          12  time3_init.o(.bss)
    App_Upgrade                              0x20002d2a   Data        2054  task_app.o(.bss)
    App_Version_Back                         0x20003530   Data          13  task_app.o(.bss)
    RxBuf_FromUpgrade                        0x2000353d   Data        2100  task_app.o(.bss)
    RxBuf                                    0x20003d71   Data        2048  task_app.o(.bss)
    RxBuf_FromPC                             0x20004571   Data         257  task_upper_computer.o(.bss)
    socket2                                  0x20004672   Data         121  task_w5500.o(.bss)
    flash1_arry                              0x2000548c   Data          36  bsp_internal_flash.o(.bss)
    flash2_arry                              0x200054b0   Data        1920  bsp_internal_flash.o(.bss)
    flash_run_diagram                        0x20005c30   Data         100  bsp_internal_flash.o(.bss)
    STMFLASH_BUF                             0x20005c94   Data        2048  stmflash.o(.bss)
    __heap_base                              0x2000b600   Data           0  startup_stm32f10x_hd.o(HEAP)
    __heap_limit                             0x2000ce00   Data           0  startup_stm32f10x_hd.o(HEAP)
    __initial_sp                             0x2000ee00   Data           0  startup_stm32f10x_hd.o(STACK)



==============================================================================

Memory Map of the image

  Image Entry point : 0x08002131

  Load Region LR_IROM1 (Base: 0x08002000, Size: 0x000149bc, Max: 0x00080000, ABSOLUTE, COMPRESSED[0x000147d4])

    Execution Region ER_IROM1 (Exec base: 0x08002000, Load base: 0x08002000, Size: 0x00014770, Max: 0x00080000, ABSOLUTE)

    Exec Addr    Load Addr    Size         Type   Attr      Idx    E Section Name        Object

    0x08002000   0x08002000   0x00000130   Data   RO         2473    RESET               startup_stm32f10x_hd.o
    0x08002130   0x08002130   0x00000000   Code   RO         5633  * .ARM.Collect$$$$00000000  mc_w.l(entry.o)
    0x08002130   0x08002130   0x00000004   Code   RO         6002    .ARM.Collect$$$$00000001  mc_w.l(entry2.o)
    0x08002134   0x08002134   0x00000004   Code   RO         6005    .ARM.Collect$$$$00000004  mc_w.l(entry5.o)
    0x08002138   0x08002138   0x00000000   Code   RO         6007    .ARM.Collect$$$$00000008  mc_w.l(entry7b.o)
    0x08002138   0x08002138   0x00000000   Code   RO         6009    .ARM.Collect$$$$0000000A  mc_w.l(entry8b.o)
    0x08002138   0x08002138   0x00000008   Code   RO         6010    .ARM.Collect$$$$0000000B  mc_w.l(entry9a.o)
    0x08002140   0x08002140   0x00000000   Code   RO         6012    .ARM.Collect$$$$0000000D  mc_w.l(entry10a.o)
    0x08002140   0x08002140   0x00000000   Code   RO         6014    .ARM.Collect$$$$0000000F  mc_w.l(entry11a.o)
    0x08002140   0x08002140   0x00000004   Code   RO         6003    .ARM.Collect$$$$00002712  mc_w.l(entry2.o)
    0x08002144   0x08002144   0x00000006   Code   RO         1514    .emb_text           firmware_upgrade.o
    0x0800214a   0x0800214a   0x00000002   PAD
    0x0800214c   0x0800214c   0x000000a2   Code   RO         5495    .emb_text           port.o
    0x080021ee   0x080021ee   0x00000002   PAD
    0x080021f0   0x080021f0   0x00000024   Code   RO         2474    .text               startup_stm32f10x_hd.o
    0x08002214   0x08002214   0x00000094   Code   RO         5636    .text               mc_w.l(localtime.o)
    0x080022a8   0x080022a8   0x00000024   Code   RO         5640    .text               mc_w.l(memcpya.o)
    0x080022cc   0x080022cc   0x00000024   Code   RO         5642    .text               mc_w.l(memseta.o)
    0x080022f0   0x080022f0   0x00000018   Code   RO         5644    .text               mc_w.l(strcat.o)
    0x08002308   0x08002308   0x0000000e   Code   RO         5646    .text               mc_w.l(strlen.o)
    0x08002316   0x08002316   0x0000001c   Code   RO         5648    .text               mc_w.l(strcmp.o)
    0x08002332   0x08002332   0x0000001a   Code   RO         5650    .text               mc_w.l(memcmp.o)
    0x0800234c   0x0800234c   0x000000b0   Code   RO         5945    .text               mf_w.l(fadd.o)
    0x080023fc   0x080023fc   0x00000064   Code   RO         5947    .text               mf_w.l(fmul.o)
    0x08002460   0x08002460   0x0000007c   Code   RO         5949    .text               mf_w.l(fdiv.o)
    0x080024dc   0x080024dc   0x0000014e   Code   RO         5951    .text               mf_w.l(dadd.o)
    0x0800262a   0x0800262a   0x000000e4   Code   RO         5953    .text               mf_w.l(dmul.o)
    0x0800270e   0x0800270e   0x000000de   Code   RO         5955    .text               mf_w.l(ddiv.o)
    0x080027ec   0x080027ec   0x00000012   Code   RO         5957    .text               mf_w.l(fflti.o)
    0x080027fe   0x080027fe   0x0000000a   Code   RO         5959    .text               mf_w.l(ffltui.o)
    0x08002808   0x08002808   0x00000022   Code   RO         5961    .text               mf_w.l(dflti.o)
    0x0800282a   0x0800282a   0x0000001a   Code   RO         5963    .text               mf_w.l(dfltui.o)
    0x08002844   0x08002844   0x00000032   Code   RO         5965    .text               mf_w.l(ffixi.o)
    0x08002876   0x08002876   0x00000028   Code   RO         5967    .text               mf_w.l(ffixui.o)
    0x0800289e   0x0800289e   0x00000032   Code   RO         5969    .text               mf_w.l(dfixui.o)
    0x080028d0   0x080028d0   0x00000026   Code   RO         5971    .text               mf_w.l(f2d.o)
    0x080028f6   0x080028f6   0x00000002   PAD
    0x080028f8   0x080028f8   0x00000030   Code   RO         5973    .text               mf_w.l(cdcmple.o)
    0x08002928   0x08002928   0x00000030   Code   RO         5975    .text               mf_w.l(cdrcmple.o)
    0x08002958   0x08002958   0x00000038   Code   RO         5977    .text               mf_w.l(d2f.o)
    0x08002990   0x08002990   0x00000014   Code   RO         5979    .text               mf_w.l(cfcmple.o)
    0x080029a4   0x080029a4   0x00000014   Code   RO         5981    .text               mf_w.l(cfrcmple.o)
    0x080029b8   0x080029b8   0x0000002c   Code   RO         6017    .text               mc_w.l(uidiv.o)
    0x080029e4   0x080029e4   0x00000062   Code   RO         6019    .text               mc_w.l(uldiv.o)
    0x08002a46   0x08002a46   0x0000001e   Code   RO         6021    .text               mc_w.l(llshl.o)
    0x08002a64   0x08002a64   0x00000020   Code   RO         6023    .text               mc_w.l(llushr.o)
    0x08002a84   0x08002a84   0x00000024   Code   RO         6025    .text               mc_w.l(llsshr.o)
    0x08002aa8   0x08002aa8   0x00000000   Code   RO         6038    .text               mc_w.l(iusefp.o)
    0x08002aa8   0x08002aa8   0x0000006e   Code   RO         6039    .text               mf_w.l(fepilogue.o)
    0x08002b16   0x08002b16   0x000000ba   Code   RO         6041    .text               mf_w.l(depilogue.o)
    0x08002bd0   0x08002bd0   0x000000a2   Code   RO         6045    .text               mf_w.l(dsqrt.o)
    0x08002c72   0x08002c72   0x00000030   Code   RO         6047    .text               mf_w.l(dfixul.o)
    0x08002ca2   0x08002ca2   0x00000002   PAD
    0x08002ca4   0x08002ca4   0x00000024   Code   RO         6049    .text               mc_w.l(init.o)
    0x08002cc8   0x08002cc8   0x00000056   Code   RO         6091    .text               mc_w.l(__dczerorl2.o)
    0x08002d1e   0x08002d1e   0x00000020   Code   RO         1515    i.APP_Version_Read  firmware_upgrade.o
    0x08002d3e   0x08002d3e   0x0000001c   Code   RO         1516    i.APP_Version_Write  firmware_upgrade.o
    0x08002d5a   0x08002d5a   0x00000002   PAD
    0x08002d5c   0x08002d5c   0x00000038   Code   RO         1172    i.AP_ICC            int_char_change.o
    0x08002d94   0x08002d94   0x0000001c   Code   RO            3    i.AppObjCreate      main.o
    0x08002db0   0x08002db0   0x00000164   Code   RO            4    i.AppTaskCreate     main.o
    0x08002f14   0x08002f14   0x00000002   Code   RO         1610    i.App_printf        bsp.o
    0x08002f16   0x08002f16   0x00000002   PAD
    0x08002f18   0x08002f18   0x00000050   Code   RO         1173    i.Array_ch          int_char_change.o
    0x08002f68   0x08002f68   0x00000010   Code   RO         4092    i.BKP_DeInit        stm32f10x_bkp.o
    0x08002f78   0x08002f78   0x0000001c   Code   RO         4097    i.BKP_ReadBackupRegister  stm32f10x_bkp.o
    0x08002f94   0x08002f94   0x0000001c   Code   RO         4101    i.BKP_WriteBackupRegister  stm32f10x_bkp.o
    0x08002fb0   0x08002fb0   0x0000053c   Code   RO          314    i.Band_scan         my_protocol.o
    0x080034ec   0x080034ec   0x00000028   Code   RO         1517    i.BootLoad_Jump     firmware_upgrade.o
    0x08003514   0x08003514   0x00000028   Code   RO         1518    i.BootLoad_Jump_Recover  firmware_upgrade.o
    0x0800353c   0x0800353c   0x00000004   Code   RO         1666    i.BusFault_Handler  stm32f10x_it.o
    0x08003540   0x08003540   0x00000100   Code   RO          315    i.CAN_data_analyze  my_protocol.o
    0x08003640   0x08003640   0x00000024   Code   RO         2164    i.CRC16_XMODEM      crc16.o
    0x08003664   0x08003664   0x00000134   Code   RO         1292    i.Check_Data_Valid  task_app.o
    0x08003798   0x08003798   0x0000003c   Code   RO         1743    i.ComToUart         bsp_uart_fifo.o
    0x080037d4   0x080037d4   0x0000007c   Code   RO         1744    i.ConfigUartNVIC    bsp_uart_fifo.o
    0x08003850   0x08003850   0x0000000a   Code   RO         1382    i.Convert_byte_order_16  task_upper_computer.o
    0x0800385a   0x0800385a   0x00000002   PAD
    0x0800385c   0x0800385c   0x00000104   Code   RO          316    i.Data_Assemble     my_protocol.o
    0x08003960   0x08003960   0x00000420   Code   RO          317    i.Data_Storage      my_protocol.o
    0x08003d80   0x08003d80   0x00000002   Code   RO         1667    i.DebugMon_Handler  stm32f10x_it.o
    0x08003d82   0x08003d82   0x00000002   PAD
    0x08003d84   0x08003d84   0x000000c8   Code   RO          904    i.Detect_Gateway    w5500.o
    0x08003e4c   0x08003e4c   0x00000020   Code   RO          905    i.EXTI15_10_IRQHandler  w5500.o
    0x08003e6c   0x08003e6c   0x0000000c   Code   RO         4556    i.EXTI_ClearITPendingBit  stm32f10x_exti.o
    0x08003e78   0x08003e78   0x00000028   Code   RO         4560    i.EXTI_GetITStatus  stm32f10x_exti.o
    0x08003ea0   0x08003ea0   0x00000094   Code   RO         4561    i.EXTI_Init         stm32f10x_exti.o
    0x08003f34   0x08003f34   0x0000000c   Code   RO         3042    i.FLASH_ClearFlag   stm32f10x_flash.o
    0x08003f40   0x08003f40   0x0000004c   Code   RO         3047    i.FLASH_ErasePage   stm32f10x_flash.o
    0x08003f8c   0x08003f8c   0x00000034   Code   RO         3048    i.FLASH_GetBank1Status  stm32f10x_flash.o
    0x08003fc0   0x08003fc0   0x00000014   Code   RO         3057    i.FLASH_Lock        stm32f10x_flash.o
    0x08003fd4   0x08003fd4   0x00000040   Code   RO         3060    i.FLASH_ProgramHalfWord  stm32f10x_flash.o
    0x08004014   0x08004014   0x0000006c   Code   RO         3062    i.FLASH_ProgramWord  stm32f10x_flash.o
    0x08004080   0x08004080   0x00000020   Code   RO         1519    i.FLASH_Read        firmware_upgrade.o
    0x080040a0   0x080040a0   0x00000008   Code   RO         1520    i.FLASH_ReadHalfWord  firmware_upgrade.o
    0x080040a8   0x080040a8   0x00000018   Code   RO         3065    i.FLASH_Unlock      stm32f10x_flash.o
    0x080040c0   0x080040c0   0x00000026   Code   RO         3069    i.FLASH_WaitForLastOperation  stm32f10x_flash.o
    0x080040e6   0x080040e6   0x00000002   PAD
    0x080040e8   0x080040e8   0x00000204   Code   RO         2048    i.Flash2_to_AcceptAPP  bsp_internal_flash.o
    0x080042ec   0x080042ec   0x00000024   Code   RO         2049    i.Flash3_to_AcceptAPP  bsp_internal_flash.o
    0x08004310   0x08004310   0x000000d0   Code   RO         2050    i.Flash_Read_Run_Diagram  bsp_internal_flash.o
    0x080043e0   0x080043e0   0x00000174   Code   RO         2051    i.Flash_Save_Run_Diagram  bsp_internal_flash.o
    0x08004554   0x08004554   0x0000009e   Code   RO         1521    i.Flash_Write       firmware_upgrade.o
    0x080045f2   0x080045f2   0x00000002   PAD
    0x080045f4   0x080045f4   0x00000084   Code   RO         2052    i.Flash_to_AcceptAPP  bsp_internal_flash.o
    0x08004678   0x08004678   0x00000040   Code   RO         2527    i.GPIO_EXTILineConfig  stm32f10x_gpio.o
    0x080046b8   0x080046b8   0x00000116   Code   RO         2530    i.GPIO_Init         stm32f10x_gpio.o
    0x080047ce   0x080047ce   0x00000002   PAD
    0x080047d0   0x080047d0   0x00000090   Code   RO         2532    i.GPIO_PinRemapConfig  stm32f10x_gpio.o
    0x08004860   0x08004860   0x00000004   Code   RO         2537    i.GPIO_ResetBits    stm32f10x_gpio.o
    0x08004864   0x08004864   0x00000004   Code   RO         2538    i.GPIO_SetBits      stm32f10x_gpio.o
    0x08004868   0x08004868   0x00000054   Code   RO          480    i.GT2000_Alarm_Stop  mt2000_protocol.o
    0x080048bc   0x080048bc   0x00000010   Code   RO          481    i.GT2000_Buffer_Clean  mt2000_protocol.o
    0x080048cc   0x080048cc   0x0000005c   Code   RO          482    i.GT2000_Close      mt2000_protocol.o
    0x08004928   0x08004928   0x000004d0   Code   RO          483    i.GT2000_Cmd_Analyze  mt2000_protocol.o
    0x08004df8   0x08004df8   0x000004fc   Code   RO          484    i.GT2000_Emit       mt2000_protocol.o
    0x080052f4   0x080052f4   0x00000128   Code   RO          485    i.GT2000_Init       mt2000_protocol.o
    0x0800541c   0x0800541c   0x000000b4   Code   RO          486    i.GT2000_Open       mt2000_protocol.o
    0x080054d0   0x080054d0   0x0000022c   Code   RO          487    i.GT2000_Stop       mt2000_protocol.o
    0x080056fc   0x080056fc   0x000000c4   Code   RO          318    i.GT2000_Tx_freq_Hex_to_PChex  my_protocol.o
    0x080057c0   0x080057c0   0x00000564   Code   RO          488    i.GT2000_Wait_Ack   mt2000_protocol.o
    0x08005d24   0x08005d24   0x000001e4   Code   RO          489    i.GT_Set_Value      mt2000_protocol.o
    0x08005f08   0x08005f08   0x0000011c   Code   RO         1522    i.Get_APP_Version   firmware_upgrade.o
    0x08006024   0x08006024   0x0000001c   Code   RO         1523    i.Get_Application_Address  firmware_upgrade.o
    0x08006040   0x08006040   0x000000bc   Code   RO          319    i.Get_CAN_Data      my_protocol.o
    0x080060fc   0x080060fc   0x0000001c   Code   RO         1524    i.Get_Old_Application_Address  firmware_upgrade.o
    0x08006118   0x08006118   0x00000044   Code   RO         1082    i.Get_STM32_ID      time3_init.o
    0x0800615c   0x0800615c   0x00000098   Code   RO         2384    i.GregorianDay      bsp_date.o
    0x080061f4   0x080061f4   0x00000034   Code   RO          490    i.Gt2000_Close      mt2000_protocol.o
    0x08006228   0x08006228   0x00000034   Code   RO          491    i.Gt2000_Open       mt2000_protocol.o
    0x0800625c   0x0800625c   0x00000034   Code   RO          492    i.Gt2000_Reset      mt2000_protocol.o
    0x08006290   0x08006290   0x00000034   Code   RO          493    i.Gt_Inquire_All    mt2000_protocol.o
    0x080062c4   0x080062c4   0x00000034   Code   RO          494    i.Gt_RF_Close       mt2000_protocol.o
    0x080062f8   0x080062f8   0x00000034   Code   RO          495    i.Gt_RF_Open        mt2000_protocol.o
    0x0800632c   0x0800632c   0x000002c4   Code   RO          496    i.Gt_Set_Freq       mt2000_protocol.o
    0x080065f0   0x080065f0   0x00000140   Code   RO          497    i.Gt_Set_Mode       mt2000_protocol.o
    0x08006730   0x08006730   0x00000094   Code   RO          498    i.Gt_Set_Power      mt2000_protocol.o
    0x080067c4   0x080067c4   0x0000006c   Code   RO         1668    i.HardFault_Handler  stm32f10x_it.o
    0x08006830   0x08006830   0x00000024   Code   RO         2135    i.IWDG_Config       bsp_iwdg_fire.o
    0x08006854   0x08006854   0x00000010   Code   RO         4342    i.IWDG_Enable       stm32f10x_iwdg.o
    0x08006864   0x08006864   0x00000008   Code   RO         2136    i.IWDG_Feed         bsp_iwdg_fire.o
    0x0800686c   0x0800686c   0x00000010   Code   RO         4344    i.IWDG_ReloadCounter  stm32f10x_iwdg.o
    0x0800687c   0x0800687c   0x0000000c   Code   RO         4345    i.IWDG_SetPrescaler  stm32f10x_iwdg.o
    0x08006888   0x08006888   0x0000000c   Code   RO         4346    i.IWDG_SetReload    stm32f10x_iwdg.o
    0x08006894   0x08006894   0x0000000c   Code   RO         4347    i.IWDG_WriteAccessCmd  stm32f10x_iwdg.o
    0x080068a0   0x080068a0   0x0000022c   Code   RO         1745    i.InitHardUart      bsp_uart_fifo.o
    0x08006acc   0x08006acc   0x000001e0   Code   RO         2053    i.InternalFlash_SaveData_1  bsp_internal_flash.o
    0x08006cac   0x08006cac   0x0000013c   Code   RO         2054    i.InternalFlash_SaveData_2  bsp_internal_flash.o
    0x08006de8   0x08006de8   0x0000007c   Code   RO         2055    i.InternalFlash_SaveData_3  bsp_internal_flash.o
    0x08006e64   0x08006e64   0x0000005c   Code   RO         2028    i.LED_GPIO_Config   bsp_led.o
    0x08006ec0   0x08006ec0   0x000001b4   Code   RO         1083    i.Load_Net_Parameters  time3_init.o
    0x08007074   0x08007074   0x00000004   Code   RO         1669    i.MemManage_Handler  stm32f10x_it.o
    0x08007078   0x08007078   0x0000001c   Code   RO         1085    i.My_Delay_xms      time3_init.o
    0x08007094   0x08007094   0x00000002   Code   RO         1670    i.NMI_Handler       stm32f10x_it.o
    0x08007096   0x08007096   0x00000002   PAD
    0x08007098   0x08007098   0x00000014   Code   RO         1223    i.NTP_Pack_Send     ntp.o
    0x080070ac   0x080070ac   0x0000002c   Code   RO         1086    i.NVIC_Configuration  time3_init.o
    0x080070d8   0x080070d8   0x00000070   Code   RO         2480    i.NVIC_Init         misc.o
    0x08007148   0x08007148   0x00000014   Code   RO         2481    i.NVIC_PriorityGroupConfig  misc.o
    0x0800715c   0x0800715c   0x00000014   Code   RO         2482    i.NVIC_SetVectorTable  misc.o
    0x08007170   0x08007170   0x00000584   Code   RO          320    i.Optional_Band_scan  my_protocol.o
    0x080076f4   0x080076f4   0x0000000c   Code   RO         4274    i.PWR_BackupAccessCmd  stm32f10x_pwr.o
    0x08007700   0x08007700   0x0000002c   Code   RO         1176    i.P_ICC             int_char_change.o
    0x0800772c   0x0800772c   0x000000a2   Code   RO          499    i.Power_Range       mt2000_protocol.o
    0x080077ce   0x080077ce   0x00000002   PAD
    0x080077d0   0x080077d0   0x00000030   Code   RO         1087    i.Process_Socket_Data  time3_init.o
    0x08007800   0x08007800   0x00000020   Code   RO         2648    i.RCC_APB1PeriphClockCmd  stm32f10x_rcc.o
    0x08007820   0x08007820   0x00000020   Code   RO         2650    i.RCC_APB2PeriphClockCmd  stm32f10x_rcc.o
    0x08007840   0x08007840   0x0000000c   Code   RO         2653    i.RCC_BackupResetCmd  stm32f10x_rcc.o
    0x0800784c   0x0800784c   0x00000014   Code   RO         2654    i.RCC_ClearFlag     stm32f10x_rcc.o
    0x08007860   0x08007860   0x00000016   Code   RO         1088    i.RCC_Configuration  time3_init.o
    0x08007876   0x08007876   0x00000002   PAD
    0x08007878   0x08007878   0x000000d4   Code   RO         2658    i.RCC_GetClocksFreq  stm32f10x_rcc.o
    0x0800794c   0x0800794c   0x0000003c   Code   RO         2659    i.RCC_GetFlagStatus  stm32f10x_rcc.o
    0x08007988   0x08007988   0x00000034   Code   RO         2666    i.RCC_LSEConfig     stm32f10x_rcc.o
    0x080079bc   0x080079bc   0x0000000c   Code   RO         2673    i.RCC_RTCCLKCmd     stm32f10x_rcc.o
    0x080079c8   0x080079c8   0x00000010   Code   RO         2674    i.RCC_RTCCLKConfig  stm32f10x_rcc.o
    0x080079d8   0x080079d8   0x00000038   Code   RO         2677    i.RCC_WaitForHSEStartUp  stm32f10x_rcc.o
    0x08007a10   0x08007a10   0x0000005c   Code   RO         2419    i.RTC_CheckAndConfig  bsp_rtc.o
    0x08007a6c   0x08007a6c   0x00000010   Code   RO         4177    i.RTC_ClearITPendingBit  stm32f10x_rtc.o
    0x08007a7c   0x08007a7c   0x0000005e   Code   RO         2420    i.RTC_Configuration  bsp_rtc.o
    0x08007ada   0x08007ada   0x00000002   PAD
    0x08007adc   0x08007adc   0x00000014   Code   RO         4178    i.RTC_EnterConfigMode  stm32f10x_rtc.o
    0x08007af0   0x08007af0   0x00000014   Code   RO         4179    i.RTC_ExitConfigMode  stm32f10x_rtc.o
    0x08007b04   0x08007b04   0x0000002c   Code   RO         4180    i.RTC_GetCounter    stm32f10x_rtc.o
    0x08007b30   0x08007b30   0x00000024   Code   RO         4183    i.RTC_GetITStatus   stm32f10x_rtc.o
    0x08007b54   0x08007b54   0x00000016   Code   RO         1671    i.RTC_IRQHandler    stm32f10x_it.o
    0x08007b6a   0x08007b6a   0x00000002   PAD
    0x08007b6c   0x08007b6c   0x00000020   Code   RO         4184    i.RTC_ITConfig      stm32f10x_rtc.o
    0x08007b8c   0x08007b8c   0x00000022   Code   RO         2421    i.RTC_NVIC_Config   bsp_rtc.o
    0x08007bae   0x08007bae   0x00000002   PAD
    0x08007bb0   0x08007bb0   0x0000001c   Code   RO         4186    i.RTC_SetCounter    stm32f10x_rtc.o
    0x08007bcc   0x08007bcc   0x00000020   Code   RO         4187    i.RTC_SetPrescaler  stm32f10x_rtc.o
    0x08007bec   0x08007bec   0x00000014   Code   RO         4188    i.RTC_WaitForLastTask  stm32f10x_rtc.o
    0x08007c00   0x08007c00   0x00000024   Code   RO         4189    i.RTC_WaitForSynchro  stm32f10x_rtc.o
    0x08007c24   0x08007c24   0x00000014   Code   RO          500    i.Range_Power       mt2000_protocol.o
    0x08007c38   0x08007c38   0x00000130   Code   RO          906    i.Read_SOCK_Data_Buffer  w5500.o
    0x08007d68   0x08007d68   0x00000048   Code   RO          907    i.Read_W5500_1Byte  w5500.o
    0x08007db0   0x08007db0   0x00000054   Code   RO          908    i.Read_W5500_SOCK_1Byte  w5500.o
    0x08007e04   0x08007e04   0x0000006c   Code   RO          909    i.Read_W5500_SOCK_2Byte  w5500.o
    0x08007e70   0x08007e70   0x00000020   Code   RO          910    i.SPI2_Send_Byte    w5500.o
    0x08007e90   0x08007e90   0x0000001c   Code   RO          911    i.SPI2_Send_Short   w5500.o
    0x08007eac   0x08007eac   0x00000018   Code   RO         4622    i.SPI_Cmd           stm32f10x_spi.o
    0x08007ec4   0x08007ec4   0x000000a0   Code   RO          912    i.SPI_Configuration  w5500.o
    0x08007f64   0x08007f64   0x00000012   Code   RO         4630    i.SPI_I2S_GetFlagStatus  stm32f10x_spi.o
    0x08007f76   0x08007f76   0x00000006   Code   RO         4633    i.SPI_I2S_ReceiveData  stm32f10x_spi.o
    0x08007f7c   0x08007f7c   0x00000004   Code   RO         4634    i.SPI_I2S_SendData  stm32f10x_spi.o
    0x08007f80   0x08007f80   0x0000003c   Code   RO         4635    i.SPI_Init          stm32f10x_spi.o
    0x08007fbc   0x08007fbc   0x00000022   Code   RO         2222    i.STMFLASH_Read     stmflash.o
    0x08007fde   0x08007fde   0x00000006   Code   RO         2223    i.STMFLASH_ReadHalfWord  stmflash.o
    0x08007fe4   0x08007fe4   0x000000e8   Code   RO         2224    i.STMFLASH_Write    stmflash.o
    0x080080cc   0x080080cc   0x00000026   Code   RO         2225    i.STMFLASH_Write_NoCheck  stmflash.o
    0x080080f2   0x080080f2   0x00000002   PAD
    0x080080f4   0x080080f4   0x00000024   Code   RO          321    i.Scan_Breakpoint_Read  my_protocol.o
    0x08008118   0x08008118   0x000000b0   Code   RO          322    i.Scan_Breakpoint_Save  my_protocol.o
    0x080081c8   0x080081c8   0x0000010c   Code   RO         1293    i.Send_App          task_app.o
    0x080082d4   0x080082d4   0x00000bbc   Code   RO          323    i.Send_PC           my_protocol.o
    0x08008e90   0x08008e90   0x00000008   Code   RO         4769    i.SetSysClock       system_stm32f10x.o
    0x08008e98   0x08008e98   0x000000e0   Code   RO         4770    i.SetSysClockTo72   system_stm32f10x.o
    0x08008f78   0x08008f78   0x00000022   Code   RO         1525    i.Set_Vector_Table  firmware_upgrade.o
    0x08008f9a   0x08008f9a   0x00000002   PAD
    0x08008f9c   0x08008f9c   0x000000a0   Code   RO         1472    i.Socket2_Pack_Creat  task_w5500.o
    0x0800903c   0x0800903c   0x00000046   Code   RO          913    i.Socket_Connect    w5500.o
    0x08009082   0x08009082   0x00000002   PAD
    0x08009084   0x08009084   0x00000098   Code   RO          914    i.Socket_Init       w5500.o
    0x0800911c   0x0800911c   0x00000066   Code   RO          915    i.Socket_Listen     w5500.o
    0x08009182   0x08009182   0x0000003c   Code   RO          916    i.Socket_UDP        w5500.o
    0x080091be   0x080091be   0x00000002   PAD
    0x080091c0   0x080091c0   0x00000140   Code   RO          917    i.Socketn_Char_Send  w5500.o
    0x08009300   0x08009300   0x0000007c   Code   RO         1915    i.Startup_GPIO_Init  bsp_startup.o
    0x0800937c   0x0800937c   0x00000054   Code   RO          324    i.StrToHex          my_protocol.o
    0x080093d0   0x080093d0   0x00000020   Code   RO         5496    i.SysTick_Handler   port.o
    0x080093f0   0x080093f0   0x00000060   Code   RO         4772    i.SystemInit        system_stm32f10x.o
    0x08009450   0x08009450   0x00000018   Code   RO         1089    i.System_Initialization  time3_init.o
    0x08009468   0x08009468   0x00000050   Code   RO            5    i.System_Status_Clean  main.o
    0x080094b8   0x080094b8   0x0000003c   Code   RO            6    i.System_Status_Init  main.o
    0x080094f4   0x080094f4   0x000001d0   Code   RO            7    i.System_Status_Update  main.o
    0x080096c4   0x080096c4   0x00000118   Code   RO         1249    i.TH_Analyze        task_th.o
    0x080097dc   0x080097dc   0x0000015c   Code   RO         1250    i.TH_Cheak          task_th.o
    0x08009938   0x08009938   0x0000005c   Code   RO         1090    i.TIM4_IRQHandler   time3_init.o
    0x08009994   0x08009994   0x00000006   Code   RO         3235    i.TIM_ClearITPendingBit  stm32f10x_tim.o
    0x0800999a   0x0800999a   0x00000018   Code   RO         3240    i.TIM_Cmd           stm32f10x_tim.o
    0x080099b2   0x080099b2   0x00000022   Code   RO         3261    i.TIM_GetITStatus   stm32f10x_tim.o
    0x080099d4   0x080099d4   0x00000012   Code   RO         3265    i.TIM_ITConfig      stm32f10x_tim.o
    0x080099e6   0x080099e6   0x00000002   PAD
    0x080099e8   0x080099e8   0x000000a4   Code   RO         3311    i.TIM_TimeBaseInit  stm32f10x_tim.o
    0x08009a8c   0x08009a8c   0x000000dc   Code   RO         1445    i.Task_Alarm        task_alarm.o
    0x08009b68   0x08009b68   0x00000328   Code   RO         1294    i.Task_App          task_app.o
    0x08009e90   0x08009e90   0x00000638   Code   RO         1348    i.Task_Hardware_Monitor  task_hardware_monitor.o
    0x0800a4c8   0x0800a4c8   0x00001608   Code   RO         1418    i.Task_MT2000       task_mt2000.o
    0x0800bad0   0x0800bad0   0x00000080   Code   RO         1251    i.Task_TH           task_th.o
    0x0800bb50   0x0800bb50   0x00001f7c   Code   RO         1383    i.Task_Upper_Computer  task_upper_computer.o
    0x0800dacc   0x0800dacc   0x00000020   Code   RO         2422    i.Time_Adjust       bsp_rtc.o
    0x0800daec   0x0800daec   0x0000005c   Code   RO         2423    i.Time_Printf       bsp_rtc.o
    0x0800db48   0x0800db48   0x0000003c   Code   RO         1091    i.Timer4_Init_Config  time3_init.o
    0x0800db84   0x0800db84   0x0000004c   Code   RO         1611    i.Trans_printf      bsp.o
    0x0800dbd0   0x0800dbd0   0x00000010   Code   RO         1751    i.UART4_IRQHandler  bsp_uart_fifo.o
    0x0800dbe0   0x0800dbe0   0x00000010   Code   RO         1752    i.UART5_IRQHandler  bsp_uart_fifo.o
    0x0800dbf0   0x0800dbf0   0x00000010   Code   RO         1753    i.USART1_IRQHandler  bsp_uart_fifo.o
    0x0800dc00   0x0800dc00   0x00000010   Code   RO         1754    i.USART2_IRQHandler  bsp_uart_fifo.o
    0x0800dc10   0x0800dc10   0x00000012   Code   RO         2854    i.USART_ClearFlag   stm32f10x_usart.o
    0x0800dc22   0x0800dc22   0x00000018   Code   RO         2858    i.USART_Cmd         stm32f10x_usart.o
    0x0800dc3a   0x0800dc3a   0x00000054   Code   RO         2862    i.USART_GetITStatus  stm32f10x_usart.o
    0x0800dc8e   0x0800dc8e   0x0000004a   Code   RO         2864    i.USART_ITConfig    stm32f10x_usart.o
    0x0800dcd8   0x0800dcd8   0x000000d8   Code   RO         2865    i.USART_Init        stm32f10x_usart.o
    0x0800ddb0   0x0800ddb0   0x0000000a   Code   RO         2872    i.USART_ReceiveData  stm32f10x_usart.o
    0x0800ddba   0x0800ddba   0x00000008   Code   RO         2875    i.USART_SendData    stm32f10x_usart.o
    0x0800ddc2   0x0800ddc2   0x00000042   Code   RO         1755    i.UartGetChar       bsp_uart_fifo.o
    0x0800de04   0x0800de04   0x000000e6   Code   RO         1756    i.UartIRQ           bsp_uart_fifo.o
    0x0800deea   0x0800deea   0x0000006a   Code   RO         1757    i.UartSend          bsp_uart_fifo.o
    0x0800df54   0x0800df54   0x000000ec   Code   RO         1758    i.UartVarInit       bsp_uart_fifo.o
    0x0800e040   0x0800e040   0x00000004   Code   RO         1672    i.UsageFault_Handler  stm32f10x_it.o
    0x0800e044   0x0800e044   0x00000250   Code   RO         1473    i.W5500_APP         task_w5500.o
    0x0800e294   0x0800e294   0x00000070   Code   RO          918    i.W5500_GPIO_Configuration  w5500.o
    0x0800e304   0x0800e304   0x00000028   Code   RO          919    i.W5500_Hardware_Reset  w5500.o
    0x0800e32c   0x0800e32c   0x000000c0   Code   RO          920    i.W5500_Init        w5500.o
    0x0800e3ec   0x0800e3ec   0x00000038   Code   RO         1092    i.W5500_Initialization  time3_init.o
    0x0800e424   0x0800e424   0x00000020   Code   RO          921    i.W5500_NVIC_Configuration  w5500.o
    0x0800e444   0x0800e444   0x00000264   Code   RO          922    i.W5500_Process     w5500.o
    0x0800e6a8   0x0800e6a8   0x000001a4   Code   RO         1093    i.W5500_Socket_Set  time3_init.o
    0x0800e84c   0x0800e84c   0x00000140   Code   RO          923    i.Write_SOCK_Data_Buffer  w5500.o
    0x0800e98c   0x0800e98c   0x00000034   Code   RO          924    i.Write_W5500_1Byte  w5500.o
    0x0800e9c0   0x0800e9c0   0x00000034   Code   RO          925    i.Write_W5500_2Byte  w5500.o
    0x0800e9f4   0x0800e9f4   0x00000040   Code   RO          926    i.Write_W5500_SOCK_1Byte  w5500.o
    0x0800ea34   0x0800ea34   0x00000040   Code   RO          927    i.Write_W5500_SOCK_2Byte  w5500.o
    0x0800ea74   0x0800ea74   0x00000058   Code   RO          928    i.Write_W5500_SOCK_4Byte  w5500.o
    0x0800eacc   0x0800eacc   0x00000048   Code   RO          929    i.Write_W5500_nByte  w5500.o
    0x0800eb14   0x0800eb14   0x00000020   Code   RO         5887    i.__0printf         mc_w.l(printfa.o)
    0x0800eb34   0x0800eb34   0x00000028   Code   RO         5889    i.__0sprintf        mc_w.l(printfa.o)
    0x0800eb5c   0x0800eb5c   0x0000002c   Code   RO         5892    i.__0vsnprintf      mc_w.l(printfa.o)
    0x0800eb88   0x0800eb88   0x0000000e   Code   RO         6085    i.__scatterload_copy  mc_w.l(handlers.o)
    0x0800eb96   0x0800eb96   0x00000002   Code   RO         6086    i.__scatterload_null  mc_w.l(handlers.o)
    0x0800eb98   0x0800eb98   0x0000000e   Code   RO         6087    i.__scatterload_zeroinit  mc_w.l(handlers.o)
    0x0800eba6   0x0800eba6   0x00000002   PAD
    0x0800eba8   0x0800eba8   0x0000000c   Code   RO         6031    i.__set_errno       mc_w.l(errno.o)
    0x0800ebb4   0x0800ebb4   0x00000184   Code   RO         5894    i._fp_digits        mc_w.l(printfa.o)
    0x0800ed38   0x0800ed38   0x000006dc   Code   RO         5895    i._printf_core      mc_w.l(printfa.o)
    0x0800f414   0x0800f414   0x00000024   Code   RO         5896    i._printf_post_padding  mc_w.l(printfa.o)
    0x0800f438   0x0800f438   0x0000002e   Code   RO         5897    i._printf_pre_padding  mc_w.l(printfa.o)
    0x0800f466   0x0800f466   0x00000016   Code   RO         5898    i._snputc           mc_w.l(printfa.o)
    0x0800f47c   0x0800f47c   0x0000000a   Code   RO         5899    i._sputc            mc_w.l(printfa.o)
    0x0800f486   0x0800f486   0x00000002   PAD
    0x0800f488   0x0800f488   0x00000828   Code   RO          718    i.alarm_printf      alarm.o
    0x0800fcb0   0x0800fcb0   0x00000018   Code   RO         1612    i.bsp_Init          bsp.o
    0x0800fcc8   0x0800fcc8   0x00000010   Code   RO         1759    i.bsp_InitUart      bsp_uart_fifo.o
    0x0800fcd8   0x0800fcd8   0x00000030   Code   RO          719    i.clean_all_alarm_flags  alarm.o
    0x0800fd08   0x0800fd08   0x000000f0   Code   RO         2057    i.clear_flash_save  bsp_internal_flash.o
    0x0800fdf8   0x0800fdf8   0x0000001c   Code   RO         1763    i.comClearRxFifo    bsp_uart_fifo.o
    0x0800fe14   0x0800fe14   0x0000001e   Code   RO         1765    i.comGetChar        bsp_uart_fifo.o
    0x0800fe32   0x0800fe32   0x0000002e   Code   RO         1766    i.comSendBuf        bsp_uart_fifo.o
    0x0800fe60   0x0800fe60   0x00000010   Code   RO         1767    i.comSendChar       bsp_uart_fifo.o
    0x0800fe70   0x0800fe70   0x0000001c   Code   RO         2168    i.crc_ccitt         crc16.o
    0x0800fe8c   0x0800fe8c   0x0000001c   Code   RO          720    i.emission_alarm_content_clean  alarm.o
    0x0800fea8   0x0800fea8   0x000020ac   Code   RO          838    i.find_hard_control  hard_control.o
    0x08011f54   0x08011f54   0x00000012   Code   RO         1769    i.fputc             bsp_uart_fifo.o
    0x08011f66   0x08011f66   0x00000002   PAD
    0x08011f68   0x08011f68   0x000000c0   Code   RO          325    i.freq_GT2000Hex_to_PChex  my_protocol.o
    0x08012028   0x08012028   0x00000068   Code   RO          326    i.freq_PChex_to_GT2000  my_protocol.o
    0x08012090   0x08012090   0x00000086   Code   RO          327    i.freq_hex_to_str   my_protocol.o
    0x08012116   0x08012116   0x00000002   PAD
    0x08012118   0x08012118   0x00000110   Code   RO          328    i.freq_range_judge  my_protocol.o
    0x08012228   0x08012228   0x00000032   Code   RO          329    i.freq_str_to_hex   my_protocol.o
    0x0801225a   0x0801225a   0x00000002   PAD
    0x0801225c   0x0801225c   0x000001e0   Code   RO          330    i.func_code_printf  my_protocol.o
    0x0801243c   0x0801243c   0x00000064   Code   RO          783    i.get_Standing_wave_ratio  stand_wave_rate.o
    0x080124a0   0x080124a0   0x0000019c   Code   RO          721    i.get_history_alarm  alarm.o
    0x0801263c   0x0801263c   0x0000006a   Code   RO         1526    i.iap_write_appbin  firmware_upgrade.o
    0x080126a6   0x080126a6   0x00000002   PAD
    0x080126a8   0x080126a8   0x000001c0   Code   RO         2058    i.judg_read_flash   bsp_internal_flash.o
    0x08012868   0x08012868   0x00000032   Code   RO          331    i.judge_is_valid_can_data  my_protocol.o
    0x0801289a   0x0801289a   0x00000002   PAD
    0x0801289c   0x0801289c   0x000006a4   Code   RO          839    i.juge_need_close   hard_control.o
    0x08012f40   0x08012f40   0x0000064c   Code   RO          840    i.juge_need_open    hard_control.o
    0x0801358c   0x0801358c   0x00000080   Code   RO          841    i.juge_need_open_close  hard_control.o
    0x0801360c   0x0801360c   0x000002bc   Code   RO            8    i.main              main.o
    0x080138c8   0x080138c8   0x0000006c   Code   RO         5916    i.malloc            mc_w.l(malloc.o)
    0x08013934   0x08013934   0x0000007c   Code   RO         2385    i.mktimev           bsp_date.o
    0x080139b0   0x080139b0   0x0000002e   Code   RO          332    i.mystrncpy         my_protocol.o
    0x080139de   0x080139de   0x00000016   Code   RO          502    i.power_add         mt2000_protocol.o
    0x080139f4   0x080139f4   0x000000a8   Code   RO         1349    i.power_check       task_hardware_monitor.o
    0x08013a9c   0x08013a9c   0x00000016   Code   RO          503    i.power_sub         mt2000_protocol.o
    0x08013ab2   0x08013ab2   0x00000002   PAD
    0x08013ab4   0x08013ab4   0x00000054   Code   RO         5079    i.prvAddCurrentTaskToDelayedList  tasks.o
    0x08013b08   0x08013b08   0x00000042   Code   RO         5080    i.prvAllocateTCBAndStack  tasks.o
    0x08013b4a   0x08013b4a   0x00000002   PAD
    0x08013b4c   0x08013b4c   0x0000005c   Code   RO         5400    i.prvCheckForValidListAndQueue  timers.o
    0x08013ba8   0x08013ba8   0x00000064   Code   RO         5081    i.prvCheckTasksWaitingTermination  tasks.o
    0x08013c0c   0x08013c0c   0x0000002a   Code   RO         4931    i.prvCopyDataFromQueue  queue.o
    0x08013c36   0x08013c36   0x00000080   Code   RO         4932    i.prvCopyDataToQueue  queue.o
    0x08013cb6   0x08013cb6   0x00000012   Code   RO         5082    i.prvDeleteTCB      tasks.o
    0x08013cc8   0x08013cc8   0x00000028   Code   RO         5401    i.prvGetNextExpireTime  timers.o
    0x08013cf0   0x08013cf0   0x0000007c   Code   RO         5566    i.prvHeapInit       heap_4.o
    0x08013d6c   0x08013d6c   0x00000018   Code   RO         5083    i.prvIdleTask       tasks.o
    0x08013d84   0x08013d84   0x00000062   Code   RO         5084    i.prvInitialiseTCBVariables  tasks.o
    0x08013de6   0x08013de6   0x00000002   PAD
    0x08013de8   0x08013de8   0x00000068   Code   RO         5085    i.prvInitialiseTaskLists  tasks.o
    0x08013e50   0x08013e50   0x00000068   Code   RO         5567    i.prvInsertBlockIntoFreeList  heap_4.o
    0x08013eb8   0x08013eb8   0x00000058   Code   RO         5402    i.prvInsertTimerInActiveList  timers.o
    0x08013f10   0x08013f10   0x0000001a   Code   RO         4933    i.prvIsQueueEmpty   queue.o
    0x08013f2a   0x08013f2a   0x0000001e   Code   RO         4934    i.prvIsQueueFull    queue.o
    0x08013f48   0x08013f48   0x00000058   Code   RO         5403    i.prvProcessExpiredTimer  timers.o
    0x08013fa0   0x08013fa0   0x000000dc   Code   RO         5404    i.prvProcessReceivedCommands  timers.o
    0x0801407c   0x0801407c   0x00000064   Code   RO         5405    i.prvProcessTimerOrBlockTask  timers.o
    0x080140e0   0x080140e0   0x00000034   Code   RO         5087    i.prvResetNextTaskUnblockTime  tasks.o
    0x08014114   0x08014114   0x0000002c   Code   RO         5406    i.prvSampleTimeNow  timers.o
    0x08014140   0x08014140   0x00000090   Code   RO         5407    i.prvSwitchTimerLists  timers.o
    0x080141d0   0x080141d0   0x00000024   Code   RO         5497    i.prvTaskExitError  port.o
    0x080141f4   0x080141f4   0x0000001a   Code   RO         5408    i.prvTimerTask      timers.o
    0x0801420e   0x0801420e   0x0000007e   Code   RO         4935    i.prvUnlockQueue    queue.o
    0x0801428c   0x0801428c   0x00000114   Code   RO         5568    i.pvPortMalloc      heap_4.o
    0x080143a0   0x080143a0   0x00000020   Code   RO         5090    i.pvTaskIncrementMutexHeldCount  tasks.o
    0x080143c0   0x080143c0   0x00000020   Code   RO         5498    i.pxPortInitialiseStack  port.o
    0x080143e0   0x080143e0   0x000000e0   Code   RO          722    i.set_alarm_bit     alarm.o
    0x080144c0   0x080144c0   0x00000010   Code   RO          333    i.set_run_diagram_new_power_level  my_protocol.o
    0x080144d0   0x080144d0   0x0000004c   Code   RO         5626    i.sqrt              m_ws.l(sqrt.o)
    0x0801451c   0x0801451c   0x00000024   Code   RO          334    i.str_to_10D        my_protocol.o
    0x08014540   0x08014540   0x00000228   Code   RO          723    i.swr_power_alarm_check  alarm.o
    0x08014768   0x08014768   0x000000cc   Code   RO         2386    i.to_tm             bsp_date.o
    0x08014834   0x08014834   0x00000012   Code   RO         2424    i.update_RTCtime    bsp_rtc.o
    0x08014846   0x08014846   0x00000002   PAD
    0x08014848   0x08014848   0x0000063c   Code   RO          335    i.update_status_without_inquire  my_protocol.o
    0x08014e84   0x08014e84   0x00000028   Code   RO         4895    i.uxListRemove      list.o
    0x08014eac   0x08014eac   0x0000001a   Code   RO         4896    i.vListInitialise   list.o
    0x08014ec6   0x08014ec6   0x00000006   Code   RO         4897    i.vListInitialiseItem  list.o
    0x08014ecc   0x08014ecc   0x00000034   Code   RO         4898    i.vListInsert       list.o
    0x08014f00   0x08014f00   0x00000018   Code   RO         4899    i.vListInsertEnd    list.o
    0x08014f18   0x08014f18   0x00000044   Code   RO         5500    i.vPortEnterCritical  port.o
    0x08014f5c   0x08014f5c   0x0000002c   Code   RO         5501    i.vPortExitCritical  port.o
    0x08014f88   0x08014f88   0x00000078   Code   RO         5569    i.vPortFree         heap_4.o
    0x08015000   0x08015000   0x00000014   Code   RO         5502    i.vPortSetupTimerInterrupt  port.o
    0x08015014   0x08015014   0x0000005c   Code   RO         5503    i.vPortValidateInterruptPriority  port.o
    0x08015070   0x08015070   0x00000018   Code   RO         5504    i.vPortYield        port.o
    0x08015088   0x08015088   0x00000042   Code   RO         4943    i.vQueueWaitForMessageRestricted  queue.o
    0x080150ca   0x080150ca   0x00000002   PAD
    0x080150cc   0x080150cc   0x00000070   Code   RO         5098    i.vTaskDelay        tasks.o
    0x0801513c   0x0801513c   0x0000000c   Code   RO         5102    i.vTaskMissedYield  tasks.o
    0x08015148   0x08015148   0x00000070   Code   RO         5104    i.vTaskPlaceOnEventList  tasks.o
    0x080151b8   0x080151b8   0x00000074   Code   RO         5105    i.vTaskPlaceOnEventListRestricted  tasks.o
    0x0801522c   0x0801522c   0x000000b0   Code   RO         5107    i.vTaskPriorityInherit  tasks.o
    0x080152dc   0x080152dc   0x00000024   Code   RO         5111    i.vTaskSetTimeOutState  tasks.o
    0x08015300   0x08015300   0x00000068   Code   RO         5112    i.vTaskStartScheduler  tasks.o
    0x08015368   0x08015368   0x00000010   Code   RO         5114    i.vTaskSuspendAll   tasks.o
    0x08015378   0x08015378   0x00000080   Code   RO         5115    i.vTaskSwitchContext  tasks.o
    0x080153f8   0x080153f8   0x0000003c   Code   RO            9    i.vTimerCallback    main.o
    0x08015434   0x08015434   0x000000d8   Code   RO           10    i.vTimerCallback2   main.o
    0x0801550c   0x0801550c   0x00000094   Code   RO           11    i.vTimerCallback3   main.o
    0x080155a0   0x080155a0   0x000000a0   Code   RO         5505    i.xPortStartScheduler  port.o
    0x08015640   0x08015640   0x0000004c   Code   RO         4944    i.xQueueCreateMutex  queue.o
    0x0801568c   0x0801568c   0x0000006a   Code   RO         4945    i.xQueueGenericCreate  queue.o
    0x080156f6   0x080156f6   0x0000015a   Code   RO         4946    i.xQueueGenericReceive  queue.o
    0x08015850   0x08015850   0x00000078   Code   RO         4947    i.xQueueGenericReset  queue.o
    0x080158c8   0x080158c8   0x00000142   Code   RO         4948    i.xQueueGenericSend  queue.o
    0x08015a0a   0x08015a0a   0x000000ac   Code   RO         4949    i.xQueueGenericSendFromISR  queue.o
    0x08015ab6   0x08015ab6   0x00000002   PAD
    0x08015ab8   0x08015ab8   0x00000074   Code   RO         5116    i.xTaskCheckForTimeOut  tasks.o
    0x08015b2c   0x08015b2c   0x00000138   Code   RO         5117    i.xTaskGenericCreate  tasks.o
    0x08015c64   0x08015c64   0x000000d8   Code   RO         5118    i.xTaskGenericNotify  tasks.o
    0x08015d3c   0x08015d3c   0x00000020   Code   RO         5121    i.xTaskGetSchedulerState  tasks.o
    0x08015d5c   0x08015d5c   0x0000000c   Code   RO         5122    i.xTaskGetTickCount  tasks.o
    0x08015d68   0x08015d68   0x0000013c   Code   RO         5124    i.xTaskIncrementTick  tasks.o
    0x08015ea4   0x08015ea4   0x000000d4   Code   RO         5126    i.xTaskNotifyWait   tasks.o
    0x08015f78   0x08015f78   0x000000ac   Code   RO         5127    i.xTaskPriorityDisinherit  tasks.o
    0x08016024   0x08016024   0x0000008c   Code   RO         5128    i.xTaskRemoveFromEventList  tasks.o
    0x080160b0   0x080160b0   0x000000e8   Code   RO         5130    i.xTaskResumeAll    tasks.o
    0x08016198   0x08016198   0x00000050   Code   RO         5411    i.xTimerCreate      timers.o
    0x080161e8   0x080161e8   0x0000004c   Code   RO         5412    i.xTimerCreateTimerTask  timers.o
    0x08016234   0x08016234   0x00000074   Code   RO         5413    i.xTimerGenericCommand  timers.o
    0x080162a8   0x080162a8   0x0000000a   Data   RO         1350    .constdata          task_hardware_monitor.o
    0x080162b2   0x080162b2   0x00000200   Data   RO         2171    .constdata          crc16.o
    0x080164b2   0x080164b2   0x00000002   PAD
    0x080164b4   0x080164b4   0x00000030   Data   RO         2387    .constdata          bsp_date.o
    0x080164e4   0x080164e4   0x0000000c   Data   RO         5638    .constdata          mc_w.l(localtime.o)
    0x080164f0   0x080164f0   0x0000004f   Data   RO          336    .conststring        my_protocol.o
    0x0801653f   0x0801653f   0x00000001   PAD
    0x08016540   0x08016540   0x0000008b   Data   RO          505    .conststring        mt2000_protocol.o
    0x080165cb   0x080165cb   0x00000001   PAD
    0x080165cc   0x080165cc   0x00000181   Data   RO         1385    .conststring        task_upper_computer.o
    0x0801674d   0x0801674d   0x00000003   PAD
    0x08016750   0x08016750   0x00000020   Data   RO         6083    Region$$Table       anon$$obj.o


    Execution Region RW_IRAM1 (Exec base: 0x20000000, Load base: 0x08016770, Size: 0x0000ee00, Max: 0x00010000, ABSOLUTE, COMPRESSED[0x00000064])

    Exec Addr    Load Addr    Size         Type   Attr      Idx    E Section Name        Object

    0x20000000   COMPRESSED   0x0000006a   Data   RW           13    .data               main.o
    0x2000006a   COMPRESSED   0x00000001   Data   RW          337    .data               my_protocol.o
    0x2000006b   COMPRESSED   0x0000004b   Data   RW          931    .data               w5500.o
    0x200000b6   COMPRESSED   0x00000002   PAD
    0x200000b8   COMPRESSED   0x00000008   Data   RW         1095    .data               time3_init.o
    0x200000c0   COMPRESSED   0x00000030   Data   RW         1224    .data               ntp.o
    0x200000f0   COMPRESSED   0x0000000d   Data   RW         1252    .data               task_th.o
    0x200000fd   COMPRESSED   0x00000003   PAD
    0x20000100   COMPRESSED   0x00000012   Data   RW         1296    .data               task_app.o
    0x20000112   COMPRESSED   0x00000002   PAD
    0x20000114   COMPRESSED   0x00000006   Data   RW         1351    .data               task_hardware_monitor.o
    0x2000011a   COMPRESSED   0x00000002   PAD
    0x2000011c   COMPRESSED   0x00000005   Data   RW         1386    .data               task_upper_computer.o
    0x20000121   COMPRESSED   0x00000003   PAD
    0x20000124   COMPRESSED   0x00000018   Data   RW         1419    .data               task_mt2000.o
    0x2000013c   COMPRESSED   0x00000004   Data   RW         1446    .data               task_alarm.o
    0x20000140   COMPRESSED   0x00000008   Data   RW         1475    .data               task_w5500.o
    0x20000148   COMPRESSED   0x00000008   Data   RW         1527    .data               firmware_upgrade.o
    0x20000150   COMPRESSED   0x0000003c   Data   RW         2060    .data               bsp_internal_flash.o
    0x2000018c   COMPRESSED   0x00000030   Data   RW         2388    .data               bsp_date.o
    0x200001bc   COMPRESSED   0x00000014   Data   RW         2678    .data               stm32f10x_rcc.o
    0x200001d0   COMPRESSED   0x00000038   Data   RW         5133    .data               tasks.o
    0x20000208   COMPRESSED   0x00000010   Data   RW         5416    .data               timers.o
    0x20000218   COMPRESSED   0x0000000c   Data   RW         5506    .data               port.o
    0x20000224   COMPRESSED   0x00000018   Data   RW         5574    .data               heap_4.o
    0x2000023c   COMPRESSED   0x00000004   Data   RW         6016    .data               mc_w.l(stdout.o)
    0x20000240   COMPRESSED   0x00000004   Data   RW         6027    .data               mc_w.l(mvars.o)
    0x20000244   COMPRESSED   0x00000004   Data   RW         6028    .data               mc_w.l(mvars.o)
    0x20000248   COMPRESSED   0x00000004   Data   RW         6032    .data               mc_w.l(errno.o)
    0x2000024c        -       0x00001c3c   Zero   RW           12    .bss                main.o
    0x20001e88        -       0x00000216   Zero   RW          504    .bss                mt2000_protocol.o
    0x2000209e        -       0x00000c80   Zero   RW          930    .bss                w5500.o
    0x20002d1e        -       0x0000000c   Zero   RW         1094    .bss                time3_init.o
    0x20002d2a        -       0x00001847   Zero   RW         1295    .bss                task_app.o
    0x20004571        -       0x00000101   Zero   RW         1384    .bss                task_upper_computer.o
    0x20004672        -       0x00000079   Zero   RW         1474    .bss                task_w5500.o
    0x200046eb        -       0x00000da0   Zero   RW         1770    .bss                bsp_uart_fifo.o
    0x2000548b   COMPRESSED   0x00000001   PAD
    0x2000548c        -       0x00000808   Zero   RW         2059    .bss                bsp_internal_flash.o
    0x20005c94        -       0x00000800   Zero   RW         2226    .bss                stmflash.o
    0x20006494        -       0x00000118   Zero   RW         5132    .bss                tasks.o
    0x200065ac        -       0x00000028   Zero   RW         5415    .bss                timers.o
    0x200065d4        -       0x00005000   Zero   RW         5573    .bss                heap_4.o
    0x2000b5d4        -       0x0000002c   Zero   RW         5637    .bss                mc_w.l(localtime.o)
    0x2000b600        -       0x00001800   Zero   RW         2472    HEAP                startup_stm32f10x_hd.o
    0x2000ce00        -       0x00002000   Zero   RW         2471    STACK               startup_stm32f10x_hd.o


==============================================================================

Image component sizes


      Code (inc. data)   RO Data    RW Data    ZI Data      Debug   Object Name

      3352        946          0          0          0       4154   alarm.o
       102          8          0          0          0       2087   bsp.o
       480         20         48         48          0       2689   bsp_date.o
      2872        384          0         60       2056      12936   bsp_internal_flash.o
        44          0          0          0          0       1054   bsp_iwdg_fire.o
        92          6          0          0          0        542   bsp_led.o
       362         48          0          0          0       3780   bsp_rtc.o
       124         14          0          0          0        560   bsp_startup.o
      1596        132          0          0       3488      11138   bsp_uart_fifo.o
        64          6        512          0          0       2005   crc16.o
         0          0          0          0          0       1472   event_groups.o
       824         40          0          8          0       9673   firmware_upgrade.o
     11804        558          0          0          0       7150   hard_control.o
       624         64          0         24      20480       3951   heap_4.o
       180         22          0          0          0       2368   int_char_change.o
       148          0          0          0          0       3130   list.o
      2112        450          0        106       7228     318499   main.o
       152         30          0          0          0       2317   misc.o
      7310       1632        139          0        534      22936   mt2000_protocol.o
     10984       1994         79          1          0      22411   my_protocol.o
        20          6          0         48          0       1655   ntp.o
       670         86          0         12          0       7978   port.o
      1560          0          0          0          0      10726   queue.o
       100          6          0          0          0       1958   stand_wave_rate.o
        36          8        304          0      14336        916   startup_stm32f10x_hd.o
        72         10          0          0          0       2936   stm32f10x_bkp.o
       200         18          0          0          0       2356   stm32f10x_exti.o
       394         42          0          0          0       6468   stm32f10x_flash.o
       494         10          0          0          0       4852   stm32f10x_gpio.o
       146         58          0          0          0       3350   stm32f10x_it.o
        68         30          0          0          0       2762   stm32f10x_iwdg.o
        12          6          0          0          0        566   stm32f10x_pwr.o
       504         64          0         20          0       8926   stm32f10x_rcc.o
       284         50          0          0          0       5852   stm32f10x_rtc.o
       112          0          0          0          0       4190   stm32f10x_spi.o
       246         42          0          0          0       3910   stm32f10x_tim.o
       434          6          0          0          0       6573   stm32f10x_usart.o
       310         10          0          0       2048       3537   stmflash.o
       328         28          0          0          0       2001   system_stm32f10x.o
       220        116          0          4          0        837   task_alarm.o
      1384        108          0         18       6215      28697   task_app.o
      1760        100         10          6          0       2506   task_hardware_monitor.o
      5640       1462          0         24          0       4680   task_mt2000.o
       756         62          0         13          0      15192   task_th.o
      8070       1114        385          5        257       5852   task_upper_computer.o
       752        174          0          8        121       4210   task_w5500.o
      3150        412          0         56        280      21607   tasks.o
      1298        134          0          8         12       6867   time3_init.o
      1114         98          0         16         40       9358   timers.o
      3424        218          0         75       3200      22554   w5500.o

    ----------------------------------------------------------------------
     76846      10832       1516        572      60296     638724   Object Totals
         0          0         32          0          0          0   (incl. Generated)
        62          0          7         12          1          0   (incl. Padding)

    ----------------------------------------------------------------------

      Code (inc. data)   RO Data    RW Data    ZI Data      Debug   Library Member Name

        76          0          0          0          0         84   sqrt.o
        86          0          0          0          0          0   __dczerorl2.o
         0          0          0          0          0          0   entry.o
         0          0          0          0          0          0   entry10a.o
         0          0          0          0          0          0   entry11a.o
         8          4          0          0          0          0   entry2.o
         4          0          0          0          0          0   entry5.o
         0          0          0          0          0          0   entry7b.o
         0          0          0          0          0          0   entry8b.o
         8          4          0          0          0          0   entry9a.o
        12          6          0          4          0         68   errno.o
        30          0          0          0          0          0   handlers.o
        36          8          0          0          0         68   init.o
         0          0          0          0          0          0   iusefp.o
        30          0          0          0          0         68   llshl.o
        36          0          0          0          0         68   llsshr.o
        32          0          0          0          0         68   llushr.o
       148         10         12          0         44         76   localtime.o
       108         16          0          0          0         84   malloc.o
        26          0          0          0          0         80   memcmp.o
        36          0          0          0          0         68   memcpya.o
        36          0          0          0          0        108   memseta.o
         0          0          0          8          0          0   mvars.o
      2374        100          0          0          0        752   printfa.o
         0          0          0          4          0          0   stdout.o
        24          0          0          0          0         68   strcat.o
        28          0          0          0          0         76   strcmp.o
        14          0          0          0          0         68   strlen.o
        44          0          0          0          0         80   uidiv.o
        98          0          0          0          0         92   uldiv.o
        48          0          0          0          0         68   cdcmple.o
        48          0          0          0          0         68   cdrcmple.o
        20          0          0          0          0         68   cfcmple.o
        20          0          0          0          0         68   cfrcmple.o
        56          0          0          0          0         88   d2f.o
       334          0          0          0          0        148   dadd.o
       222          0          0          0          0        100   ddiv.o
       186          0          0          0          0        176   depilogue.o
        50          0          0          0          0         76   dfixui.o
        48          0          0          0          0         68   dfixul.o
        34          0          0          0          0         76   dflti.o
        26          0          0          0          0         76   dfltui.o
       228          0          0          0          0         96   dmul.o
       162          0          0          0          0        100   dsqrt.o
        38          0          0          0          0         68   f2d.o
       176          0          0          0          0        140   fadd.o
       124          0          0          0          0         88   fdiv.o
       110          0          0          0          0        168   fepilogue.o
        50          0          0          0          0         68   ffixi.o
        40          0          0          0          0         68   ffixui.o
        18          0          0          0          0         68   fflti.o
        10          0          0          0          0         68   ffltui.o
       100          0          0          0          0         76   fmul.o

    ----------------------------------------------------------------------
      5450        148         12         16         44       4064   Library Totals
         8          0          0          0          0          0   (incl. Padding)

    ----------------------------------------------------------------------

      Code (inc. data)   RO Data    RW Data    ZI Data      Debug   Library Name

        76          0          0          0          0         84   m_ws.l
      3218        148         12         16         44       1892   mc_w.l
      2148          0          0          0          0       2088   mf_w.l

    ----------------------------------------------------------------------
      5450        148         12         16         44       4064   Library Totals

    ----------------------------------------------------------------------

==============================================================================


      Code (inc. data)   RO Data    RW Data    ZI Data      Debug   

     82296      10980       1528        588      60340     623884   Grand Totals
     82296      10980       1528        100      60340     623884   ELF Image Totals (compressed)
     82296      10980       1528        100          0          0   ROM Totals

==============================================================================

    Total RO  Size (Code + RO Data)                83824 (  81.86kB)
    Total RW  Size (RW Data + ZI Data)             60928 (  59.50kB)
    Total ROM Size (Code + RO Data + RW Data)      83924 (  81.96kB)

==============================================================================

