<html>
<body>
<pre>
<h1>礦ision Build Log</h1>
<h2>Tool Versions:</h2>
IDE-Version: μVision V5.15
Copyright (C) 2015 ARM Ltd and ARM Germany GmbH. All rights reserved.
License Information: luo rh, Royce, LIC=HF82Z-JAFKG-LVC1I-TESP8-JACN6-UUDQA
 
Tool Versions:
Toolchain:       MDK-ARM Professional  Version: 5.15.0
Toolchain Path:  D:\Keil5\Keil_v5\ARM\ARMCC\Bin
C Compiler:      Armcc.exe V5.05 update 2 (build 169)
Assembler:       Armasm.exe V5.05 update 2 (build 169)
Linker/Locator:  ArmLink.exe V5.05 update 2 (build 169)
Library Manager: ArmAr.exe V5.05 update 2 (build 169)
Hex Converter:   FromElf.exe V5.05 update 2 (build 169)
CPU DLL:         SARMCM3.DLL V5.15.0
Dialog DLL:      DARMSTM.DLL V1.65.0.0
Target DLL:      STLink\ST-LINKIII-KEIL_SWO.dll V2.0.15.0_KEIL
Dialog DLL:      TARMSTM.DLL V1.64.0.0
 
<h2>Project:</h2>
C:\Users\Luo\Desktop\Work\Code\测试版本7.23\更改运行图时间bug7.16\Project\MDK-ARM(uV4)\project.uvproj
Project File Date:  07/27/2018

<h2>Output:</h2>
*** Using Compiler 'V5.05 update 2 (build 169)', folder: 'D:\Keil5\Keil_v5\ARM\ARMCC\Bin'
Rebuild target 'siwei_v1'
compiling main.c...
compiling bsp.c...
compiling bsp_uart_fifo.c...
compiling stm32f10x_it.c...
compiling bsp_tim_pwm.c...
compiling stm32f10x_assert.c...
compiling bsp_adc.c...
compiling bsp_emission.c...
compiling crc16.c...
compiling bsp_led.c...
compiling Data_pars.c...
compiling bsp_internal_flash.c...
compiling bsp_iwdg_fire.c...
compiling bsp_calendar.c...
compiling bsp_date.c...
compiling bsp_rtc.c...
assembling startup_stm32f10x_hd.s...
compiling misc.c...
compiling stm32f10x_gpio.c...
compiling stm32f10x_rcc.c...
compiling stm32f10x_usart.c...
compiling stm32f10x_flash.c...
compiling stm32f10x_tim.c...
compiling stm32f10x_dma.c...
compiling stm32f10x_adc.c...
compiling stm32f10x_bkp.c...
compiling stm32f10x_rtc.c...
compiling stm32f10x_pwr.c...
compiling stm32f10x_iwdg.c...
compiling system_stm32f10x.c...
compiling croutine.c...
compiling event_groups.c...
compiling list.c...
compiling queue.c...
compiling tasks.c...
compiling timers.c...
compiling port.c...
compiling heap_4.c...
linking...
Program Size: Code=65152 RO-data=1404 RW-data=620 ZI-data=53148  
FromELF: creating hex file...
".\Flash\Obj\output.axf" - 0 Error(s), 0 Warning(s).
</pre>
</body>
</html>
